09-09 22:16:04.148  5114  5263 D SQLiteQueryBuilder: Performing query: SELECT _id, paramname, paramvalue, iswritable, notificationmode FROM tr069table WHERE (paramname='Device.WiFi.Radio.1.Stats.X_B4F2E8_PERWindow')
09-09 22:16:04.149  5114  5263 D SQLiteCursor: received count(*) from native_fill_window: 1
09-09 22:16:04.149  5114  5263 D WiFiParams: WIFI getParameterValue: strName = Device.WiFi.Radio.1.Stats.X_B4F2E8_currentShortTermWindow and strValue = 0
09-09 22:16:04.149  5114  5263 D WiFiParams: WIFI getParameterValue: strName = Device.WiFi.Radio.1.Stats.X_B4F2E8_shortTermRxPackets
09-09 22:16:04.150  5114  5263 D SQLiteQueryBuilder: Performing query: SELECT _id, paramname, paramvalue, iswritable, notificationmode FROM tr069table WHERE (paramname='Device.WiFi.Radio.1.Stats.X_B4F2E8_PERWindow')
09-09 22:16:04.150  4432  4535 D SQLiteCursor: received count(*) from native_fill_window: 1
09-09 22:16:04.151  5114  5263 D SQLiteCursor: received count(*) from native_fill_window: 1
09-09 22:16:04.151  5114  5263 D WiFiParams: WIFI getParameterValue: strName = Device.WiFi.Radio.1.Stats.X_B4F2E8_shortTermRxPackets and strValue = 0
09-09 22:16:04.151  5114  5263 D WiFiParams: WIFI getParameterValue: strName = Device.WiFi.Radio.1.Stats.X_B4F2E8_shortTermUncorrectablePackets
09-09 22:16:04.151  5114  5263 D SQLiteQueryBuilder: Performing query: SELECT _id, paramname, paramvalue, iswritable, notificationmode FROM tr069table WHERE (paramname='Device.WiFi.Radio.1.Stats.X_B4F2E8_PERWindow')
09-09 22:16:04.152  4432  4535 D SQLiteQueryBuilder: Performing query: SELECT _id, _data, format, date_modified FROM files WHERE (_data=?)
09-09 22:16:04.152  5114  5263 D SQLiteCursor: received count(*) from native_fill_window: 1
09-09 22:16:04.152  5114  5263 D WiFiParams: WIFI getParameterValue: strName = Device.WiFi.Radio.1.Stats.X_B4F2E8_shortTermUncorrectablePackets and strValue = 0
09-09 22:16:04.153  5114  5263 D WiFiParams: WIFI getParameterValue: strName = Device.WiFi.Radio.1.Stats.X_B4F2E8_shortTermUncorrectablePER
09-09 22:16:04.153  5114  5263 D SQLiteQueryBuilder: Performing query: SELECT _id, paramname, paramvalue, iswritable, notificationmode FROM tr069table WHERE (paramname='Device.WiFi.Radio.1.Stats.X_B4F2E8_PERWindow')
09-09 22:16:04.154  5114  5263 D SQLiteCursor: received count(*) from native_fill_window: 1
09-09 22:16:04.154  4432  4535 D SQLiteCursor: received count(*) from native_fill_window: 1
09-09 22:16:04.154  5114  5263 D SQLiteQueryBuilder: Performing query: SELECT _id, paramname, paramvalue, iswritable, notificationmode FROM tr069table WHERE (paramname='Device.WiFi.Radio.1.Stats.X_B4F2E8_PERWindow')
09-09 22:16:04.155  4432  4535 D SQLiteQueryBuilder: Performing query: SELECT _id, _data, format, date_modified FROM files WHERE (_data=?)
09-09 22:16:04.155  5114  5263 D SQLiteCursor: received count(*) from native_fill_window: 1
09-09 22:16:04.155  5114  5263 D WiFiParams: WIFI getParameterValue: strName = Device.WiFi.Radio.1.Stats.X_B4F2E8_shortTermUncorrectablePER and strValue = 0
09-09 22:16:04.155  5114  5263 D WiFiParams: WIFI getParameterValue: strName = Device.WiFi.EndPoint.1.Enable
09-09 22:16:04.156  5114  5263 D WiFiParams: getWiFiEnabled = 0
09-09 22:16:04.156  5114  5263 D WiFiParams: WIFI getParameterValue: strName = Device.WiFi.EndPoint.1.Enable and strValue = 0
09-09 22:16:04.156  5114  5263 D WiFiParams: WIFI getParameterValue: strName = Device.WiFi.EndPoint.1.Status
09-09 22:16:04.156  5114  5263 D WiFiParams: WIFI getParameterValue: strName = Device.WiFi.EndPoint.1.Status and strValue = Dormant
09-09 22:16:04.157  5114  5263 D WiFiParams: WIFI getParameterValue: strName = Device.WiFi.EndPoint.1.X_B4F2E8_Connected
09-09 22:16:04.157  5114  5263 D WiFiParams: WIFI getParameterValue: strName = Device.WiFi.EndPoint.1.X_B4F2E8_Connected and strValue = 0
09-09 22:16:04.157  5114  5263 D WiFiParams: WIFI getParameterValue: strName = Device.WiFi.EndPoint.1.X_B4F2E8_ReconnectCount
09-09 22:16:04.157  5114  5263 D WiFiParams: WIFI getParameterValue: strName = Device.WiFi.EndPoint.1.X_B4F2E8_ReconnectCount and strValue = 0
09-09 22:16:04.157  5114  5263 D WiFiParams: WIFI getParameterValue: strName = Device.WiFi.EndPoint.1.X_B4F2E8_ConnectionUpTime
09-09 22:16:04.157  5114  5263 D WiFiParams: WIFI getParameterValue: strName = Device.WiFi.EndPoint.1.X_B4F2E8_ConnectionUpTime and strValue = 0
09-09 22:16:04.157  5114  5263 D WiFiParams: WIFI getParameterValue: strName = Device.WiFi.EndPoint.1.Stats.LastDataDownlinkRate
09-09 22:16:04.157  5114  5263 D WiFiParams: WIFI getParameterValue: strName = Device.WiFi.EndPoint.1.Stats.LastDataDownlinkRate and strValue = N/A
09-09 22:16:04.157  5114  5263 D WiFiParams: WIFI getParameterValue: strName = Device.WiFi.EndPoint.1.Stats.LastDataUplinkRate
09-09 22:16:04.158  5114  5263 D WiFiParams: WIFI getParameterValue: strName = Device.WiFi.EndPoint.1.Stats.LastDataUplinkRate and strValue = N/A
09-09 22:16:04.158  4432  4535 D SQLiteCursor: received count(*) from native_fill_window: 1
09-09 22:16:04.158  5114  5263 D WiFiParams: WIFI getParameterValue: strName = Device.WiFi.EndPoint.1.Stats.SignalStrength
09-09 22:16:04.158  5114  5263 D WiFiParams: WIFI getParameterValue: strName = Device.WiFi.EndPoint.1.Stats.SignalStrength and strValue = NA
09-09 22:16:04.159  5114  5263 D WiFiParams: WIFI getParameterValue: strName = Device.WiFi.EndPoint.1.Stats.Retransmissions
09-09 22:16:04.159  5114  5263 D WiFiParams: WIFI getParameterValue: strName = Device.WiFi.EndPoint.1.Stats.Retransmissions and strValue = 0
09-09 22:16:04.159  4432  4535 D SQLiteQueryBuilder: Performing query: SELECT _id, _data, format, date_modified FROM files WHERE (_data=?)
09-09 22:16:04.159  5114  5263 D WiFiParams: WIFI getParameterValue: strName = Device.WiFi.EndPoint.1.Stats.X_B4F2E8_SNR
09-09 22:16:04.159  5114  5263 D WiFiParams: WIFI getParameterValue: strName = Device.WiFi.EndPoint.1.Stats.X_B4F2E8_SNR and strValue = 0
09-09 22:16:04.159  5114  5263 D WiFiParams: WIFI getParameterValue: strName = Device.WiFi.EndPoint.1.Stats.X_B4F2E8_Noise
09-09 22:16:04.159  5114  5263 D WiFiParams: WIFI getParameterValue: strName = Device.WiFi.EndPoint.1.Stats.X_B4F2E8_Noise and strValue = 0
09-09 22:16:04.159  5114  5263 D WiFiParams: WIFI getParameterValue: strName = Device.WiFi.EndPoint.1.Profile.1.Enable
09-09 22:16:04.160  5114  5263 D WiFiParams: getWiFiEnabled = 0
09-09 22:16:04.160  5114  5263 D WiFiParams: WIFI getParameterValue: strName = Device.WiFi.EndPoint.1.Profile.1.Enable and strValue = 0
09-09 22:16:04.160  5114  5263 D WiFiParams: WIFI getParameterValue: strName = Device.WiFi.EndPoint.1.Profile.1.Status
09-09 22:16:04.160  5114  5263 D WiFiParams: WIFI getParameterValue: strName = Device.WiFi.EndPoint.1.Profile.1.Status and strValue = Dormant
09-09 22:16:04.161  5114  5263 D WiFiParams: WIFI getParameterValue: strName = Device.WiFi.EndPoint.1.Profile.1.SSID
09-09 22:16:04.161  4432  4535 D SQLiteCursor: received count(*) from native_fill_window: 1
09-09 22:16:04.161  5114  5263 D WiFiParams: WIFI getParameterValue: strName = Device.WiFi.EndPoint.1.Profile.1.SSID and strValue = NA
09-09 22:16:04.162  4432  4535 D SQLiteQueryBuilder: Performing query: SELECT _id, _data, format, date_modified FROM files WHERE (_data=?)
09-09 22:16:04.162  5114  5263 D WiFiParams: WIFI getParameterValue: strName = Device.STBService.1.Components.X_B4F2E8_ARRIS_BluetoothTransceiver.1.Enable
09-09 22:16:04.162  5114  5263 D WiFiParams: WIFI getParameterValue: strName = Device.STBService.1.Components.X_B4F2E8_ARRIS_BluetoothTransceiver.1.Enable and strValue = null
09-09 22:16:04.162  5114  5263 I BleParams: BleParams context already set
09-09 22:16:04.163  5114  5263 I BleParams: getParameterValue:Device.STBService.1.Components.X_B4F2E8_ARRIS_BluetoothTransceiver.1.Enable
09-09 22:16:04.163  4432  4535 D SQLiteCursor: received count(*) from native_fill_window: 1
09-09 22:16:04.163  4432  4535 D SQLiteQueryBuilder: Performing query: SELECT _id, _data, format, date_modified FROM files WHERE (_data=?)
09-09 22:16:04.165  4432  4535 D SQLiteCursor: received count(*) from native_fill_window: 1
09-09 22:16:04.165  4432  4535 D SQLiteQueryBuilder: Performing query: SELECT _id, _data, format, date_modified FROM files WHERE (_data=?)
09-09 22:16:04.168  4432  4535 D SQLiteCursor: received count(*) from native_fill_window: 1
09-09 22:16:04.175  4432  4535 D SQLiteQueryBuilder: Performing query: SELECT _id, _data, format, date_modified FROM files WHERE (_data=?)
09-09 22:16:04.178  4322  5142 D SQLiteCursor: received count(*) from native_fill_window: 1
09-09 22:16:04.179  4322  5142 D SQLiteCursor: received count(*) from native_fill_window: 0
09-09 22:16:04.179  4322  5142 D SQLiteCursor: received count(*) from native_fill_window: 1
09-09 22:16:04.180  4322  5142 D SQLiteCursor: received count(*) from native_fill_window: 4
09-09 22:16:04.183  5114  5263 I BleParams: strName is = Device.STBService.1.Components.X_B4F2E8_ARRIS_BluetoothTransceiver.1.Enable and strValue = true
09-09 22:16:04.183  5114  5263 D WiFiParams: WIFI getParameterValue: strName = Device.STBService.1.Components.X_B4F2E8_ARRIS_BluetoothTransceiver.1.RCUVersion
09-09 22:16:04.183  5114  5263 D WiFiParams: WIFI getParameterValue: strName = Device.STBService.1.Components.X_B4F2E8_ARRIS_BluetoothTransceiver.1.RCUVersion and strValue = null
09-09 22:16:04.183  5114  5263 I BleParams: BleParams context already set
09-09 22:16:04.184  5114  5263 I BleParams: getParameterValue:Device.STBService.1.Components.X_B4F2E8_ARRIS_BluetoothTransceiver.1.RCUVersion
09-09 22:16:04.185  5114  5263 I BleParams: getBleData
09-09 22:16:04.186  5114  5263 I BleParams: Bluetooth :: mBluetoothAdapter acquired
09-09 22:16:04.187  5114  5263 I BleParams: Bluetooth :: Bluetooth is enabled on device
09-09 22:16:04.190  5114  5263 I BleParams: Bluetooth :: No. of paired devices : 1
09-09 22:16:04.191  4432  4535 D SQLiteCursor: received count(*) from native_fill_window: 1
09-09 22:16:04.193  5114  5263 I BleParams: deviceName is = ruwido BLE and deviceHardwareAddress = 64:CF:D9:1B:DB:C3
09-09 22:16:04.193  5114  5263 D BleParams: mBluetoothDeviceAddress:null
09-09 22:16:04.193  5114  5263 D BleParams: mBluetoothGatt is null
09-09 22:16:04.193  5114  5263 I BleParams: Bluetooth :: connectGatt
09-09 22:16:04.196  5114  5263 D BluetoothGatt: connect() - device: 64:CF:D9:1B:DB:C3, auto: true
09-09 22:16:04.197  5114  5263 D BluetoothGatt: registerApp()
09-09 22:16:04.197  5114  5263 D BluetoothGatt: registerApp() - UUID=537c4853-eec6-4ff1-86c4-85b8b1c04450
09-09 22:16:04.198  4432  4535 D SQLiteQueryBuilder: Performing query: SELECT _id, _data, format, date_modified FROM files WHERE (_data=?)
09-09 22:16:04.201  5114  5263 I BleParams: Bluetooth :: readRemoteRssi
09-09 22:16:04.201  5114  5263 D BluetoothGatt: readRssi() - device: 64:CF:D9:1B:DB:C3
09-09 22:16:04.201  5114  5130 D BluetoothGatt: onClientRegistered() - status=0 clientIf=5
09-09 22:16:04.202  3852  3995 D bt_btif_config: btif_get_address_type: Device [64:cf:d9:1b:db:c3] address type 0
09-09 22:16:04.202  3852  3995 D bt_btif_config: btif_get_device_type: Device [64:cf:d9:1b:db:c3] type 2
09-09 22:16:04.207  4432  4535 D SQLiteCursor: received count(*) from native_fill_window: 1
09-09 22:16:04.207  4432  4535 D SQLiteQueryBuilder: Performing query: SELECT _id, _data, format, date_modified FROM files WHERE (_data=?)
09-09 22:16:04.218  4432  4535 D SQLiteCursor: received count(*) from native_fill_window: 1
09-09 22:16:04.223  4432  4535 D SQLiteQueryBuilder: Performing query: SELECT _id, _data, format, date_modified FROM files WHERE (_data=?)
09-09 22:16:04.224  4432  4535 D SQLiteCursor: received count(*) from native_fill_window: 1
09-09 22:16:04.224  4432  4535 D SQLiteQueryBuilder: Performing query: SELECT _id, _data, format, date_modified FROM files WHERE (_data=?)
09-09 22:16:04.225  4432  4535 D SQLiteCursor: received count(*) from native_fill_window: 1
09-09 22:16:04.226  4432  4535 D SQLiteQueryBuilder: Performing query: SELECT _id, _data, format, date_modified FROM files WHERE (_data=?)
09-09 22:16:04.227  4432  4535 D SQLiteCursor: received count(*) from native_fill_window: 1
09-09 22:16:04.227  4432  4535 D SQLiteQueryBuilder: Performing query: SELECT _id, _data, format, date_modified FROM files WHERE (_data=?)
09-09 22:16:04.228  4432  4535 D SQLiteCursor: received count(*) from native_fill_window: 1
09-09 22:16:04.229  4432  4535 D SQLiteQueryBuilder: Performing query: SELECT _id, _data, format, date_modified FROM files WHERE (_data=?)
09-09 22:16:04.229  4807  5294 D SQLiteCursor: received count(*) from native_fill_window: 0
09-09 22:16:04.230  4432  4535 D SQLiteCursor: received count(*) from native_fill_window: 1
09-09 22:16:04.230  4432  4535 D SQLiteQueryBuilder: Performing query: SELECT _id, _data, format, date_modified FROM files WHERE (_data=?)
09-09 22:16:04.231  4432  4535 D SQLiteCursor: received count(*) from native_fill_window: 1
09-09 22:16:04.232  4432  4535 D SQLiteQueryBuilder: Performing query: SELECT _id, _data, format, date_modified FROM files WHERE (_data=?)
09-09 22:16:04.232  4807  5294 D SQLiteQueryBuilder: Performing query: SELECT theme_color, external_game_id, external_quest_id, sync_token, developer_name, milestones_sorting_rank, quest_icon_image_id, screenshot_image_widths, (SELECT url FROM images innerimage WHERE innerimage._id=quests.quest_banner_image_id LIMIT 1) AS quest_banner_image_url, 'content://com.google.android.gms.games.background/images/bca0884e/'||quest_banner_image_id AS quest_banner_image_uri, external_milestone_id, target_value, primary_category, quest_id, quest_name, featured_image_id, last_played_server_time, 'content://com.google.android.gms.games.background/images/bca0884e/'||screenshot_image_ids AS screenshot_image_uris, gamepad_support, game_icon_image_id, display_name, milestone_state, quest_type, secondary_category, 'content://com.google.android.gms.games.background/images/bca0884e/'||game_hi_res_image_id AS game_hi_res_image_uri, 'content://com.google.android.gms.games.background/images/bca0884e/'||quest_icon_image_id AS quest_icon_image_uri, (SELECT url FROM images innerimage WHERE innerimage._id=games.game_hi_res_image_id LIMIT 1) AS game_hi_res_image_url, last_connection_local_time, turn_based_support, game_description, quests._id AS _id, achievement_total_count, installed, quest_banner_image_id, initial_value, target_instance, gameplay_acl_status, real_time_support, quest_description, game_hi_res_image_id, snapshots_enabled, (SELECT url FROM images innerimage WHERE innerimage._id=games.game_icon_image_id LIMIT 1) AS game_icon_image_url, (SELECT url FROM images innerimage WHERE innerimage._id=quests.quest_icon_image_id LIMIT 1) AS quest_icon_image_url, external_event_id, quest_state, 'content://com.google.android.gms.games.background/images/bca0884e/'||featured_image_id AS featured_image_uri, accepted_ts, 'content://com.google.android.gms.games.background/images/bca0884e/'||game_icon_image_id AS game_icon_image_uri, video_url, quest_end_ts, notification_ts, leaderboard_count, completion_reward_data, (SELECT url FROM images innerimage WHERE innerimage._id=games.featured_image_id LIMIT 1) AS featured_image_url, muted, identity_sharing_confirmed, metadata_version, game_id, quest_last_updated_ts, screenshot_image_ids, notified, play_enabled_game, (CASE WHEN quest_state = 6 THEN milestones.current_value ELSE (   SELECT sum( total )    FROM (           SELECT ei2.value AS total            FROM event_instances AS ei2           WHERE ei2._id = event_instances._id          UNION ALL          SELECT sum( event_pending_ops.increment ) AS total            FROM event_pending_ops           WHERE event_pending_ops.instance_id = event_instances._id      )     ) END) AS current_value, screenshot_image_heights, package_name, quest_start_ts, last_synced_local_time, event_instance_id FROM quests JOIN milestones ON quest_id=quests._id JOIN event_instances ON event_instance_id=event_instances._id JOIN event_definitions ON definition_id=event_definitions._id JOIN games ON game_id=games._id LEFT OUTER JOIN game_instances AS TargetInstance ON target_instance=TargetInstance._id WHERE ((muted=?) AND (notified=?) AND (notification_ts<=?) AND (notification_ts<>?) AND (quest_state=?)) ORDER BY quest_last_updated_ts DESC,milestones_sorting_rank ASC
09-09 22:16:04.234  4432  4535 D SQLiteCursor: received count(*) from native_fill_window: 1
09-09 22:16:04.235  4432  4535 D SQLiteQueryBuilder: Performing query: SELECT _id, _data, format, date_modified FROM files WHERE (_data=?)
09-09 22:16:04.235  4807  5294 D SQLiteCursor: received count(*) from native_fill_window: 0
09-09 22:16:04.236  4432  4535 D SQLiteCursor: received count(*) from native_fill_window: 1
09-09 22:16:04.236  4432  4535 D SQLiteQueryBuilder: Performing query: SELECT _id, _data, format, date_modified FROM files WHERE (_data=?)
09-09 22:16:04.237  4432  4535 D SQLiteCursor: received count(*) from native_fill_window: 1
09-09 22:16:04.238  4432  4535 D SQLiteQueryBuilder: Performing query: SELECT _id, _data, format, date_modified FROM files WHERE (_data=?)
09-09 22:16:04.239  4432  4535 D SQLiteCursor: received count(*) from native_fill_window: 1
09-09 22:16:04.239  4432  4535 D SQLiteQueryBuilder: Performing query: SELECT _id, _data, format, date_modified FROM files WHERE (_data=?)
09-09 22:16:04.240  4432  4535 D SQLiteCursor: received count(*) from native_fill_window: 1
09-09 22:16:04.242  4432  4535 D SQLiteQueryBuilder: Performing query: SELECT _id, _data, format, date_modified FROM files WHERE (_data=?)
09-09 22:16:04.243  4432  4535 D SQLiteCursor: received count(*) from native_fill_window: 1
09-09 22:16:04.243  4432  4535 D SQLiteQueryBuilder: Performing query: SELECT _id, _data, format, date_modified FROM files WHERE (_data=?)
09-09 22:16:04.244  4432  4535 D SQLiteCursor: received count(*) from native_fill_window: 1
09-09 22:16:04.244  4432  4535 D SQLiteQueryBuilder: Performing query: SELECT _id, _data, format, date_modified FROM files WHERE (_data=?)
09-09 22:16:04.245  4432  4535 D SQLiteCursor: received count(*) from native_fill_window: 1
09-09 22:16:04.246  4432  4535 D SQLiteQueryBuilder: Performing query: SELECT _id, _data, format, date_modified FROM files WHERE (_data=?)
09-09 22:16:04.247  4432  4535 D SQLiteCursor: received count(*) from native_fill_window: 1
09-09 22:16:04.247  4432  4535 D SQLiteQueryBuilder: Performing query: SELECT _id, _data, format, date_modified FROM files WHERE (_data=?)
09-09 22:16:04.248  4432  4535 D SQLiteCursor: received count(*) from native_fill_window: 1
09-09 22:16:04.248  4432  4535 D SQLiteQueryBuilder: Performing query: SELECT _id, _data, format, date_modified FROM files WHERE (_data=?)
09-09 22:16:04.250  4432  4535 D SQLiteCursor: received count(*) from native_fill_window: 1
09-09 22:16:04.250  4432  4535 D SQLiteQueryBuilder: Performing query: SELECT _id, _data, format, date_modified FROM files WHERE (_data=?)
09-09 22:16:04.251  4432  4535 D SQLiteCursor: received count(*) from native_fill_window: 1
09-09 22:16:04.252  4432  4535 D SQLiteQueryBuilder: Performing query: SELECT _id, _data, format, date_modified FROM files WHERE (_data=?)
09-09 22:16:04.253  4432  4535 D SQLiteCursor: received count(*) from native_fill_window: 1
09-09 22:16:04.253  4432  4535 D SQLiteQueryBuilder: Performing query: SELECT _id, _data, format, date_modified FROM files WHERE (_data=?)
09-09 22:16:04.255  4432  4535 D SQLiteCursor: received count(*) from native_fill_window: 1
09-09 22:16:04.255  4432  4535 D SQLiteQueryBuilder: Performing query: SELECT _id, _data, format, date_modified FROM files WHERE (_data=?)
09-09 22:16:04.256  4432  4535 D SQLiteCursor: received count(*) from native_fill_window: 1
09-09 22:16:04.256  4432  4535 D SQLiteQueryBuilder: Performing query: SELECT _id, _data, format, date_modified FROM files WHERE (_data=?)
09-09 22:16:04.257  4432  4535 D SQLiteCursor: received count(*) from native_fill_window: 1
09-09 22:16:04.258  4432  4535 D SQLiteQueryBuilder: Performing query: SELECT _id, _data, format, date_modified FROM files WHERE (_data=?)
09-09 22:16:04.259  4432  4535 D SQLiteCursor: received count(*) from native_fill_window: 1
09-09 22:16:04.259  4432  4535 D SQLiteQueryBuilder: Performing query: SELECT _id, _data, format, date_modified FROM files WHERE (_data=?)
09-09 22:16:04.260  4432  4535 D SQLiteCursor: received count(*) from native_fill_window: 1
09-09 22:16:04.260  4432  4535 D SQLiteQueryBuilder: Performing query: SELECT _id, _data, format, date_modified FROM files WHERE (_data=?)
09-09 22:16:04.261  4432  4535 D SQLiteCursor: received count(*) from native_fill_window: 1
09-09 22:16:04.261  4432  4535 D SQLiteQueryBuilder: Performing query: SELECT _id, _data, format, date_modified FROM files WHERE (_data=?)
09-09 22:16:04.262  4432  4535 D SQLiteCursor: received count(*) from native_fill_window: 1
09-09 22:16:04.263  4432  4535 D SQLiteQueryBuilder: Performing query: SELECT _id, _data, format, date_modified FROM files WHERE (_data=?)
09-09 22:16:04.264  4432  4535 D SQLiteCursor: received count(*) from native_fill_window: 1
09-09 22:16:04.264  4432  4535 D SQLiteQueryBuilder: Performing query: SELECT _id, _data, format, date_modified FROM files WHERE (_data=?)
09-09 22:16:04.264  4432  4535 D SQLiteCursor: received count(*) from native_fill_window: 1
09-09 22:16:04.265  4432  4535 D SQLiteQueryBuilder: Performing query: SELECT _id, _data, format, date_modified FROM files WHERE (_data=?)
09-09 22:16:04.265  4432  4535 D SQLiteCursor: received count(*) from native_fill_window: 1
09-09 22:16:04.266  4432  4535 D SQLiteQueryBuilder: Performing query: SELECT _id, _data, format, date_modified FROM files WHERE (_data=?)
09-09 22:16:04.267  4432  4535 D SQLiteCursor: received count(*) from native_fill_window: 1
09-09 22:16:04.267  4432  4535 D SQLiteQueryBuilder: Performing query: SELECT _id, _data, format, date_modified FROM files WHERE (_data=?)
09-09 22:16:04.268  4432  4535 D SQLiteCursor: received count(*) from native_fill_window: 1
09-09 22:16:04.268  4432  4535 D SQLiteQueryBuilder: Performing query: SELECT _id, _data, format, date_modified FROM files WHERE (_data=?)
09-09 22:16:04.269  4432  4535 D SQLiteCursor: received count(*) from native_fill_window: 1
09-09 22:16:04.270  4432  4535 D SQLiteQueryBuilder: Performing query: SELECT _id, _data, format, date_modified FROM files WHERE (_data=?)
09-09 22:16:04.270  4432  4535 D SQLiteCursor: received count(*) from native_fill_window: 1
09-09 22:16:04.271  4432  4535 D SQLiteQueryBuilder: Performing query: SELECT _id, _data, format, date_modified FROM files WHERE (_data=?)
09-09 22:16:04.271  4432  4535 D SQLiteCursor: received count(*) from native_fill_window: 1
09-09 22:16:04.272  4432  4535 D SQLiteQueryBuilder: Performing query: SELECT _id, _data, format, date_modified FROM files WHERE (_data=?)
09-09 22:16:04.273  4432  4535 D SQLiteCursor: received count(*) from native_fill_window: 1
09-09 22:16:04.273  4432  4535 D SQLiteQueryBuilder: Performing query: SELECT _id, _data, format, date_modified FROM files WHERE (_data=?)
09-09 22:16:04.274  4432  4535 D SQLiteCursor: received count(*) from native_fill_window: 1
09-09 22:16:04.274  4432  4535 D SQLiteQueryBuilder: Performing query: SELECT _id, _data, format, date_modified FROM files WHERE (_data=?)
09-09 22:16:04.275  4432  4535 D SQLiteCursor: received count(*) from native_fill_window: 1
09-09 22:16:04.276  4432  4535 D SQLiteQueryBuilder: Performing query: SELECT _id, _data, format, date_modified FROM files WHERE (_data=?)
09-09 22:16:04.277  4432  4535 D SQLiteCursor: received count(*) from native_fill_window: 1
09-09 22:16:04.277  4432  4535 D SQLiteQueryBuilder: Performing query: SELECT _id, _data, format, date_modified FROM files WHERE (_data=?)
09-09 22:16:04.278  4432  4535 D SQLiteCursor: received count(*) from native_fill_window: 1
09-09 22:16:04.279  4432  4535 D SQLiteQueryBuilder: Performing query: SELECT _id, _data, format, date_modified FROM files WHERE (_data=?)
09-09 22:16:04.280  4432  4535 D SQLiteCursor: received count(*) from native_fill_window: 1
09-09 22:16:04.280  4432  4535 D SQLiteQueryBuilder: Performing query: SELECT _id, _data, format, date_modified FROM files WHERE (_data=?)
09-09 22:16:04.281  4432  4535 D SQLiteCursor: received count(*) from native_fill_window: 1
09-09 22:16:04.282  4432  4535 D SQLiteQueryBuilder: Performing query: SELECT _id, _data, format, date_modified FROM files WHERE (_data=?)
09-09 22:16:04.283  5299  5299 I InputContentProvider: Created InputContentProvider: exported=[false]
09-09 22:16:04.283  4432  4535 D SQLiteCursor: received count(*) from native_fill_window: 1
09-09 22:16:04.283  4432  4535 D SQLiteQueryBuilder: Performing query: SELECT _id, _data, format, date_modified FROM files WHERE (_data=?)
09-09 22:16:04.284  4432  4535 D SQLiteCursor: received count(*) from native_fill_window: 1
09-09 22:16:04.285  4432  4535 D SQLiteQueryBuilder: Performing query: SELECT _id, _data, format, date_modified FROM files WHERE (_data=?)
09-09 22:16:04.286  4432  4535 D SQLiteCursor: received count(*) from native_fill_window: 1
09-09 22:16:04.286  4432  4535 D SQLiteQueryBuilder: Performing query: SELECT _id, _data, format, date_modified FROM files WHERE (_data=?)
09-09 22:16:04.287  4432  4535 D SQLiteCursor: received count(*) from native_fill_window: 1
09-09 22:16:04.287  4432  4535 D SQLiteQueryBuilder: Performing query: SELECT _id, _data, format, date_modified FROM files WHERE (_data=?)
09-09 22:16:04.288  4432  4535 D SQLiteCursor: received count(*) from native_fill_window: 1
09-09 22:16:04.289  4432  4535 D SQLiteQueryBuilder: Performing query: SELECT _id, _data, format, date_modified FROM files WHERE (_data=?)
09-09 22:16:04.290  4432  4535 D SQLiteCursor: received count(*) from native_fill_window: 1
09-09 22:16:04.290  4432  4535 D SQLiteQueryBuilder: Performing query: SELECT _id, _data, format, date_modified FROM files WHERE (_data=?)
09-09 22:16:04.291  4432  4535 D SQLiteCursor: received count(*) from native_fill_window: 1
09-09 22:16:04.292  4432  4535 D SQLiteQueryBuilder: Performing query: SELECT _id, _data, format, date_modified FROM files WHERE (_data=?)
09-09 22:16:04.293  4432  4535 D SQLiteCursor: received count(*) from native_fill_window: 1
09-09 22:16:04.293  4432  4535 D SQLiteQueryBuilder: Performing query: SELECT _id, _data, format, date_modified FROM files WHERE (_data=?)
09-09 22:16:04.294  4432  4535 D SQLiteCursor: received count(*) from native_fill_window: 1
09-09 22:16:04.295  4432  4535 D SQLiteQueryBuilder: Performing query: SELECT _id, _data, format, date_modified FROM files WHERE (_data=?)
09-09 22:16:04.296  4432  4535 D SQLiteCursor: received count(*) from native_fill_window: 1
09-09 22:16:04.296  4432  4535 D SQLiteQueryBuilder: Performing query: SELECT _id, _data, format, date_modified FROM files WHERE (_data=?)
09-09 22:16:04.297  4432  4535 D SQLiteCursor: received count(*) from native_fill_window: 1
09-09 22:16:04.298  4432  4535 D SQLiteQueryBuilder: Performing query: SELECT _id, _data, format, date_modified FROM files WHERE (_data=?)
09-09 22:16:04.299  4432  4535 D SQLiteCursor: received count(*) from native_fill_window: 1
09-09 22:16:04.300  4432  4535 D SQLiteQueryBuilder: Performing query: SELECT _id, _data, format, date_modified FROM files WHERE (_data=?)
09-09 22:16:04.301  4432  4535 D SQLiteCursor: received count(*) from native_fill_window: 1
09-09 22:16:04.301  4432  4535 D SQLiteQueryBuilder: Performing query: SELECT _id, _data, format, date_modified FROM files WHERE (_data=?)
09-09 22:16:04.302  4432  4535 D SQLiteCursor: received count(*) from native_fill_window: 1
09-09 22:16:04.303  4432  4535 D SQLiteQueryBuilder: Performing query: SELECT _id, _data, format, date_modified FROM files WHERE (_data=?)
09-09 22:16:04.304  4432  4535 D SQLiteCursor: received count(*) from native_fill_window: 1
09-09 22:16:04.304  4432  4535 D SQLiteQueryBuilder: Performing query: SELECT _id, _data, format, date_modified FROM files WHERE (_data=?)
09-09 22:16:04.305  4432  4535 D SQLiteCursor: received count(*) from native_fill_window: 1
09-09 22:16:04.306  4432  4535 D SQLiteQueryBuilder: Performing query: SELECT _id, _data, format, date_modified FROM files WHERE (_data=?)
09-09 22:16:04.307  4432  4535 D SQLiteCursor: received count(*) from native_fill_window: 1
09-09 22:16:04.307  4432  4535 D SQLiteQueryBuilder: Performing query: SELECT _id, _data, format, date_modified FROM files WHERE (_data=?)
09-09 22:16:04.308  4432  4535 D SQLiteCursor: received count(*) from native_fill_window: 1
09-09 22:16:04.308  4432  4535 D SQLiteQueryBuilder: Performing query: SELECT _id, _data, format, date_modified FROM files WHERE (_data=?)
09-09 22:16:04.310  4432  4535 D SQLiteCursor: received count(*) from native_fill_window: 1
09-09 22:16:04.310  4432  4535 D SQLiteQueryBuilder: Performing query: SELECT _id, _data, format, date_modified FROM files WHERE (_data=?)
09-09 22:16:04.311  4432  4535 D SQLiteCursor: received count(*) from native_fill_window: 1
09-09 22:16:04.311  4432  4535 D SQLiteQueryBuilder: Performing query: SELECT _id, _data, format, date_modified FROM files WHERE (_data=?)
09-09 22:16:04.312  4432  4535 D SQLiteCursor: received count(*) from native_fill_window: 1
09-09 22:16:04.312  4432  4535 D SQLiteQueryBuilder: Performing query: SELECT _id, _data, format, date_modified FROM files WHERE (_data=?)
09-09 22:16:04.313  4432  4535 D SQLiteCursor: received count(*) from native_fill_window: 1
09-09 22:16:04.313  4432  4535 D SQLiteQueryBuilder: Performing query: SELECT _id, _data, format, date_modified FROM files WHERE (_data=?)
09-09 22:16:04.314  4432  4535 D SQLiteCursor: received count(*) from native_fill_window: 1
09-09 22:16:04.314  4432  4535 D SQLiteQueryBuilder: Performing query: SELECT _id, _data, format, date_modified FROM files WHERE (_data=?)
09-09 22:16:04.315  4432  4535 D SQLiteCursor: received count(*) from native_fill_window: 1
09-09 22:16:04.315  4432  4535 D SQLiteQueryBuilder: Performing query: SELECT _id, _data, format, date_modified FROM files WHERE (_data=?)
09-09 22:16:04.316  4432  4535 D SQLiteCursor: received count(*) from native_fill_window: 1
09-09 22:16:04.317  4432  4535 D SQLiteQueryBuilder: Performing query: SELECT _id, _data, format, date_modified FROM files WHERE (_data=?)
09-09 22:16:04.317  4432  4535 D SQLiteCursor: received count(*) from native_fill_window: 1
09-09 22:16:04.318  4432  4535 D SQLiteQueryBuilder: Performing query: SELECT _id, _data, format, date_modified FROM files WHERE (_data=?)
09-09 22:16:04.319  4432  4535 D SQLiteCursor: received count(*) from native_fill_window: 1
09-09 22:16:04.319  4432  4535 D SQLiteQueryBuilder: Performing query: SELECT _id, _data, format, date_modified FROM files WHERE (_data=?)
09-09 22:16:04.320  4432  4535 D SQLiteCursor: received count(*) from native_fill_window: 1
09-09 22:16:04.320  4432  4535 D SQLiteQueryBuilder: Performing query: SELECT _id, _data, format, date_modified FROM files WHERE (_data=?)
09-09 22:16:04.321  4432  4535 D SQLiteCursor: received count(*) from native_fill_window: 1
09-09 22:16:04.321  4432  4535 D SQLiteQueryBuilder: Performing query: SELECT _id, _data, format, date_modified FROM files WHERE (_data=?)
09-09 22:16:04.322  4432  4535 D SQLiteCursor: received count(*) from native_fill_window: 1
09-09 22:16:04.323  4432  4535 D SQLiteQueryBuilder: Performing query: SELECT _id, _data, format, date_modified FROM files WHERE (_data=?)
09-09 22:16:04.323  4432  4535 D SQLiteCursor: received count(*) from native_fill_window: 1
09-09 22:16:04.324  4432  4535 D SQLiteQueryBuilder: Performing query: SELECT _id, _data, format, date_modified FROM files WHERE (_data=?)
09-09 22:16:04.325  4432  4535 D SQLiteCursor: received count(*) from native_fill_window: 1
09-09 22:16:04.325  4432  4535 D SQLiteQueryBuilder: Performing query: SELECT _id, _data, format, date_modified FROM files WHERE (_data=?)
09-09 22:16:04.326  4432  4535 D SQLiteCursor: received count(*) from native_fill_window: 1
09-09 22:16:04.326  4432  4535 D SQLiteQueryBuilder: Performing query: SELECT _id, _data, format, date_modified FROM files WHERE (_data=?)
09-09 22:16:04.327  4432  4535 D SQLiteCursor: received count(*) from native_fill_window: 1
09-09 22:16:04.327  4432  4535 D SQLiteQueryBuilder: Performing query: SELECT _id, _data, format, date_modified FROM files WHERE (_data=?)
09-09 22:16:04.328  4432  4535 D SQLiteCursor: received count(*) from native_fill_window: 1
09-09 22:16:04.329  4432  4535 D SQLiteQueryBuilder: Performing query: SELECT _id, _data, format, date_modified FROM files WHERE (_data=?)
09-09 22:16:04.329  4432  4535 D SQLiteCursor: received count(*) from native_fill_window: 1
09-09 22:16:04.329  4432  4535 D SQLiteQueryBuilder: Performing query: SELECT _id, _data, format, date_modified FROM files WHERE (_data=?)
09-09 22:16:04.330  4432  4535 D SQLiteCursor: received count(*) from native_fill_window: 1
09-09 22:16:04.331  4432  4535 D SQLiteQueryBuilder: Performing query: SELECT _id, _data, format, date_modified FROM files WHERE (_data=?)
09-09 22:16:04.332  4432  4535 D SQLiteCursor: received count(*) from native_fill_window: 1
09-09 22:16:04.332  4432  4535 D SQLiteQueryBuilder: Performing query: SELECT _id, _data, format, date_modified FROM files WHERE (_data=?)
09-09 22:16:04.333  4432  4535 D SQLiteCursor: received count(*) from native_fill_window: 1
09-09 22:16:04.333  4432  4535 D SQLiteQueryBuilder: Performing query: SELECT _id, _data, format, date_modified FROM files WHERE (_data=?)
09-09 22:16:04.335  4432  4535 D SQLiteCursor: received count(*) from native_fill_window: 1
09-09 22:16:04.335  4432  4535 D SQLiteQueryBuilder: Performing query: SELECT _id, _data, format, date_modified FROM files WHERE (_data=?)
09-09 22:16:04.336  4432  4535 D SQLiteCursor: received count(*) from native_fill_window: 1
09-09 22:16:04.336  4432  4535 D SQLiteQueryBuilder: Performing query: SELECT _id, _data, format, date_modified FROM files WHERE (_data=?)
09-09 22:16:04.337  4432  4535 D SQLiteCursor: received count(*) from native_fill_window: 1
09-09 22:16:04.338  4432  4535 D SQLiteQueryBuilder: Performing query: SELECT _id, _data, format, date_modified FROM files WHERE (_data=?)
09-09 22:16:04.338  4432  4535 D SQLiteCursor: received count(*) from native_fill_window: 1
09-09 22:16:04.339  4432  4535 D SQLiteQueryBuilder: Performing query: SELECT _id, _data, format, date_modified FROM files WHERE (_data=?)
09-09 22:16:04.339  4432  4535 D SQLiteCursor: received count(*) from native_fill_window: 1
09-09 22:16:04.340  4432  4535 D SQLiteQueryBuilder: Performing query: SELECT _id, _data, format, date_modified FROM files WHERE (_data=?)
09-09 22:16:04.341  4432  4535 D SQLiteCursor: received count(*) from native_fill_window: 1
09-09 22:16:04.341  4432  4535 D SQLiteQueryBuilder: Performing query: SELECT _id, _data, format, date_modified FROM files WHERE (_data=?)
09-09 22:16:04.342  4432  4535 D SQLiteCursor: received count(*) from native_fill_window: 1
09-09 22:16:04.342  4432  4535 D SQLiteQueryBuilder: Performing query: SELECT _id, _data, format, date_modified FROM files WHERE (_data=?)
09-09 22:16:04.343  4432  4535 D SQLiteCursor: received count(*) from native_fill_window: 1
09-09 22:16:04.343  4432  4535 D SQLiteQueryBuilder: Performing query: SELECT _id, _data, format, date_modified FROM files WHERE (_data=?)
09-09 22:16:04.344  4432  4535 D SQLiteCursor: received count(*) from native_fill_window: 1
09-09 22:16:04.344  4432  4535 D SQLiteQueryBuilder: Performing query: SELECT _id, _data, format, date_modified FROM files WHERE (_data=?)
09-09 22:16:04.345  4432  4535 D SQLiteCursor: received count(*) from native_fill_window: 1
09-09 22:16:04.346  4432  4535 D SQLiteQueryBuilder: Performing query: SELECT _id, _data, format, date_modified FROM files WHERE (_data=?)
09-09 22:16:04.346  4432  4535 D SQLiteCursor: received count(*) from native_fill_window: 1
09-09 22:16:04.347  4432  4535 D SQLiteQueryBuilder: Performing query: SELECT _id, _data, format, date_modified FROM files WHERE (_data=?)
09-09 22:16:04.348  4432  4535 D SQLiteCursor: received count(*) from native_fill_window: 1
09-09 22:16:04.348  4432  4535 D SQLiteQueryBuilder: Performing query: SELECT _id, _data, format, date_modified FROM files WHERE (_data=?)
09-09 22:16:04.349  4432  4535 D SQLiteCursor: received count(*) from native_fill_window: 1
09-09 22:16:04.349  4432  4535 D SQLiteQueryBuilder: Performing query: SELECT _id, _data, format, date_modified FROM files WHERE (_data=?)
09-09 22:16:04.350  4432  4535 D SQLiteCursor: received count(*) from native_fill_window: 1
09-09 22:16:04.350  4432  4535 D SQLiteQueryBuilder: Performing query: SELECT _id, _data, format, date_modified FROM files WHERE (_data=?)
09-09 22:16:04.351  4432  4535 D SQLiteCursor: received count(*) from native_fill_window: 1
09-09 22:16:04.352  4432  4535 D SQLiteQueryBuilder: Performing query: SELECT _id, _data, format, date_modified FROM files WHERE (_data=?)
09-09 22:16:04.353  4432  4535 D SQLiteCursor: received count(*) from native_fill_window: 1
09-09 22:16:04.353  4432  4535 D SQLiteQueryBuilder: Performing query: SELECT _id, _data, format, date_modified FROM files WHERE (_data=?)
09-09 22:16:04.354  4432  4535 D SQLiteCursor: received count(*) from native_fill_window: 1
09-09 22:16:04.354  4432  4535 D SQLiteQueryBuilder: Performing query: SELECT _id, _data, format, date_modified FROM files WHERE (_data=?)
09-09 22:16:04.355  4432  4535 D SQLiteCursor: received count(*) from native_fill_window: 1
09-09 22:16:04.356  4432  4535 D SQLiteQueryBuilder: Performing query: SELECT _id, _data, format, date_modified FROM files WHERE (_data=?)
09-09 22:16:04.356  4432  4535 D SQLiteCursor: received count(*) from native_fill_window: 1
09-09 22:16:04.357  4432  4535 D SQLiteQueryBuilder: Performing query: SELECT _id, _data, format, date_modified FROM files WHERE (_data=?)
09-09 22:16:04.358  4432  4535 D SQLiteCursor: received count(*) from native_fill_window: 1
09-09 22:16:04.358  4432  4535 D SQLiteQueryBuilder: Performing query: SELECT _id, _data, format, date_modified FROM files WHERE (_data=?)
09-09 22:16:04.358  4432  4535 D SQLiteCursor: received count(*) from native_fill_window: 1
09-09 22:16:04.359  4432  4535 D SQLiteQueryBuilder: Performing query: SELECT _id, _data, format, date_modified FROM files WHERE (_data=?)
09-09 22:16:04.359  4432  4535 D SQLiteCursor: received count(*) from native_fill_window: 1
09-09 22:16:04.360  4432  4535 D SQLiteQueryBuilder: Performing query: SELECT _id, _data, format, date_modified FROM files WHERE (_data=?)
09-09 22:16:04.360  4432  4535 D SQLiteCursor: received count(*) from native_fill_window: 1
09-09 22:16:04.361  4432  4535 D SQLiteQueryBuilder: Performing query: SELECT _id, _data, format, date_modified FROM files WHERE (_data=?)
09-09 22:16:04.361  4432  4535 D SQLiteCursor: received count(*) from native_fill_window: 1
09-09 22:16:04.362  4432  4535 D SQLiteQueryBuilder: Performing query: SELECT _id, _data, format, date_modified FROM files WHERE (_data=?)
09-09 22:16:04.362  4432  4535 D SQLiteCursor: received count(*) from native_fill_window: 1
09-09 22:16:04.363  4432  4535 D SQLiteQueryBuilder: Performing query: SELECT _id, _data, format, date_modified FROM files WHERE (_data=?)
09-09 22:16:04.363  4432  4535 D SQLiteCursor: received count(*) from native_fill_window: 1
09-09 22:16:04.364  4432  4535 D SQLiteQueryBuilder: Performing query: SELECT _id, _data, format, date_modified FROM files WHERE (_data=?)
09-09 22:16:04.365  4432  4535 D SQLiteCursor: received count(*) from native_fill_window: 1
09-09 22:16:04.365  4432  4535 D SQLiteQueryBuilder: Performing query: SELECT _id, _data, format, date_modified FROM files WHERE (_data=?)
09-09 22:16:04.366  4432  4535 D SQLiteCursor: received count(*) from native_fill_window: 1
09-09 22:16:04.366  4432  4535 D SQLiteQueryBuilder: Performing query: SELECT _id, _data, format, date_modified FROM files WHERE (_data=?)
09-09 22:16:04.367  4432  4535 D SQLiteCursor: received count(*) from native_fill_window: 1
09-09 22:16:04.367  4432  4535 D SQLiteQueryBuilder: Performing query: SELECT _id, _data, format, date_modified FROM files WHERE (_data=?)
09-09 22:16:04.368  4432  4535 D SQLiteCursor: received count(*) from native_fill_window: 1
09-09 22:16:04.368  4432  4535 D SQLiteQueryBuilder: Performing query: SELECT _id, _data, format, date_modified FROM files WHERE (_data=?)
09-09 22:16:04.369  4432  4535 D SQLiteCursor: received count(*) from native_fill_window: 1
09-09 22:16:04.369  4432  4535 D SQLiteQueryBuilder: Performing query: SELECT _id, _data, format, date_modified FROM files WHERE (_data=?)
09-09 22:16:04.370  4432  4535 D SQLiteCursor: received count(*) from native_fill_window: 1
09-09 22:16:04.370  4432  4535 D SQLiteQueryBuilder: Performing query: SELECT _id, _data, format, date_modified FROM files WHERE (_data=?)
09-09 22:16:04.371  4432  4535 D SQLiteCursor: received count(*) from native_fill_window: 1
09-09 22:16:04.371  4432  4535 D SQLiteQueryBuilder: Performing query: SELECT _id, _data, format, date_modified FROM files WHERE (_data=?)
09-09 22:16:04.372  4432  4535 D SQLiteCursor: received count(*) from native_fill_window: 1
09-09 22:16:04.373  4432  4535 D SQLiteQueryBuilder: Performing query: SELECT _id, _data, format, date_modified FROM files WHERE (_data=?)
09-09 22:16:04.374  4432  4535 D SQLiteCursor: received count(*) from native_fill_window: 1
09-09 22:16:04.374  4432  4535 D SQLiteQueryBuilder: Performing query: SELECT _id, _data, format, date_modified FROM files WHERE (_data=?)
09-09 22:16:04.375  4432  4535 D SQLiteCursor: received count(*) from native_fill_window: 1
09-09 22:16:04.375  4432  4535 D SQLiteQueryBuilder: Performing query: SELECT _id, _data, format, date_modified FROM files WHERE (_data=?)
09-09 22:16:04.376  4432  4535 D SQLiteCursor: received count(*) from native_fill_window: 1
09-09 22:16:04.376  4432  4535 D SQLiteQueryBuilder: Performing query: SELECT _id, _data, format, date_modified FROM files WHERE (_data=?)
09-09 22:16:04.378  4432  4535 D SQLiteCursor: received count(*) from native_fill_window: 1
09-09 22:16:04.378  4432  4535 D SQLiteQueryBuilder: Performing query: SELECT _id, _data, format, date_modified FROM files WHERE (_data=?)
09-09 22:16:04.379  4432  4535 D SQLiteCursor: received count(*) from native_fill_window: 1
09-09 22:16:04.380  4432  4535 D SQLiteQueryBuilder: Performing query: SELECT _id, _data, format, date_modified FROM files WHERE (_data=?)
09-09 22:16:04.380  4432  4535 D SQLiteCursor: received count(*) from native_fill_window: 1
09-09 22:16:04.381  4432  4535 D SQLiteQueryBuilder: Performing query: SELECT _id, _data, format, date_modified FROM files WHERE (_data=?)
09-09 22:16:04.382  4432  4535 D SQLiteCursor: received count(*) from native_fill_window: 1
09-09 22:16:04.382  4432  4535 D SQLiteQueryBuilder: Performing query: SELECT _id, _data, format, date_modified FROM files WHERE (_data=?)
09-09 22:16:04.383  4432  4535 D SQLiteCursor: received count(*) from native_fill_window: 1
09-09 22:16:04.383  4432  4535 D SQLiteQueryBuilder: Performing query: SELECT _id, _data, format, date_modified FROM files WHERE (_data=?)
09-09 22:16:04.384  4432  4535 D SQLiteCursor: received count(*) from native_fill_window: 1
09-09 22:16:04.384  4432  4535 D SQLiteQueryBuilder: Performing query: SELECT _id, _data, format, date_modified FROM files WHERE (_data=?)
09-09 22:16:04.385  4432  4535 D SQLiteCursor: received count(*) from native_fill_window: 1
09-09 22:16:04.386  4432  4535 D SQLiteQueryBuilder: Performing query: SELECT _id, _data, format, date_modified FROM files WHERE (_data=?)
09-09 22:16:04.386  4432  4535 D SQLiteCursor: received count(*) from native_fill_window: 1
09-09 22:16:04.387  4432  4535 D SQLiteQueryBuilder: Performing query: SELECT _id, _data, format, date_modified FROM files WHERE (_data=?)
09-09 22:16:04.388  4432  4535 D SQLiteCursor: received count(*) from native_fill_window: 1
09-09 22:16:04.390  4432  4535 D SQLiteQueryBuilder: Performing query: SELECT _id, _data, format, date_modified FROM files WHERE (_data=?)
09-09 22:16:04.391  4432  4535 D SQLiteCursor: received count(*) from native_fill_window: 1
09-09 22:16:04.391  4432  4535 D SQLiteQueryBuilder: Performing query: SELECT _id, _data, format, date_modified FROM files WHERE (_data=?)
09-09 22:16:04.392  4432  4535 D SQLiteCursor: received count(*) from native_fill_window: 1
09-09 22:16:04.392  4432  4535 D SQLiteQueryBuilder: Performing query: SELECT _id, _data, format, date_modified FROM files WHERE (_data=?)
09-09 22:16:04.393  4432  4535 D SQLiteCursor: received count(*) from native_fill_window: 1
09-09 22:16:04.394  4432  4535 D SQLiteQueryBuilder: Performing query: SELECT _id, _data, format, date_modified FROM files WHERE (_data=?)
09-09 22:16:04.395  4432  4535 D SQLiteCursor: received count(*) from native_fill_window: 1
09-09 22:16:04.395  4432  4535 D SQLiteQueryBuilder: Performing query: SELECT _id, _data, format, date_modified FROM files WHERE (_data=?)
09-09 22:16:04.397  4432  4535 D SQLiteCursor: received count(*) from native_fill_window: 1
09-09 22:16:04.397  4432  4535 D SQLiteQueryBuilder: Performing query: SELECT _id, _data, format, date_modified FROM files WHERE (_data=?)
09-09 22:16:04.398  4432  4535 D SQLiteCursor: received count(*) from native_fill_window: 1
09-09 22:16:04.398  4432  4535 D SQLiteQueryBuilder: Performing query: SELECT _id, _data, format, date_modified FROM files WHERE (_data=?)
09-09 22:16:04.399  4432  4535 D SQLiteCursor: received count(*) from native_fill_window: 1
09-09 22:16:04.399  4432  4535 D SQLiteQueryBuilder: Performing query: SELECT _id, _data, format, date_modified FROM files WHERE (_data=?)
09-09 22:16:04.400  4432  4535 D SQLiteCursor: received count(*) from native_fill_window: 1
09-09 22:16:04.401  4432  4535 D SQLiteQueryBuilder: Performing query: SELECT _id, _data, format, date_modified FROM files WHERE (_data=?)
09-09 22:16:04.402  4432  4535 D SQLiteCursor: received count(*) from native_fill_window: 1
09-09 22:16:04.403  4432  4535 D SQLiteQueryBuilder: Performing query: SELECT _id, _data, format, date_modified FROM files WHERE (_data=?)
09-09 22:16:04.404  4432  4535 D SQLiteCursor: received count(*) from native_fill_window: 1
09-09 22:16:04.405  4432  4535 D SQLiteQueryBuilder: Performing query: SELECT _id, _data, format, date_modified FROM files WHERE (_data=?)
09-09 22:16:04.406  4432  4535 D SQLiteCursor: received count(*) from native_fill_window: 1
09-09 22:16:04.407  4432  4535 D SQLiteQueryBuilder: Performing query: SELECT _id, _data, format, date_modified FROM files WHERE (_data=?)
09-09 22:16:04.410  4432  4535 D SQLiteCursor: received count(*) from native_fill_window: 1
09-09 22:16:04.410  4432  4535 D SQLiteQueryBuilder: Performing query: SELECT _id, _data, format, date_modified FROM files WHERE (_data=?)
09-09 22:16:04.411  4432  4535 D SQLiteCursor: received count(*) from native_fill_window: 1
09-09 22:16:04.412  4432  4535 D SQLiteQueryBuilder: Performing query: SELECT _id, _data, format, date_modified FROM files WHERE (_data=?)
09-09 22:16:04.413  4432  4535 D SQLiteCursor: received count(*) from native_fill_window: 1
09-09 22:16:04.413  4432  4535 D SQLiteQueryBuilder: Performing query: SELECT _id, _data, format, date_modified FROM files WHERE (_data=?)
09-09 22:16:04.413  4432  4535 D SQLiteCursor: received count(*) from native_fill_window: 1
09-09 22:16:04.414  4432  4535 D SQLiteQueryBuilder: Performing query: SELECT _id, _data, format, date_modified FROM files WHERE (_data=?)
09-09 22:16:04.415  4432  4535 D SQLiteCursor: received count(*) from native_fill_window: 1
09-09 22:16:04.415  4432  4535 D SQLiteQueryBuilder: Performing query: SELECT _id, _data, format, date_modified FROM files WHERE (_data=?)
09-09 22:16:04.416  4432  4535 D SQLiteCursor: received count(*) from native_fill_window: 1
09-09 22:16:04.416  4432  4535 D SQLiteQueryBuilder: Performing query: SELECT _id, _data, format, date_modified FROM files WHERE (_data=?)
09-09 22:16:04.417  4432  4535 D SQLiteCursor: received count(*) from native_fill_window: 1
09-09 22:16:04.417  4432  4535 D SQLiteQueryBuilder: Performing query: SELECT _id, _data, format, date_modified FROM files WHERE (_data=?)
09-09 22:16:04.418  4432  4535 D SQLiteCursor: received count(*) from native_fill_window: 1
09-09 22:16:04.419  4432  4535 D SQLiteQueryBuilder: Performing query: SELECT _id, _data, format, date_modified FROM files WHERE (_data=?)
09-09 22:16:04.419  4432  4535 D SQLiteCursor: received count(*) from native_fill_window: 1
09-09 22:16:04.420  4432  4535 D SQLiteQueryBuilder: Performing query: SELECT _id, _data, format, date_modified FROM files WHERE (_data=?)
09-09 22:16:04.421  4432  4535 D SQLiteCursor: received count(*) from native_fill_window: 1
09-09 22:16:04.421  4432  4535 D SQLiteQueryBuilder: Performing query: SELECT _id, _data, format, date_modified FROM files WHERE (_data=?)
09-09 22:16:04.422  4432  4535 D SQLiteCursor: received count(*) from native_fill_window: 1
09-09 22:16:04.422  4432  4535 D SQLiteQueryBuilder: Performing query: SELECT _id, _data, format, date_modified FROM files WHERE (_data=?)
09-09 22:16:04.423  4432  4535 D SQLiteCursor: received count(*) from native_fill_window: 1
09-09 22:16:04.423  4432  4535 D SQLiteQueryBuilder: Performing query: SELECT _id, _data, format, date_modified FROM files WHERE (_data=?)
09-09 22:16:04.424  4432  4535 D SQLiteCursor: received count(*) from native_fill_window: 1
09-09 22:16:04.424  4432  4535 D SQLiteQueryBuilder: Performing query: SELECT _id, _data, format, date_modified FROM files WHERE (_data=?)
09-09 22:16:04.425  4432  4535 D SQLiteCursor: received count(*) from native_fill_window: 1
