09-10 00:44:27.938  4416  4525 D SQLiteCursor: received count(*) from native_fill_window: 1
09-10 00:44:27.938  4416  4525 D SQLiteQueryBuilder: Performing query: SELECT _id, _data, format, date_modified FROM files WHERE (_data=?)
09-10 00:44:27.939  4416  4525 D SQLiteCursor: received count(*) from native_fill_window: 1
09-10 00:44:27.940  4416  4525 D SQLiteQueryBuilder: Performing query: SELECT _id, _data, format, date_modified FROM files WHERE (_data=?)
09-10 00:44:27.941  4416  4525 D SQLiteCursor: received count(*) from native_fill_window: 1
09-10 00:44:27.942  4416  4525 D SQLiteQueryBuilder: Performing query: SELECT _id, _data, format, date_modified FROM files WHERE (_data=?)
09-10 00:44:27.943  4416  4525 D SQLiteCursor: received count(*) from native_fill_window: 1
09-10 00:44:27.944  4416  4525 D SQLiteQueryBuilder: Performing query: SELECT _id, _data, format, date_modified FROM files WHERE (_data=?)
09-10 00:44:27.945  4416  4525 D SQLiteCursor: received count(*) from native_fill_window: 1
09-10 00:44:27.945  4416  4525 D SQLiteQueryBuilder: Performing query: SELECT _id, _data, format, date_modified FROM files WHERE (_data=?)
09-10 00:44:27.947  4718  4738 D SQLiteQueryBuilder: Performing query: SELECT channels._id, channels.internal_provider_id, channels.browsable, channels.display_name, channels.description FROM channels WHERE (channels.package_name=?)
09-10 00:44:27.947  4416  4525 D SQLiteCursor: received count(*) from native_fill_window: 1
09-10 00:44:27.947  4416  4525 D SQLiteQueryBuilder: Performing query: SELECT _id, _data, format, date_modified FROM files WHERE (_data=?)
09-10 00:44:27.948  4555  4555 D MusicLifecycle: com.google.android.music.browse.MediaBrowserService generated event: Service created
09-10 00:44:27.948  4416  4525 D SQLiteCursor: received count(*) from native_fill_window: 1
09-10 00:44:27.949  4416  4525 D SQLiteQueryBuilder: Performing query: SELECT _id, _data, format, date_modified FROM files WHERE (_data=?)
09-10 00:44:27.950  4416  4525 D SQLiteCursor: received count(*) from native_fill_window: 1
09-10 00:44:27.951  4416  4525 D SQLiteQueryBuilder: Performing query: SELECT _id, _data, format, date_modified FROM files WHERE (_data=?)
09-10 00:44:27.952  4416  4525 D SQLiteCursor: received count(*) from native_fill_window: 1
09-10 00:44:27.953  4416  4525 D SQLiteQueryBuilder: Performing query: SELECT _id, _data, format, date_modified FROM files WHERE (_data=?)
09-10 00:44:27.954  4416  4525 D SQLiteCursor: received count(*) from native_fill_window: 1
09-10 00:44:27.954  4416  4525 D SQLiteQueryBuilder: Performing query: SELECT _id, _data, format, date_modified FROM files WHERE (_data=?)
09-10 00:44:27.955  4416  4525 D SQLiteCursor: received count(*) from native_fill_window: 1
09-10 00:44:27.956  4416  4525 D SQLiteQueryBuilder: Performing query: SELECT _id, _data, format, date_modified FROM files WHERE (_data=?)
09-10 00:44:27.957  4416  4525 D SQLiteCursor: received count(*) from native_fill_window: 1
09-10 00:44:27.958  4416  4525 D SQLiteQueryBuilder: Performing query: SELECT _id, _data, format, date_modified FROM files WHERE (_data=?)
09-10 00:44:27.959  4416  4525 D SQLiteCursor: received count(*) from native_fill_window: 1
09-10 00:44:27.960  4416  4525 D SQLiteQueryBuilder: Performing query: SELECT _id, _data, format, date_modified FROM files WHERE (_data=?)
09-10 00:44:27.960  4718  4738 D SQLiteCursor: received count(*) from native_fill_window: 1
09-10 00:44:27.961  4416  4525 D SQLiteCursor: received count(*) from native_fill_window: 1
09-10 00:44:27.963  4416  4525 D SQLiteQueryBuilder: Performing query: SELECT _id, _data, format, date_modified FROM files WHERE (_data=?)
09-10 00:44:27.964  4416  4525 D SQLiteCursor: received count(*) from native_fill_window: 1
09-10 00:44:27.965  4416  4525 D SQLiteQueryBuilder: Performing query: SELECT _id, _data, format, date_modified FROM files WHERE (_data=?)
09-10 00:44:27.966  4416  4525 D SQLiteCursor: received count(*) from native_fill_window: 1
09-10 00:44:27.966  4416  4525 D SQLiteQueryBuilder: Performing query: SELECT _id, _data, format, date_modified FROM files WHERE (_data=?)
09-10 00:44:27.967  4416  4525 D SQLiteCursor: received count(*) from native_fill_window: 1
09-10 00:44:27.968  4416  4525 D SQLiteQueryBuilder: Performing query: SELECT _id, _data, format, date_modified FROM files WHERE (_data=?)
09-10 00:44:27.969  4416  4525 D SQLiteCursor: received count(*) from native_fill_window: 1
09-10 00:44:27.970  4416  4525 D SQLiteQueryBuilder: Performing query: SELECT _id, _data, format, date_modified FROM files WHERE (_data=?)
09-10 00:44:27.972  4416  4525 D SQLiteCursor: received count(*) from native_fill_window: 1
09-10 00:44:27.972  4416  4525 D SQLiteQueryBuilder: Performing query: SELECT _id, _data, format, date_modified FROM files WHERE (_data=?)
09-10 00:44:27.973  4416  4525 D SQLiteCursor: received count(*) from native_fill_window: 1
09-10 00:44:27.974  4416  4525 D SQLiteQueryBuilder: Performing query: SELECT _id, _data, format, date_modified FROM files WHERE (_data=?)
09-10 00:44:27.975  4416  4525 D SQLiteCursor: received count(*) from native_fill_window: 1
09-10 00:44:27.976  4416  4525 D SQLiteQueryBuilder: Performing query: SELECT _id, _data, format, date_modified FROM files WHERE (_data=?)
09-10 00:44:27.977  4416  4525 D SQLiteCursor: received count(*) from native_fill_window: 1
09-10 00:44:27.978  4416  4525 D SQLiteQueryBuilder: Performing query: SELECT _id, _data, format, date_modified FROM files WHERE (_data=?)
09-10 00:44:27.979  4416  4525 D SQLiteCursor: received count(*) from native_fill_window: 1
09-10 00:44:27.980  4416  4525 D SQLiteQueryBuilder: Performing query: SELECT _id, _data, format, date_modified FROM files WHERE (_data=?)
09-10 00:44:27.981  4416  4525 D SQLiteCursor: received count(*) from native_fill_window: 1
09-10 00:44:27.982  4416  4525 D SQLiteQueryBuilder: Performing query: SELECT _id, _data, format, date_modified FROM files WHERE (_data=?)
09-10 00:44:27.983  4416  4525 D SQLiteCursor: received count(*) from native_fill_window: 1
09-10 00:44:27.993  4416  4525 D SQLiteQueryBuilder: Performing query: SELECT _id, _data, format, date_modified FROM files WHERE (_data=?)
09-10 00:44:27.994  4416  4525 D SQLiteCursor: received count(*) from native_fill_window: 1
09-10 00:44:28.001  4555  4555 D ConfigContentProvider: query: ContentProviderQuery{uri=content://com.google.android.music.ConfigContent/one-key/1/StringNonNegativeLoggingId, projection=[Name, Namespace, data_type, string_value, integer_value, long_value, boolean_value], selection=null, selectionArguments=null, sortOrder=null}
09-10 00:44:28.005  4416  4525 D SQLiteQueryBuilder: Performing query: SELECT _id, _data, format, date_modified FROM files WHERE (_data=?)
09-10 00:44:28.008  4416  4525 D SQLiteCursor: received count(*) from native_fill_window: 1
09-10 00:44:28.009  4416  4525 D SQLiteQueryBuilder: Performing query: SELECT _id, _data, format, date_modified FROM files WHERE (_data=?)
09-10 00:44:28.010  4416  4525 D SQLiteCursor: received count(*) from native_fill_window: 1
09-10 00:44:28.011  4416  4525 D SQLiteQueryBuilder: Performing query: SELECT _id, _data, format, date_modified FROM files WHERE (_data=?)
09-10 00:44:28.014  4416  4525 D SQLiteCursor: received count(*) from native_fill_window: 1
09-10 00:44:28.014  4416  4525 D SQLiteQueryBuilder: Performing query: SELECT _id, _data, format, date_modified FROM files WHERE (_data=?)
09-10 00:44:28.016  4416  4525 D SQLiteCursor: received count(*) from native_fill_window: 1
09-10 00:44:28.021  4555  4555 D ConfigContentProvider: query: ContentProviderQuery{uri=content://com.google.android.music.ConfigContent/one-key/0/isPlayLoggingEnabled, projection=[Name, Namespace, data_type, string_value, integer_value, long_value, boolean_value], selection=null, selectionArguments=null, sortOrder=null}
09-10 00:44:28.025  4555  4555 D SQLiteCursor: received count(*) from native_fill_window: 0
09-10 00:44:28.029  4555  4555 D ConfigContentProvider: query: ContentProviderQuery{uri=content://com.google.android.music.ConfigContent/one-key/0/enableStructuredLogging, projection=[Name, Namespace, data_type, string_value, integer_value, long_value, boolean_value], selection=null, selectionArguments=null, sortOrder=null}
09-10 00:44:28.032  4555  4555 D SQLiteCursor: received count(*) from native_fill_window: 1
09-10 00:44:28.052  4416  4525 D SQLiteQueryBuilder: Performing query: SELECT _id, _data, format, date_modified FROM files WHERE (_data=?)
09-10 00:44:28.053  4416  4525 D SQLiteCursor: received count(*) from native_fill_window: 1
09-10 00:44:28.053  4416  4525 D SQLiteQueryBuilder: Performing query: SELECT _id, _data, format, date_modified FROM files WHERE (_data=?)
09-10 00:44:28.054  4416  4525 D SQLiteCursor: received count(*) from native_fill_window: 1
09-10 00:44:28.065  4416  4525 D SQLiteQueryBuilder: Performing query: SELECT _id, _data, format, date_modified FROM files WHERE (_data=?)
09-10 00:44:28.066  4416  4525 D SQLiteCursor: received count(*) from native_fill_window: 1
09-10 00:44:28.076  4416  4525 D SQLiteQueryBuilder: Performing query: SELECT _id, _data, format, date_modified FROM files WHERE (_data=?)
09-10 00:44:28.077  4416  4525 D SQLiteCursor: received count(*) from native_fill_window: 1
09-10 00:44:28.078  4416  4525 D SQLiteQueryBuilder: Performing query: SELECT _id, _data, format, date_modified FROM files WHERE (_data=?)
09-10 00:44:28.079  4416  4525 D SQLiteCursor: received count(*) from native_fill_window: 1
09-10 00:44:28.083  4399  4717 W zygote  : Long monitor contention with owner SharedPreferencesImpl-load (4777) at boolean java.io.UnixFileSystem.checkAccess0(java.io.File, int)(UnixFileSystem.java:-2) waiters=0 in android.content.SharedPreferences$Editor android.app.SharedPreferencesImpl.edit() for 1.063s
09-10 00:44:28.104  4416  4525 D SQLiteQueryBuilder: Performing query: SELECT _id, _data, format, date_modified FROM files WHERE (_data=?)
09-10 00:44:28.105  4416  4525 D SQLiteCursor: received count(*) from native_fill_window: 1
09-10 00:44:28.124  4416  4525 D SQLiteQueryBuilder: Performing query: SELECT _id, _data, format, date_modified FROM files WHERE (_data=?)
09-10 00:44:28.127  4416  4525 D SQLiteCursor: received count(*) from native_fill_window: 1
09-10 00:44:28.127  4416  4525 D SQLiteQueryBuilder: Performing query: SELECT _id, _data, format, date_modified FROM files WHERE (_data=?)
09-10 00:44:28.128  4555  4555 D ConfigContentProvider: query: ContentProviderQuery{uri=content://com.google.android.music.ConfigContent/one-key/0/enableTagManagerLogging, projection=[Name, Namespace, data_type, string_value, integer_value, long_value, boolean_value], selection=null, selectionArguments=null, sortOrder=null}
09-10 00:44:28.129  4416  4525 D SQLiteCursor: received count(*) from native_fill_window: 1
09-10 00:44:28.129  4555  4555 D SQLiteCursor: received count(*) from native_fill_window: 0
09-10 00:44:28.129  4416  4525 D SQLiteQueryBuilder: Performing query: SELECT _id, _data, format, date_modified FROM files WHERE (_data=?)
09-10 00:44:28.131  4416  4525 D SQLiteCursor: received count(*) from native_fill_window: 1
09-10 00:44:28.132  4416  4525 D SQLiteQueryBuilder: Performing query: SELECT _id, _data, format, date_modified FROM files WHERE (_data=?)
09-10 00:44:28.133  4416  4525 D SQLiteCursor: received count(*) from native_fill_window: 1
09-10 00:44:28.148  4416  4525 D SQLiteQueryBuilder: Performing query: SELECT _id, _data, format, date_modified FROM files WHERE (_data=?)
09-10 00:44:28.158  4555  4555 D MusicLifecycle: com.google.android.music.playback2.MusicPlaybackService generated event: Service created
09-10 00:44:28.158  4555  4555 I MusicPlaybackService: v2 onCreate
09-10 00:44:28.162  4416  4525 D SQLiteCursor: received count(*) from native_fill_window: 1
09-10 00:44:28.162  4416  4525 D SQLiteQueryBuilder: Performing query: SELECT _id, _data, format, date_modified FROM files WHERE (_data=?)
09-10 00:44:28.164  4416  4525 D SQLiteCursor: received count(*) from native_fill_window: 1
09-10 00:44:28.183  4416  4525 D SQLiteQueryBuilder: Performing query: SELECT _id, _data, format, date_modified FROM files WHERE (_data=?)
09-10 00:44:28.184  4416  4525 D SQLiteCursor: received count(*) from native_fill_window: 1
09-10 00:44:28.185  4416  4525 D SQLiteQueryBuilder: Performing query: SELECT _id, _data, format, date_modified FROM files WHERE (_data=?)
09-10 00:44:28.186  4416  4525 D SQLiteCursor: received count(*) from native_fill_window: 1
09-10 00:44:28.193  3748  3968 D MediaRouterService: Client com.google.android.music (pid 4555): Registered
09-10 00:44:28.196  4416  4525 D SQLiteQueryBuilder: Performing query: SELECT _id, _data, format, date_modified FROM files WHERE (_data=?)
09-10 00:44:28.198  4416  4525 D SQLiteCursor: received count(*) from native_fill_window: 1
09-10 00:44:28.199  4416  4525 D SQLiteQueryBuilder: Performing query: SELECT _id, _data, format, date_modified FROM files WHERE (_data=?)
09-10 00:44:28.199  4555  4555 D MediaRouter: Provider added: MediaRouter.RouteProviderInfo{ packageName=android }
09-10 00:44:28.200  4416  4525 D SQLiteCursor: received count(*) from native_fill_window: 1
09-10 00:44:28.200  4555  4555 D MediaRouter: Route added: MediaRouter.RouteInfo{ uniqueId=android/.support.v7.media.SystemMediaRouteProvider:DEFAULT_ROUTE, name=HDMI, description=null, iconUri=null, enabled=true, connecting=false, connectionState=0, canDisconnect=false, playbackType=0, playbackStream=3, deviceType=0, volumeHandling=0, volume=15, volumeMax=15, presentationDisplayId=-1, extras=null, settingsIntent=null, providerPackageName=android }
09-10 00:44:28.201  4555  4555 I MediaRouter: Found default route: MediaRouter.RouteInfo{ uniqueId=android/.support.v7.media.SystemMediaRouteProvider:DEFAULT_ROUTE, name=HDMI, description=null, iconUri=null, enabled=true, connecting=false, connectionState=0, canDisconnect=false, playbackType=0, playbackStream=3, deviceType=0, volumeHandling=0, volume=15, volumeMax=15, presentationDisplayId=-1, extras=null, settingsIntent=null, providerPackageName=android }
09-10 00:44:28.201  4555  4555 I MediaRouter: Unselecting the current route because it is no longer selectable: null
09-10 00:44:28.201  4555  4555 D MediaRouter: Route selected: MediaRouter.RouteInfo{ uniqueId=android/.support.v7.media.SystemMediaRouteProvider:DEFAULT_ROUTE, name=HDMI, description=null, iconUri=null, enabled=true, connecting=false, connectionState=0, canDisconnect=false, playbackType=0, playbackStream=3, deviceType=0, volumeHandling=0, volume=15, volumeMax=15, presentationDisplayId=-1, extras=null, settingsIntent=null, providerPackageName=android }
09-10 00:44:28.201  4555  4555 D MediaRouter: Provider changed: MediaRouter.RouteProviderInfo{ packageName=android }
09-10 00:44:28.208  4555  4555 D WoodstockManager: WoodstockManager
09-10 00:44:28.209  4555  4555 D WoodstockManager: setNotificationCallback
09-10 00:44:28.209  4555  4555 D WoodstockManager: setFeedCallback
09-10 00:44:28.209  4315  4331 W zygote  : Long monitor contention with owner main (4315) at long android.database.sqlite.SQLiteConnection.nativeOpen(java.lang.String, int, java.lang.String, boolean, boolean)(SQLiteConnection.java:-2) waiters=0 in android.database.sqlite.SQLiteDatabase android.database.sqlite.SQLiteOpenHelper.getWritableDatabase() for 1.151s
09-10 00:44:28.212  4315  4328 W zygote  : Long monitor contention with owner main (4315) at long android.database.sqlite.SQLiteConnection.nativeOpen(java.lang.String, int, java.lang.String, boolean, boolean)(SQLiteConnection.java:-2) waiters=1 in android.database.sqlite.SQLiteDatabase android.database.sqlite.SQLiteOpenHelper.getWritableDatabase() for 490ms
09-10 00:44:28.214  4555  4555 D ConfigContentProvider: query: ContentProviderQuery{uri=content://com.google.android.music.ConfigContent/one-key/0/maxUpdateNotificationDelayMillis, projection=[Name, Namespace, data_type, string_value, integer_value, long_value, boolean_value], selection=null, selectionArguments=null, sortOrder=null}
09-10 00:44:28.218  4555  4555 D SQLiteCursor: received count(*) from native_fill_window: 0
09-10 00:44:28.223  4399  4717 D TVNotifService.RecMgr: Updating recommendation manager with active notifications, shouldUpdate = true
09-10 00:44:28.224  4315  4315 D SQLiteCursor: received count(*) from native_fill_window: 1
09-10 00:44:28.227  4416  4525 D SQLiteQueryBuilder: Performing query: SELECT _id, _data, format, date_modified FROM files WHERE (_data=?)
09-10 00:44:28.229  4315  4315 D SQLiteCursor: received count(*) from native_fill_window: 0
09-10 00:44:28.231  4718  4738 D SQLiteQueryBuilder: Performing query: SELECT _id, title, short_description, internal_provider_id FROM preview_programs WHERE (package_name = ?)
09-10 00:44:28.232  4416  4525 D SQLiteCursor: received count(*) from native_fill_window: 1
09-10 00:44:28.234  4416  4525 D SQLiteQueryBuilder: Performing query: SELECT _id, _data, format, date_modified FROM files WHERE (_data=?)
09-10 00:44:28.235  4315  4315 D SQLiteCursor: received count(*) from native_fill_window: 1
09-10 00:44:28.239  4416  4525 D SQLiteCursor: received count(*) from native_fill_window: 1
09-10 00:44:28.240  4315  4315 D SQLiteCursor: received count(*) from native_fill_window: 34
09-10 00:44:28.241  4416  4525 D SQLiteQueryBuilder: Performing query: SELECT _id, _data, format, date_modified FROM files WHERE (_data=?)
09-10 00:44:28.242  4416  4525 D SQLiteCursor: received count(*) from native_fill_window: 1
09-10 00:44:28.245  4315  4328 D SQLiteCursor: received count(*) from native_fill_window: 0
09-10 00:44:28.246  4315  4331 D SQLiteCursor: received count(*) from native_fill_window: 0
09-10 00:44:28.247  4784  4818 W zygote  : Long monitor contention with owner main (4784) at boolean android.os.BinderProxy.transactNative(int, android.os.Parcel, android.os.Parcel, int)(Binder.java:-2) waiters=0 in java.util.Map mfc.a() for 532ms
09-10 00:44:28.255  4555  4555 D ConfigContentProvider: query: ContentProviderQuery{uri=content://com.google.android.music.ConfigContent/one-key/0/androidCachedEphemeralTrackTTLDays, projection=[Name, Namespace, data_type, string_value, integer_value, long_value, boolean_value], selection=null, selectionArguments=null, sortOrder=null}
09-10 00:44:28.258  4555  4555 D SQLiteCursor: received count(*) from native_fill_window: 0
09-10 00:44:28.258  4718  4738 D SQLiteCursor: received count(*) from native_fill_window: 0
09-10 00:44:28.261  4555  4555 D ConfigContentProvider: query: ContentProviderQuery{uri=content://com.google.android.music.ConfigContent/one-key/0/androidIncludePinnedEphemeralInTrackTtl, projection=[Name, Namespace, data_type, string_value, integer_value, long_value, boolean_value], selection=null, selectionArguments=null, sortOrder=null}
09-10 00:44:28.270  4555  4555 D SQLiteCursor: received count(*) from native_fill_window: 0
09-10 00:44:28.272  4416  4525 D SQLiteQueryBuilder: Performing query: SELECT _id, _data, format, date_modified FROM files WHERE (_data=?)
09-10 00:44:28.273  4416  4525 D SQLiteCursor: received count(*) from native_fill_window: 1
09-10 00:44:28.282  4555  4842 D DownloadQueue: clearCurrentTask
09-10 00:44:28.283  4555  4842 D DownloadQueue: getNextTask(): wait
09-10 00:44:28.285  4555  4555 D ConfigContentProvider: query: ContentProviderQuery{uri=content://com.google.android.music.ConfigContent/one-key/0/androidEnableExoPlayer, projection=[Name, Namespace, data_type, string_value, integer_value, long_value, boolean_value], selection=null, selectionArguments=null, sortOrder=null}
09-10 00:44:28.288  4555  4555 D SQLiteCursor: received count(*) from native_fill_window: 0
09-10 00:44:28.294  4315  4315 D Backup  : [D2dTransport] Moved from state 0 to 0
09-10 00:44:28.315  4416  4525 D SQLiteQueryBuilder: Performing query: SELECT _id, _data, format, date_modified FROM files WHERE (_data=?)
09-10 00:44:28.316  4416  4525 D SQLiteCursor: received count(*) from native_fill_window: 1
09-10 00:44:28.325  4784  4818 I PrimesTesting: GserviceFlagsSupplier.get()
09-10 00:44:28.330  4416  4525 D SQLiteQueryBuilder: Performing query: SELECT _id, _data, format, date_modified FROM files WHERE (_data=?)
09-10 00:44:28.331  4416  4525 D SQLiteCursor: received count(*) from native_fill_window: 1
09-10 00:44:28.343  3748  3748 W Binder  : Outgoing transactions from this process must be FLAG_ONEWAY
09-10 00:44:28.343  3748  3748 W Binder  : java.lang.Throwable
09-10 00:44:28.343  3748  3748 W Binder  : 	at android.os.BinderProxy.transact(Binder.java:736)
09-10 00:44:28.343  3748  3748 W Binder  : 	at com.android.internal.backup.IBackupTransport$Stub$Proxy.name(IBackupTransport.java:369)
09-10 00:44:28.343  3748  3748 W Binder  : 	at com.android.server.backup.TransportManager$TransportConnection.onServiceConnected(TransportManager.java:339)
09-10 00:44:28.343  3748  3748 W Binder  : 	at android.app.LoadedApk$ServiceDispatcher.doConnected(LoadedApk.java:1634)
09-10 00:44:28.343  3748  3748 W Binder  : 	at android.app.LoadedApk$ServiceDispatcher$RunConnection.run(LoadedApk.java:1663)
09-10 00:44:28.343  3748  3748 W Binder  : 	at android.os.Handler.handleCallback(Handler.java:789)
09-10 00:44:28.343  3748  3748 W Binder  : 	at android.os.Handler.dispatchMessage(Handler.java:98)
09-10 00:44:28.343  3748  3748 W Binder  : 	at android.os.Looper.loop(Looper.java:164)
09-10 00:44:28.343  3748  3748 W Binder  : 	at com.android.server.SystemServer.run(SystemServer.java:421)
09-10 00:44:28.343  3748  3748 W Binder  : 	at com.android.server.SystemServer.main(SystemServer.java:260)
09-10 00:44:28.343  3748  3748 W Binder  : 	at java.lang.reflect.Method.invoke(Native Method)
09-10 00:44:28.343  3748  3748 W Binder  : 	at com.android.internal.os.Zygote$MethodAndArgsCaller.run(Zygote.java:240)
09-10 00:44:28.343  3748  3748 W Binder  : 	at com.android.internal.os.ZygoteInit.main(ZygoteInit.java:767)
09-10 00:44:28.343  4784  4784 I GAv4-SVC: Google Analytics 13.5.89 is starting up.
09-10 00:44:28.350  3748  3748 D BackupTransportManager: Bound to transport: com.google.android.gms/.backup.component.D2dTransportService
09-10 00:44:28.356  4555  4555 D ConfigContentProvider: query: ContentProviderQuery{uri=content://com.google.android.music.ConfigContent/one-key/0/enableWsExtras, projection=[Name, Namespace, data_type, string_value, integer_value, long_value, boolean_value], selection=null, selectionArguments=null, sortOrder=null}
09-10 00:44:28.362  4555  4555 D SQLiteCursor: received count(*) from native_fill_window: 1
09-10 00:44:28.365  4416  4525 D SQLiteQueryBuilder: Performing query: SELECT _id, _data, format, date_modified FROM files WHERE (_data=?)
09-10 00:44:28.372  4555  4555 D ConfigContentProvider: query: ContentProviderQuery{uri=content://com.google.android.music.ConfigContent/one-key/0/showA, projection=[Name, Namespace, data_type, string_value, integer_value, long_value, boolean_value], selection=null, selectionArguments=null, sortOrder=null}
09-10 00:44:28.375  4555  4555 D SQLiteCursor: received count(*) from native_fill_window: 1
09-10 00:44:28.378  4416  4525 D SQLiteCursor: received count(*) from native_fill_window: 1
09-10 00:44:28.382  4784  4784 D GAv4-SVC: Device AnalyticsService version: 13.5.89
09-10 00:44:28.385  4555  4555 D ConfigContentProvider: query: ContentProviderQuery{uri=content://com.google.android.music.ConfigContent/one-key/0/fcapConfigJson, projection=[Name, Namespace, data_type, string_value, integer_value, long_value, boolean_value], selection=null, selectionArguments=null, sortOrder=null}
09-10 00:44:28.388  4555  4555 D SQLiteCursor: received count(*) from native_fill_window: 1
09-10 00:44:28.393  4555  4555 I AdsSessionManager: frequencyCapConfigJson={
09-10 00:44:28.393  4555  4555 I AdsSessionManager:   "userTenureIntervalWindow": {
09-10 00:44:28.393  4555  4555 I AdsSessionManager:     "startMillis": "15552000000",
09-10 00:44:28.393  4555  4555 I AdsSessionManager:     "endMillis": "622080000000"
09-10 00:44:28.393  4555  4555 I AdsSessionManager:   },
09-10 00:44:28.393  4555  4555 I AdsSessionManager:   "adsSessionConfig": [{
09-10 00:44:28.393  4555  4555 I AdsSessionManager:     "sessionIntervalWindow": {
09-10 00:44:28.393  4555  4555 I AdsSessionManager:       "startMillis": "0",
09-10 00:44:28.393  4555  4555 I AdsSessionManager:       "endMillis": "3600000"
09-10 00:44:28.393  4555  4555 I AdsSessionManager:     },
09-10 00:44:28.393  4555  4555 I AdsSessionManager:     "firstAdOffsetMillis": "549000",
09-10 00:44:28.393  4555  4555 I AdsSessionManager:     "timeBetweenAdsMillis": "720000"
09-10 00:44:28.393  4555  4555 I AdsSessionManager:   }, {
09-10 00:44:28.393  4555  4555 I AdsSessionManager:     "sessionIntervalWindow": {
09-10 00:44:28.393  4555  4555 I AdsSessionManager:       "startMillis": "3600000",
09-10 00:44:28.393  4555  4555 I AdsSessionManager:       "endMillis": "2592000000"
09-10 00:44:28.393  4555  4555 I AdsSessionManager:     },
09-10 00:44:28.393  4555  4555 I AdsSessionManager:     "firstAdOffsetMillis": "549000",
09-10 00:44:28.393  4555  4555 I AdsSessionManager:     "timeBetweenAdsMillis": "720000"
09-10 00:44:28.393  4555  4555 I AdsSessionManager:   }]
09-10 00:44:28.393  4555  4555 I AdsSessionManager: }
09-10 00:44:28.397  4416  4525 D SQLiteQueryBuilder: Performing query: SELECT _id, _data, format, date_modified FROM files WHERE (_data=?)
09-10 00:44:28.401  4416  4525 D SQLiteCursor: received count(*) from native_fill_window: 1
09-10 00:44:28.401  4416  4525 D SQLiteQueryBuilder: Performing query: SELECT _id, _data, format, date_modified FROM files WHERE (_data=?)
09-10 00:44:28.409  4784  4847 E GAv4-SVC: Missing required android.permission.ACCESS_NETWORK_STATE. Google Analytics disabled. See http://goo.gl/8Rd3yj for instructions
09-10 00:44:28.414  4555  4769 D SingleImagePostProc: Single Image Processor: request title=NOTIFICATION will use mode=alias, dimensions requested=1024x1024, given=400x400, deltaAR=0.0
09-10 00:44:28.420  4555  4555 D AudioAdsManager: msg=Changing state from 0 to 0, playbackState=0
09-10 00:44:28.425  4416  4525 D SQLiteCursor: received count(*) from native_fill_window: 1
09-10 00:44:28.426  4416  4525 D SQLiteQueryBuilder: Performing query: SELECT _id, _data, format, date_modified FROM files WHERE (_data=?)
09-10 00:44:28.430  3748  3968 D MediaSessionStack: updateMediaButtonSessionIfNeeded, callers=com.android.server.media.MediaSessionStack.addSession:113 com.android.server.media.MediaSessionService.createSessionLocked:531 
09-10 00:44:28.431  3748  3968 D MediaSessionService: Created session for com.google.android.music with tag com.google.android.music
09-10 00:44:28.432  3883  4080 D vol.MediaSessions: updateRemoteControllerH null
09-10 00:44:28.433  3883  4080 D vol.MediaSessions: onActiveSessionsUpdatedH n=0
09-10 00:44:28.433  3883  4080 D vol.MediaSessions: onActiveSessionsUpdatedH n=0
09-10 00:44:28.433  4315  4331 D SQLiteCursor: received count(*) from native_fill_window: 1
09-10 00:44:28.435  4416  4525 D SQLiteCursor: received count(*) from native_fill_window: 1
09-10 00:44:28.435  3849  4237 I Avrcp   : Skipping update due to invalid playback state
09-10 00:44:28.435  3849  4237 E Avrcp   : play status change -1➡0
09-10 00:44:28.435  3849  4237 D Avrcp   : sendPlayPosNotificationRsp: Not registered or requesting.
09-10 00:44:28.439  4315  4331 D SQLiteCursor: received count(*) from native_fill_window: 0
09-10 00:44:28.440  4784  4847 E GAv4-SVC: Device AnalyticsService not registered! Hits will not be delivered reliably.
09-10 00:44:28.441  4315  4331 D SQLiteCursor: received count(*) from native_fill_window: 1
09-10 00:44:28.442  4416  4525 D SQLiteQueryBuilder: Performing query: SELECT _id, _data, format, date_modified FROM files WHERE (_data=?)
09-10 00:44:28.444  4416  4525 D SQLiteCursor: received count(*) from native_fill_window: 1
09-10 00:44:28.445  4416  4525 D SQLiteQueryBuilder: Performing query: SELECT _id, _data, format, date_modified FROM files WHERE (_data=?)
09-10 00:44:28.446  4416  4525 D SQLiteCursor: received count(*) from native_fill_window: 1
09-10 00:44:28.447  4315  4331 D SQLiteCursor: received count(*) from native_fill_window: 48
09-10 00:44:28.449  4555  4555 I MediaSessionManager: MediaSessionManager created
09-10 00:44:28.451  4416  4525 D SQLiteCursor: received count(*) from native_fill_window: 1
09-10 00:44:28.461  3883  4080 D vol.MediaSessions: updateRemoteControllerH null
09-10 00:44:28.463  3883  4080 D vol.MediaSessions: onActiveSessionsUpdatedH n=1
09-10 00:44:28.464  3748  3968 D MediaSessionRecord: registering controller callback android.media.session.ISessionControllerCallback$Stub$Proxy@ee1eb9e
09-10 00:44:28.468  3849  4237 W Avrcp   : playState object null, sending STOPPED
09-10 00:44:28.471  3849  4237 D Avrcp   : update #1:MediaPlayerInfo com.google.android.music (as 'Google Play Music') Type = 1, SubType = 0, Status = 0 Feature Bits [40 41 42 44 45 47 48 58 59 62 65 67] Controller: MediaController (com.google.android.music@7bbf59) null
09-10 00:44:28.472  3849  4237 W Avrcp   : No package name for player (0 not valid)
09-10 00:44:28.473  3849  4237 D Avrcp   : updateCurrentController: null to MediaController (com.google.android.music@7bbf59) null
09-10 00:44:28.474  3748  3968 D MediaSessionRecord: registering controller callback android.media.session.ISessionControllerCallback$Stub$Proxy@62fa67f
09-10 00:44:28.476  3849  4237 I Avrcp   : Skipping update due to invalid playback state
09-10 00:44:28.476  3849  4237 E Avrcp   : play status change -1➡0
09-10 00:44:28.476  3849  4237 D Avrcp   : sendPlayPosNotificationRsp: Not registered or requesting.
09-10 00:44:28.477  3849  4237 I Avrcp   : Skipping update due to invalid playback state
09-10 00:44:28.477  3849  4237 E Avrcp   : play status change -1➡0
09-10 00:44:28.477  3849  4237 D Avrcp   : sendPlayPosNotificationRsp: Not registered or requesting.
09-10 00:44:28.478  3748  3968 D MediaSessionRecord: registering controller callback android.media.session.ISessionControllerCallback$Stub$Proxy@c3ec64c
09-10 00:44:28.479  3883  4080 D vol.MediaSessions: onActiveSessionsUpdatedH n=1
09-10 00:44:28.479  3849  4237 I Avrcp   : Skipping update due to invalid playback state
09-10 00:44:28.480  3849  4237 E Avrcp   : play status change -1➡0
09-10 00:44:28.480  3849  4237 D Avrcp   : sendPlayPosNotificationRsp: Not registered or requesting.
09-10 00:44:28.484  4555  4555 D ConfigContentProvider: query: ContentProviderQuery{uri=content://com.google.android.music.ConfigContent/one-key/1/CastAppId, projection=[Name, Namespace, data_type, string_value, integer_value, long_value, boolean_value], selection=null, selectionArguments=null, sortOrder=null}
09-10 00:44:28.487  3748  3748 W Binder  : Outgoing transactions from this process must be FLAG_ONEWAY
09-10 00:44:28.487  3748  3748 W Binder  : java.lang.Throwable
09-10 00:44:28.487  3748  3748 W Binder  : 	at android.os.BinderProxy.transact(Binder.java:736)
09-10 00:44:28.487  3748  3748 W Binder  : 	at com.android.internal.backup.IBackupTransport$Stub$Proxy.name(IBackupTransport.java:369)
09-10 00:44:28.487  3748  3748 W Binder  : 	at com.android.server.backup.TransportManager$TransportConnection.onServiceConnected(TransportManager.java:339)
09-10 00:44:28.487  3748  3748 W Binder  : 	at android.app.LoadedApk$ServiceDispatcher.doConnected(LoadedApk.java:1634)
09-10 00:44:28.487  3748  3748 W Binder  : 	at android.app.LoadedApk$ServiceDispatcher$RunConnection.run(LoadedApk.java:1663)
09-10 00:44:28.487  3748  3748 W Binder  : 	at android.os.Handler.handleCallback(Handler.java:789)
09-10 00:44:28.487  3748  3748 W Binder  : 	at android.os.Handler.dispatchMessage(Handler.java:98)
09-10 00:44:28.487  3748  3748 W Binder  : 	at android.os.Looper.loop(Looper.java:164)
09-10 00:44:28.487  3748  3748 W Binder  : 	at com.android.server.SystemServer.run(SystemServer.java:421)
09-10 00:44:28.487  3748  3748 W Binder  : 	at com.android.server.SystemServer.main(SystemServer.java:260)
09-10 00:44:28.487  3748  3748 W Binder  : 	at java.lang.reflect.Method.invoke(Native Method)
09-10 00:44:28.487  3748  3748 W Binder  : 	at com.android.internal.os.Zygote$MethodAndArgsCaller.run(Zygote.java:240)
09-10 00:44:28.487  3748  3748 W Binder  : 	at com.android.internal.os.ZygoteInit.main(ZygoteInit.java:767)
09-10 00:44:28.492  4555  4555 D MediaRouter: addCallback: selector=MediaRouteSelector{ controlCategories=[android.media.intent.category.LIVE_AUDIO, android.media.intent.category.REMOTE_PLAYBACK, com.google.android.gms.cast.CATEGORY_CAST_REMOTE_PLAYBACK/2872939A] }, callback=com.google.android.music.playback2.MusicPlaybackService$10@daf42a2, flags=0
09-10 00:44:28.492  3748  3748 D BackupTransportManager: Bound to transport: com.google.android.gms/.backup.BackupTransportService
09-10 00:44:28.496  4784  4784 I PhFlagCommitter PII_LOG: Committing experiment config for user: 
09-10 00:44:28.500  4555  4555 D MusicServiceTask: ReloadStateTask ReloadStateTask
09-10 00:44:28.514  4555  4555 I MusicPlaybackService: v2 onBind received with intent Intent { cmp=com.google.android.music/.playback2.MusicPlaybackService }
09-10 00:44:28.519  4555  4555 D MediaRouteProviderProxy: Service connection com.google.android.music/.dial.DialMediaRouteProviderService: Starting
09-10 00:44:28.520  4555  4555 D MediaRouter: Provider added: MediaRouter.RouteProviderInfo{ packageName=com.google.android.music }
09-10 00:44:28.523  4555  4555 D MusicLifecycle: com.google.android.music.store.MusicContentProvider generated event: initializing
09-10 00:44:28.560  3748  3748 D NotificationService: handleSavePolicyFile
09-10 00:44:28.600  4650  4650 W zygote  : Skipping duplicate class check due to unrecognized classloader
09-10 00:44:28.605  3748  3760 I ActivityManager: Start proc 4862:com.netflix.ninja/u0a63 for broadcast com.netflix.ninja/.BootCompleteReceiver
09-10 00:44:28.613  4472  4764 D SQLiteQueryBuilder: Performing query: SELECT * FROM partner WHERE ((name=?))
09-10 00:44:28.617  4472  4764 D SQLiteCursor: received count(*) from native_fill_window: 1
09-10 00:44:28.622  4555  4678 D MusicContentProvider: query: uri: content://com.google.android.music.MusicContent/queue?isInCloudQueueMode=false projectionIn=title#artist#album_id#audio_id#Nid#album#Genre#duration#TrackExplicitType selection=null selectionArgs= sortOrder=null
09-10 00:44:28.629  4416  4525 D SQLiteQueryBuilder: Performing query: SELECT _id, _data, format, date_modified FROM files WHERE (media_type=2)
09-10 00:44:28.631  4472  4764 D SQLiteQueryBuilder: Performing query: SELECT value FROM partner WHERE (name=?)
09-10 00:44:28.633  4555  4555 I TaskManagerImpl: onStartNextTask current task: null
09-10 00:44:28.633  4555  4555 I TaskManagerImpl: starting next task: com.google.android.music.playback2.tasks.ReloadStateTask@5d49c08 at time 60293
09-10 00:44:28.634  4555  4555 D MusicServiceTask: ReloadStateTask submitToBackground: callable=com.google.android.music.playback2.callables.ReloadStateCallable@9410fa1
09-10 00:44:28.635  4555  4878 D CallableWrapper: Calling callable=com.google.android.music.playback2.callables.ReloadStateCallable@9410fa1
09-10 00:44:28.639  4416  4525 D SQLiteCursor: received count(*) from native_fill_window: 1
09-10 00:44:28.640  4862  4869 I zygote  : Debugger is no longer active
09-10 00:44:28.640  4472  4764 D SQLiteCursor: received count(*) from native_fill_window: 1
09-10 00:44:28.653  4472  4764 D SQLiteQueryBuilder: Performing query: SELECT value FROM partner WHERE (name=?)
09-10 00:44:28.655  4472  4764 D SQLiteCursor: received count(*) from native_fill_window: 1
09-10 00:44:28.665  4555  4555 D ConfigContentProvider: query: ContentProviderQuery{uri=content://com.google.android.music.ConfigContent/one-key/0/androidEnableEntityBrowserForMediaBrowser, projection=[Name, Namespace, data_type, string_value, integer_value, long_value, boolean_value], selection=null, selectionArguments=null, sortOrder=null}
09-10 00:44:28.669  4555  4555 D SQLiteCursor: received count(*) from native_fill_window: 1
09-10 00:44:28.679  4862  4862 W GraphicsEnvironment: driver package 'gfxdriver-bcmstb' not installed
09-10 00:44:28.681  4555  4555 D ConfigContentProvider: query: ContentProviderQuery{uri=content://com.google.android.music.ConfigContent/one-key/0/isAcceptedUser, projection=[Name, Namespace, data_type, string_value, integer_value, long_value, boolean_value], selection=null, selectionArguments=null, sortOrder=null}
09-10 00:44:28.684  4555  4555 D SQLiteCursor: received count(*) from native_fill_window: 1
09-10 00:44:28.703  4555  4678 D ConfigContentProvider: query: ContentProviderQuery{uri=content://com.google.android.music.ConfigContent/one-key/1/ExplicitRestrictedByParentControl, projection=[Name, Namespace, data_type, string_value, integer_value, long_value, boolean_value], selection=null, selectionArguments=null, sortOrder=null}
09-10 00:44:28.704  4555  4878 D ConfigContentProvider: query: ContentProviderQuery{uri=content://com.google.android.music.ConfigContent/one-key/1/ExplicitRestrictedByParentControl, projection=[Name, Namespace, data_type, string_value, integer_value, long_value, boolean_value], selection=null, selectionArguments=null, sortOrder=null}
09-10 00:44:28.707  3748  3762 D LocationProviderProxy: applying state to connected service
09-10 00:44:28.707  3748  3762 W Binder  : Outgoing transactions from this process must be FLAG_ONEWAY
09-10 00:44:28.707  3748  3762 W Binder  : java.lang.Throwable
09-10 00:44:28.707  3748  3762 W Binder  : 	at android.os.BinderProxy.transact(Binder.java:736)
09-10 00:44:28.707  3748  3762 W Binder  : 	at com.android.internal.location.ILocationProvider$Stub$Proxy.getProperties(ILocationProvider.java:232)
09-10 00:44:28.707  3748  3762 W Binder  : 	at com.android.server.location.LocationProviderProxy$1.run(LocationProviderProxy.java:119)
09-10 00:44:28.707  3748  3762 W Binder  : 	at android.os.Handler.handleCallback(Handler.java:789)
09-10 00:44:28.707  3748  3762 W Binder  : 	at android.os.Handler.dispatchMessage(Handler.java:98)
09-10 00:44:28.707  3748  3762 W Binder  : 	at android.os.Looper.loop(Looper.java:164)
09-10 00:44:28.707  3748  3762 W Binder  : 	at android.os.HandlerThread.run(HandlerThread.java:65)
09-10 00:44:28.709  4555  4555 D ConfigContentProvider: query: ContentProviderQuery{uri=content://com.google.android.music.ConfigContent/one-key/0/conciergeListenNow, projection=[Name, Namespace, data_type, string_value, integer_value, long_value, boolean_value], selection=null, selectionArguments=null, sortOrder=null}
09-10 00:44:28.712  4555  4555 D SQLiteCursor: received count(*) from native_fill_window: 1
09-10 00:44:28.713  4555  4878 D SQLiteQueryBuilder: Performing query: SELECT MUSIC.Id AS audio_id, QUEUE_ITEMS.Id AS _id, Domain, QUEUE_ITEMS.WentryId AS wentryId, Rating, MUSIC.Title AS title, Artist AS artist, Album AS album, AlbumArtist, AlbumArtLocation AS AlbumArtLocation, Genre AS Genre, Duration AS duration, LocalCopyStreamAuthId NOT NULL AS LocalCopyStreamAuthIdExists, LocalCopyPath NOT NULL AS LocalCopyPathExists, MUSIC.SourceId AS sourceId, MUSIC.SourceAccount AS sourceAccount, MUSIC.SourceType AS SourceType, Size, Nid AS Nid, QUEUE_ITEMS.CloudQueueId AS CloudQueueId, MUSIC.AlbumId AS album_id FROM QUEUE_ITEMS JOIN MUSIC ON MusicId = MUSIC.Id JOIN QUEUE_CONTAINERS ON QUEUE_ITEMS.QueueContainerId = QUEUE_CONTAINERS.Id ORDER BY QUEUE_ITEMS.ItemOrder
09-10 00:44:28.735  4555  4555 I MusicPlaybackService: v2 handle message with intent Intent { act=com.google.android.music.musicservicecommand.requestmediasessiontoken (has extras) }
09-10 00:44:28.735  4555  4555 I MusicPlaybackService: v2 Queuing intent Intent { act=com.google.android.music.musicservicecommand.requestmediasessiontoken (has extras) }
09-10 00:44:28.740  4555  4555 D MusicLifecycle: com.google.android.music.eventlog.PlayLogsService generated event: Service created
09-10 00:44:28.745  4862  4883 E VC5     : DRM: Trying to find: /dev/dri/card0
09-10 00:44:28.745  4862  4883 D libEGL  : loaded /vendor/lib/egl/libGLES_nexus.so
09-10 00:44:28.746  4862  4883 E         : init_expose_fences v3d EGL_ANDROID_native_fence_sync extension enabled
09-10 00:44:28.757  4555  4678 D SQLiteQueryBuilder: Performing query: SELECT MUSIC.Title AS title, Artist AS artist, MUSIC.AlbumId AS album_id, MUSIC.Id AS audio_id, Nid AS Nid, Album AS album, Genre AS Genre, Duration AS duration, TrackExplicitType AS TrackExplicitType FROM QUEUE_ITEMS JOIN MUSIC ON MusicId = MUSIC.Id JOIN QUEUE_CONTAINERS ON QUEUE_ITEMS.QueueContainerId = QUEUE_CONTAINERS.Id ORDER BY QUEUE_ITEMS.ItemOrder
09-10 00:44:28.778  4650  4650 E zygote  : The String#value field is not present on Android versions >= 6.0
09-10 00:44:28.788  3748  3762 D LocationProviderProxy: applying state to connected service
09-10 00:44:28.788  3748  3762 W Binder  : Outgoing transactions from this process must be FLAG_ONEWAY
09-10 00:44:28.788  3748  3762 W Binder  : java.lang.Throwable
09-10 00:44:28.788  3748  3762 W Binder  : 	at android.os.BinderProxy.transact(Binder.java:736)
09-10 00:44:28.788  3748  3762 W Binder  : 	at com.android.internal.location.ILocationProvider$Stub$Proxy.getProperties(ILocationProvider.java:232)
09-10 00:44:28.788  3748  3762 W Binder  : 	at com.android.server.location.LocationProviderProxy$1.run(LocationProviderProxy.java:119)
09-10 00:44:28.788  3748  3762 W Binder  : 	at android.os.Handler.handleCallback(Handler.java:789)
09-10 00:44:28.788  3748  3762 W Binder  : 	at android.os.Handler.dispatchMessage(Handler.java:98)
09-10 00:44:28.788  3748  3762 W Binder  : 	at android.os.Looper.loop(Looper.java:164)
09-10 00:44:28.788  3748  3762 W Binder  : 	at android.os.HandlerThread.run(HandlerThread.java:65)
09-10 00:44:28.803  4555  4878 D SQLiteCursor: received count(*) from native_fill_window: 0
09-10 00:44:28.804  4555  4878 D SQLiteQueryBuilder: Performing query: SELECT MUSIC.Id AS audio_id, QUEUE_ITEMS.Id AS _id, Domain, QUEUE_ITEMS.WentryId AS wentryId, Rating, MUSIC.Title AS title, Artist AS artist, Album AS album, AlbumArtist, AlbumArtLocation AS AlbumArtLocation, Genre AS Genre, Duration AS duration, LocalCopyStreamAuthId NOT NULL AS LocalCopyStreamAuthIdExists, LocalCopyPath NOT NULL AS LocalCopyPathExists, MUSIC.SourceId AS sourceId, MUSIC.SourceAccount AS sourceAccount, MUSIC.SourceType AS SourceType, Size, Nid AS Nid, QUEUE_ITEMS.CloudQueueId AS CloudQueueId, MUSIC.AlbumId AS album_id FROM QUEUE_ITEMS JOIN MUSIC ON MusicId = MUSIC.Id JOIN QUEUE_CONTAINERS ON QUEUE_ITEMS.QueueContainerId = QUEUE_CONTAINERS.Id ORDER BY QUEUE_ITEMS.ItemOrder
09-10 00:44:28.808  3748  3758 I zygote  : Background concurrent copying GC freed 35078(2MB) AllocSpace objects, 18(1156KB) LOS objects, 42% free, 6MB/11MB, paused 318us total 159.729ms
09-10 00:44:28.811  4555  4678 D SQLiteCursor: received count(*) from native_fill_window: 0
09-10 00:44:28.811  4555  4878 D SQLiteCursor: received count(*) from native_fill_window: 0
09-10 00:44:28.812  4315  4315 D SQLiteCursor: received count(*) from native_fill_window: 1
09-10 00:44:28.812  4555  4878 W PlaybackServiceState: reload: Can't reload mix descriptor. No valid ID found.
09-10 00:44:28.812  4555  4878 D PlaybackServiceState: reload: no mix descriptor found
09-10 00:44:28.812  4555  4878 D WoodstockManager: acquireLock: ReloadStateCallable
09-10 00:44:28.812  4555  4878 D WoodstockManager: acquireLock: acquired ReloadStateCallable
09-10 00:44:28.813  4555  4878 D WoodstockManager: update: sessionToken=null remoteRadioId=null numberOfPrefetchesAllowed=0
09-10 00:44:28.813  4555  4555 D MusicPlaybackService: v2 notifySkipsDisabled
09-10 00:44:28.813  4555  4878 D MusicProfiler: wsmn: duration=0001ms tag=ReloadStateCallable
09-10 00:44:28.813  4555  4878 D WoodstockManager: releaseLock: ReloadStateCallable
09-10 00:44:28.813  4555  4878 D WoodstockManager: releaseLock: unlocked ReloadStateCallable
09-10 00:44:28.814  4315  4315 D SQLiteCursor: received count(*) from native_fill_window: 0
09-10 00:44:28.816  4315  4315 D SQLiteCursor: received count(*) from native_fill_window: 1
09-10 00:44:28.816  3883  4080 D vol.MediaSessions: onQueueChanged com.google.android.music []
09-10 00:44:28.817  3849  4237 I Avrcp   : Skipping update due to invalid playback state
09-10 00:44:28.817  3849  4237 E Avrcp   : play status change -1➡0
09-10 00:44:28.817  3849  4237 D Avrcp   : sendPlayPosNotificationRsp: Not registered or requesting.
09-10 00:44:28.819  4555  4555 D MediaSessionManager: new playback state: PlaybackState {state=0, position=0, buffered position=0, speed=0.0, updated=60479, actions=2506679, error code=0, error message=null, custom actions=[], active item id=-1}
09-10 00:44:28.822  3883  4080 D vol.MediaSessions: onPlaybackStateChanged com.google.android.music STATE_NONE PlaybackState {state=0, position=0, buffered position=0, speed=0.0, updated=60479, actions=2506679, custom actions=[], active item id=-1, error=null}
09-10 00:44:28.823  3849  4237 I Avrcp   : Skipping update due to invalid playback state
09-10 00:44:28.823  3849  4237 E Avrcp   : play status change -1➡0
09-10 00:44:28.823  3849  4237 D Avrcp   : sendPlayPosNotificationRsp: Not registered or requesting.
09-10 00:44:28.824  4555  4555 D NowPlayingArt: loadArt called for null
09-10 00:44:28.824  4555  4878 D CallableWrapper: Finished callable=com.google.android.music.playback2.callables.ReloadStateCallable@9410fa1
09-10 00:44:28.825  4555  4878 D MusicProfiler: callable: duration=0190ms name=ReloadStateCallable
09-10 00:44:28.826  4555  4769 D SingleImagePostProc: Single Image Processor: request title=NOTIFICATION will use mode=alias, dimensions requested=1024x1024, given=400x400, deltaAR=0.0
09-10 00:44:28.833  4555  4555 D MusicServiceTask: ReloadStateTask Deliver message: taskMessage=[STATE_RELOADED, com.google.android.music.store.LocalPlayQueue@900379b]
09-10 00:44:28.833  4555  4555 D MusicServiceTask: ReloadStateTask submitToMainThread: message=[STATE_RELOADED, com.google.android.music.store.LocalPlayQueue@900379b]
09-10 00:44:28.833  4555  4555 D MusicServiceTask: ReloadStateTask submitToMainThread: message=[FINISHED, null]
09-10 00:44:28.835  4555  4555 I MusicPlaybackService: v2 State reloaded PlaybackServiceState {mQueuePosition=-1, mQueueLength=0, mQueueItem=null, mPlayerState=0, mElapsedPlayPosition=0, mMix=null, mRepeatMode=0, mShuffleMode=0, mAdReason=0, mAudioSessionId=-1, mRouteType=0, mIsCurrentTrackFullyBuffered=false, mCastNotificationState=[INACTIVE, Optional.absent(), false], mTrackDownloadProgress=null, mIsSystemGaplessEnabled=true}
09-10 00:44:28.835  4555  4555 D NowPlayingArt: loadArt called for null
09-10 00:44:28.836  4416  4457 I zygote  : Waiting for a blocking GC ProfileSaver
09-10 00:44:28.838  4555  4555 D MediaRouter: addMediaSessionCompat: null
09-10 00:44:28.845  4555  4555 I MusicPlaybackService: v2 processing queued intent Intent { act=com.google.android.music.musicservicecommand.requestmediasessiontoken (has extras) }
09-10 00:44:28.845  4555  4555 I MusicPlaybackService: v2 onStartCommand: intent=Intent { act=com.google.android.music.musicservicecommand.requestmediasessiontoken (has extras) } extras=Bundle[{com.google.android.music.UI_MODE=4}]
09-10 00:44:28.846  4555  4555 I TaskManagerImpl: Task finished: com.google.android.music.playback2.tasks.ReloadStateTask@5d49c08
09-10 00:44:28.846  4555  4555 D MusicProfiler: TaskManagerImpl duration=0213ms task=com.google.android.music.playback2.tasks.ReloadStateTask@5d49c08
09-10 00:44:28.846  4555  4555 I TaskManagerImpl: onStartNextTask current task: null
09-10 00:44:28.855  4650  4650 W Primes  : Primes not initialized, returning default (no-op) Primes instance which will ignore all calls. Please call Primes.initialize(...) before using any Primes API.
09-10 00:44:28.856  4555  4890 D MusicLogger: android_gpm_api_use_info <
09-10 00:44:28.856  4555  4890 D MusicLogger:   android_gpm_api_use_type: 1
09-10 00:44:28.856  4555  4890 D MusicLogger:   calling_package_info <
09-10 00:44:28.856  4555  4890 D MusicLogger:     calling_package_id: 4
09-10 00:44:28.856  4555  4890 D MusicLogger:   >
09-10 00:44:28.856  4555  4890 D MusicLogger:   media_browser_event_info <
09-10 00:44:28.856  4555  4890 D MusicLogger:     browse_tree_info <
09-10 00:44:28.856  4555  4890 D MusicLogger:     >
09-10 00:44:28.856  4555  4890 D MusicLogger:     media_browser_event_type: 3
09-10 00:44:28.856  4555  4890 D MusicLogger:   >
09-10 00:44:28.856  4555  4890 D MusicLogger: >
09-10 00:44:28.856  4555  4890 D MusicLogger: user_service_level: 1
09-10 00:44:28.858  4555  4555 D MediaSessionManager: Current track is null
09-10 00:44:28.860  4555  4555 D MediaSessionManager: new playback state: PlaybackState {state=0, position=0, buffered position=0, speed=0.0, updated=60519, actions=2506679, error code=0, error message=null, custom actions=[], active item id=-1}
--------- beginning of crash
09-10 00:44:28.860  3883  4080 E AndroidRuntime: FATAL EXCEPTION: VolumeDialogControllerImpl
09-10 00:44:28.860  3883  4080 E AndroidRuntime: Process: com.android.systemui, PID: 3883
09-10 00:44:28.860  3883  4080 E AndroidRuntime: java.lang.NullPointerException: Attempt to invoke virtual method 'android.media.MediaDescription android.media.MediaMetadata.getDescription()' on a null object reference
09-10 00:44:28.860  3883  4080 E AndroidRuntime: 	at com.android.systemui.volume.Util.mediaMetadataToString(Util.java:81)
09-10 00:44:28.860  3883  4080 E AndroidRuntime: 	at com.android.systemui.volume.MediaSessions$MediaControllerRecord.onMetadataChanged(MediaSessions.java:296)
09-10 00:44:28.860  3883  4080 E AndroidRuntime: 	at android.media.session.MediaController$MessageHandler.handleMessage(MediaController.java:1089)
