09-10 00:44:28.860  3883  4080 E AndroidRuntime: 	at android.os.Handler.dispatchMessage(Handler.java:105)
09-10 00:44:28.860  3883  4080 E AndroidRuntime: 	at android.os.Looper.loop(Looper.java:164)
09-10 00:44:28.860  3883  4080 E AndroidRuntime: 	at android.os.HandlerThread.run(HandlerThread.java:65)
09-10 00:44:28.861  4555  4555 D MusicLifecycle: com.google.android.music.browse.MediaBrowserService$1 generated event: Broadcast received with context com.google.android.music.browse.MediaBrowserService@464fde0 and intent Intent { act=com.google.android.music.mediasessiontokenresponse flg=0x10000010 (has extras) }
09-10 00:44:28.863  3849  4237 I Avrcp   : Skipping update due to invalid playback state
09-10 00:44:28.863  3849  4237 E Avrcp   : play status change -1➡0
09-10 00:44:28.863  3849  4237 D Avrcp   : sendPlayPosNotificationRsp: Not registered or requesting.
09-10 00:44:28.864  3849  4237 I Avrcp   : Skipping update due to invalid playback state
09-10 00:44:28.864  3849  4237 E Avrcp   : play status change -1➡0
09-10 00:44:28.864  3849  4237 D Avrcp   : sendPlayPosNotificationRsp: Not registered or requesting.
09-10 00:44:28.867  4416  4435 I zygote  : WaitForGcToComplete blocked for 27.063ms for cause Background
09-10 00:44:28.867  3883  4080 I Process : Sending signal. PID: 3883 SIG: 9
09-10 00:44:28.890  4555  4890 D MusicLogger: play_experiment: 12600101
09-10 00:44:28.890  4555  4890 D MusicLogger: play_experiment: 12600325
09-10 00:44:28.890  4555  4890 D MusicLogger: play_experiment: 12600327
09-10 00:44:28.890  4555  4890 D MusicLogger: play_experiment: 12600335
09-10 00:44:28.890  4555  4890 D MusicLogger: play_experiment: 12600357
09-10 00:44:28.890  4555  4890 D MusicLogger: play_experiment: 12600387
09-10 00:44:28.890  4555  4890 D MusicLogger: play_experiment: 12600390
09-10 00:44:28.890  4555  4890 D MusicLogger: play_experiment: 12600394
09-10 00:44:28.890  4555  4890 D MusicLogger: play_experiment: 12600397
09-10 00:44:28.890  4555  4890 D MusicLogger: play_experiment: 12600426
09-10 00:44:28.890  4555  4890 D MusicLogger: play_experiment: 12600428
09-10 00:44:28.890  4555  4890 D MusicLogger: play_experiment: 12600430
09-10 00:44:28.890  4555  4890 D MusicLogger: play_experiment: 12600445
09-10 00:44:28.890  4555  4890 D MusicLogger: play_experiment: 12600465
09-10 00:44:28.890  4555  4890 D MusicLogger: play_experiment: 12600466
09-10 00:44:28.890  4555  4890 D MusicLogger: play_experiment: 12600467
09-10 00:44:28.890  4555  4890 D MusicLogger: play_experiment: 12600506
09-10 00:44:28.890  4555  4890 D MusicLogger: play_experiment: 12600526
09-10 00:44:28.890  4555  4890 D MusicLogger: play_experiment: 12600530
09-10 00:44:28.890  4555  4890 D MusicLogger: play_experiment: 12600536
09-10 00:44:28.890  4555  4890 D MusicLogger: play_experiment: 12602068
09-10 00:44:28.890  4555  4890 D MusicLogger: play_experiment: 12604244
09-10 00:44:28.890  4555  4890 D MusicLogger: play_experiment: 12604245
09-10 00:44:28.890  4555  4890 D MusicLogger: play_experiment: 12604246
09-10 00:44:28.890  4555  4890 D MusicLogger: play_experiment: 12611729
09-10 00:44:28.890  4555  4890 D MusicLogger: play_experiment: 12612165
09-10 00:44:28.890  4555  4890 D MusicLogger: play_experiment: 12612247
09-10 00:44:28.890  4555  4890 D MusicLogger: play_experiment: 12616614
09-10 00:44:28.890  4555  4890 D MusicLogger: play_experiment: 12616615
09-10 00:44:28.890  4555  4890 D MusicLogger: play_experiment: 12617467
09-10 00:44:28.890  4555  4890 D MusicLogger: play_experiment: 12619023
09-10 00:44:28.890  4555  4890 D MusicLogger: play_experiment: 12619033
09-10 00:44:28.890  4555  4890 D MusicLogger: play_experiment: 12619127
09-10 00:44:28.890  4555  4890 D MusicLogger: play_experiment: 12620830
09-10 00:44:28.890  4555  4890 D MusicLogger: play_experiment: 12625361
09-10 00:44:28.890  4555  4890 D MusicLogger: play_experiment: 12625500
09-10 00:44:28.890  4555  4890 D MusicLogger: play_experiment: 12625941
09-10 00:44:28.890  4555  4890 D MusicLogger: play_experiment: 12626008
09-10 00:44:28.890  4555  4890 D MusicLogger: play_experiment: 12626945
09-10 00:44:28.890  4555  4890 D MusicLogger: play_experiment: 12627281
09-10 00:44:28.890  4555  4890 D MusicLogger: play_experiment: 12627951
09-10 00:44:28.890  4555  4890 D MusicLogger: play_experiment: 12628654
09-10 00:44:28.890  4555  4890 D MusicLogger: play_experiment: 12629142
09-10 00:44:28.890  4555  4890 D MusicLogger: play_experiment: 12629667
09-10 00:44:28.890  4555  4890 D MusicLogger: play_experiment: 12630065
09-10 00:44:28.890  4555  4890 D MusicLogger: play_experiment: 12630209
09-10 00:44:28.890  4555  4890 D MusicLogger: play_experiment: 12631091
09-10 00:44:28.890  4555  4890 D MusicLogger: play_experiment: 12631414
09-10 00:44:28.890  4555  4890 D MusicLogger: play_experiment: 12631643
09-10 00:44:28.890  4555  4890 D MusicLogger: play_experiment: 12632064
09-10 00:44:28.890  4555  4890 D MusicLogger: play_experiment: 12632720
09-10 00:44:28.890  4555  4890 D MusicLogger: play_experiment: 12632811
09-10 00:44:28.890  4555  4890 D MusicLogger: play_experiment: 12633320
09-10 00:44:28.890  4555  4890 D MusicLogger: play_experiment: 12634000
09-10 00:44:28.890  4555  4890 D MusicLogger: play_experiment: 12635213
09-10 00:44:28.890  4555  4890 D MusicLogger: play_experiment: 12636020
09-10 00:44:28.890  4555  4890 D MusicLogger: play_experiment: 12641074
09-10 00:44:28.890  4555  4890 D MusicLogger: play_experiment: 12641834
09-10 00:44:28.890  4555  4890 D MusicLogger: play_experiment: 12641837
09-10 00:44:28.890  4555  4890 D MusicLogger: play_experiment: 12642809
09-10 00:44:28.890  4555  4890 D MusicLogger: play_experiment: 12643537
09-10 00:44:28.890  4555  4890 D MusicLogger: play_experiment: 12647853
09-10 00:44:28.890  4555  4890 D MusicLogger: play_experiment: 12648818
09-10 00:44:28.890  4555  4890 D MusicLogger: play_experiment: 12648954
09-10 00:44:28.890  4555  4890 D MusicLogger: play_experiment: 12649047
09-10 00:44:28.890  4555  4890 D MusicLogger: play_experiment: 12650240
09-10 00:44:28.890  4555  4890 D MusicLogger: play_experiment: 12650284
09-10 00:44:28.890  4555  4890 D MusicLogger: play_experiment: 12652170
09-10 00:44:28.890  4555  4890 D MusicLogger: play_experiment: 12653224
09-10 00:44:28.890  4555  4890 D MusicLogger: play_experiment: 12653567
09-10 00:44:28.890  4555  4890 D MusicLogger: play_experiment: 12655808
09-10 00:44:28.890  4555  4890 D MusicLogger: play_experiment: 12656072
09-10 00:44:28.890  4555  4890 D MusicLogger: play_experiment: 12656556
09-10 00:44:28.890  4555  4890 D MusicLogger: play_experiment: 12656567
09-10 00:44:28.890  4555  4890 D MusicLogger: play_experiment: 12657925
09-10 00:44:28.890  4555  4890 D MusicLogger: play_experiment: 12658555
09-10 00:44:28.890  4555  4890 D MusicLogger: play_experiment: 12660111
09-10 00:44:28.890  4555  4890 D MusicLogger: play_experiment: 12661698
09-10 00:44:28.890  4555  4890 D MusicLogger: play_experiment: 20350003
09-10 00:44:28.890  4555  4890 D MusicLogger: play_experiment: 20350004
09-10 00:44:28.890  4555  4890 D MusicLogger: play_experiment: 20350006
09-10 00:44:28.925  4650  4768 W DriveInitializer: Awaiting to be initialized
09-10 00:44:28.926  3748  3812 W InputDispatcher: channel '62b89cf DockedStackDivider (server)' ~ Consumer closed input channel or an error occurred.  events=0x9
09-10 00:44:28.926  3748  3812 E InputDispatcher: channel '62b89cf DockedStackDivider (server)' ~ Channel is unrecoverably broken and will be disposed!
09-10 00:44:28.926  3748  4354 W AudioService: Current remote volume controller died, unregistering
09-10 00:44:28.927  3748  4354 W VolumeController: Error calling dismiss
09-10 00:44:28.927  3748  4354 W VolumeController: android.os.DeadObjectException
09-10 00:44:28.927  3748  4354 W VolumeController: 	at android.os.BinderProxy.transactNative(Native Method)
09-10 00:44:28.927  3748  4354 W VolumeController: 	at android.os.BinderProxy.transact(Binder.java:748)
09-10 00:44:28.927  3748  4354 W VolumeController: 	at android.media.IVolumeController$Stub$Proxy.dismiss(IVolumeController.java:170)
09-10 00:44:28.927  3748  4354 W VolumeController: 	at com.android.server.audio.AudioService$VolumeController.postDismiss(AudioService.java:6432)
09-10 00:44:28.927  3748  4354 W VolumeController: 	at com.android.server.audio.AudioService.setVolumeController(AudioService.java:6280)
09-10 00:44:28.927  3748  4354 W VolumeController: 	at com.android.server.audio.AudioService$4.binderDied(AudioService.java:6289)
09-10 00:44:28.927  3748  4354 W VolumeController: 	at android.os.BinderProxy.sendDeathNotice(Binder.java:828)
09-10 00:44:28.927  3748  3760 I WindowManager: WIN DEATH: Window{98882c1 u0 com.android.systemui.ImageWallpaper}
09-10 00:44:28.927  3748  4680 D MediaRouterService: Client com.android.systemui (pid 3883): Died!
09-10 00:44:28.927  3748  4354 D AudioService: Volume controller: VolumeController(null,mVisible=false)
09-10 00:44:28.927  3748  3748 W WallpaperManagerService: Wallpaper service gone: ComponentInfo{com.android.systemui/com.android.systemui.ImageWallpaper}
09-10 00:44:28.929  3748  3969 I ActivityManager: Process com.android.systemui (pid 3883) has died: pers PER 
09-10 00:44:28.929  3748  3969 W ActivityManager: Scheduling restart of crashed service com.android.systemui/.SystemUIService in 0ms
09-10 00:44:28.929  3748  3969 W ActivityManager: Scheduling restart of crashed service com.android.systemui/.ImageWallpaper in 0ms
09-10 00:44:28.930  3748  4679 I WindowManager: WIN DEATH: Window{62b89cf u0 DockedStackDivider}
09-10 00:44:28.930  3748  4679 W InputDispatcher: Attempted to unregister already unregistered input channel '62b89cf DockedStackDivider (server)'
09-10 00:44:28.930  3748  3969 W ActivityManager: Re-adding persistent process ProcessRecord{9860f4f 3883:com.android.systemui/u0a26}
09-10 00:44:28.943  3748  3969 I ActivityManager: Start proc 4904:com.android.systemui/u0a26 for restart com.android.systemui
09-10 00:44:28.949  4315  4315 D SQLiteCursor: received count(*) from native_fill_window: 92
09-10 00:44:28.956  3748  3770 W ActivityManager: setHasOverlayUi called on unknown pid: 3883
09-10 00:44:28.980  4315  4320 I zygote  : Do partial code cache collection, code=21KB, data=29KB
09-10 00:44:28.983  4315  4320 I zygote  : After code cache collection, code=13KB, data=23KB
09-10 00:44:28.983  4315  4320 I zygote  : Increasing code cache capacity to 128KB
09-10 00:44:28.992  4315  4891 D SQLiteCursor: received count(*) from native_fill_window: 1
09-10 00:44:28.993  4315  4891 D SQLiteCursor: received count(*) from native_fill_window: 0
09-10 00:44:28.994  4315  4891 D SQLiteCursor: received count(*) from native_fill_window: 1
09-10 00:44:28.997  4315  4891 D SQLiteCursor: received count(*) from native_fill_window: 92
09-10 00:44:29.004  4862  4862 I CrashlyticsCore: Initializing Crashlytics 2.6.3.25
09-10 00:44:29.005  4315  4331 D SQLiteCursor: received count(*) from native_fill_window: 1
09-10 00:44:29.010  4315  4331 D SQLiteCursor: received count(*) from native_fill_window: 0
09-10 00:44:29.015  4315  4331 D SQLiteCursor: received count(*) from native_fill_window: 1
09-10 00:44:29.017  4315  4331 D SQLiteCursor: received count(*) from native_fill_window: 48
09-10 00:44:29.088  4904  4926 E VC5     : DRM: Trying to find: /dev/dri/card0
09-10 00:44:29.089  4904  4926 D libEGL  : loaded /vendor/lib/egl/libGLES_nexus.so
09-10 00:44:29.092  4904  4926 E         : init_expose_fences v3d EGL_ANDROID_native_fence_sync extension enabled
09-10 00:44:29.102  3748  3748 D NotificationService: handleSavePolicyFile
09-10 00:44:29.118  4555  4677 D MediaBrowserService: Adding new MediaItem = MediaItem{mFlags=1, mDescription=Home, null, null}
09-10 00:44:29.129  4555  4677 D MediaBrowserService: Adding new MediaItem = MediaItem{mFlags=3, mDescription=Recent activity, null, null}
09-10 00:44:29.134  4555  4830 I PlayCommon: [113] PlayEventLogger.uploadEventsImpl: Preparing logs for uploading
09-10 00:44:29.137  4555  4677 D MediaBrowserService: Adding new MediaItem = MediaItem{mFlags=1, mDescription=My library, null, null}
09-10 00:44:29.153  4555  4677 D MediaBrowserService: Getting entity browser content by uri = com.google.android.music.entitybrowse/home?caller=com.google.android.music
09-10 00:44:29.177  4862  4862 I CrashlyticsInitProvider: CrashlyticsInitProvider initialization successful
09-10 00:44:29.182  3748  3969 D MediaRouterService: Client com.android.systemui (pid 4904): Registered
09-10 00:44:29.202  4555  4830 I PlayCommon: [113] ServerTimestampFetcher.makeServerTimestampConnection: Connecting to server for timestamp: https://play.googleapis.com/play/log/timestamp
09-10 00:44:29.244  4904  4904 W SoundPool: Use of stream types is deprecated for operations other than volume control
09-10 00:44:29.244  4904  4904 W SoundPool: See the documentation of SoundPool() for what to use instead with android.media.AudioAttributes to qualify your playback use case
09-10 00:44:29.250  3748  3748 D NotificationService: handleSavePolicyFile
09-10 00:44:29.270  4650  4902 D SQLiteCursor: received count(*) from native_fill_window: 0
09-10 00:44:29.271  4555  4677 D ConfigContentProvider: query: ContentProviderQuery{uri=content://com.google.android.music.ConfigContent/one-key/0/androidTvEntityPageSize, projection=[Name, Namespace, data_type, string_value, integer_value, long_value, boolean_value], selection=null, selectionArguments=null, sortOrder=null}
09-10 00:44:29.285  4904  4948 I OMXClient: Treble IOmx obtained
09-10 00:44:29.288  3668  3676 I OMXMaster: makeComponentInstance(OMX.google.vorbis.decoder) in omx@1.0-service process
09-10 00:44:29.291  3668  4006 E OMXNodeInstance: getConfig(0xab719380:google.vorbis.decoder, ConfigAndroidVendorExtension(0x6f100004)) ERROR: Undefined(0x80001001)
09-10 00:44:29.294  4650  4935 E BaseAppContext: Tried to stop global GMSCore RequestQueue. This is likely unintended, so ignoring.
09-10 00:44:29.298  3520  3520 W /system/bin/hw/android.hidl.allocator@1.0-service: ashmem_create_region(32768) returning hidl_memory(0xb018f850, 32768)
09-10 00:44:29.303  4650  4902 D SQLiteCursor: received count(*) from native_fill_window: 0
09-10 00:44:29.303  3520  3520 W /system/bin/hw/android.hidl.allocator@1.0-service: ashmem_create_region(32768) returning hidl_memory(0xb018f850, 32768)
09-10 00:44:29.305  3748  3748 D TrustManagerService: Removing dead TrustListener.
09-10 00:44:29.307  4650  4902 D SQLiteCursor: received count(*) from native_fill_window: 0
09-10 00:44:29.308  3520  3520 W /system/bin/hw/android.hidl.allocator@1.0-service: ashmem_create_region(32768) returning hidl_memory(0xb018f850, 32768)
09-10 00:44:29.309  4650  4902 D SQLiteCursor: received count(*) from native_fill_window: 0
09-10 00:44:29.309  4862  4862 D FirebaseApp: com.google.firebase.auth.FirebaseAuth is not linked. Skipping initialization.
09-10 00:44:29.310  3520  3520 W /system/bin/hw/android.hidl.allocator@1.0-service: ashmem_create_region(32768) returning hidl_memory(0xb018f850, 32768)
09-10 00:44:29.311  4862  4862 D FirebaseApp: com.google.firebase.crash.FirebaseCrash is not linked. Skipping initialization.
09-10 00:44:29.311  4862  4862 I FirebaseInitProvider: FirebaseApp initialization successful
09-10 00:44:29.312  3520  3520 W /system/bin/hw/android.hidl.allocator@1.0-service: ashmem_create_region(32768) returning hidl_memory(0xb018f850, 32768)
09-10 00:44:29.314  3520  3520 I chatty  : uid=1000(system) allocator@1.0-s identical 2 lines
09-10 00:44:29.315  3520  3520 W /system/bin/hw/android.hidl.allocator@1.0-service: ashmem_create_region(32768) returning hidl_memory(0xb018f850, 32768)
09-10 00:44:29.321  4315  4331 D SQLiteCursor: received count(*) from native_fill_window: 1
09-10 00:44:29.324  3520  3520 W /system/bin/hw/android.hidl.allocator@1.0-service: ashmem_create_region(32768) returning hidl_memory(0xb018f850, 32768)
09-10 00:44:29.325  3520  3520 I chatty  : uid=1000(system) allocator@1.0-s identical 2 lines
09-10 00:44:29.326  3520  3520 W /system/bin/hw/android.hidl.allocator@1.0-service: ashmem_create_region(32768) returning hidl_memory(0xb018f850, 32768)
09-10 00:44:29.339  4555  4677 D SQLiteCursor: received count(*) from native_fill_window: 1
09-10 00:44:29.346  3748  3748 D NotificationService: handleSavePolicyFile
09-10 00:44:29.374  4315  4326 I zygote  : Background concurrent copying GC freed 11347(1274KB) AllocSpace objects, 2(32KB) LOS objects, 53% free, 1354KB/2MB, paused 723us total 185.958ms
09-10 00:44:29.380  4315  4955 D SQLiteCursor: received count(*) from native_fill_window: 48
09-10 00:44:29.381  4315  4331 D SQLiteCursor: received count(*) from native_fill_window: 0
09-10 00:44:29.382  4315  4331 D SQLiteCursor: received count(*) from native_fill_window: 1
09-10 00:44:29.383  4315  4955 D SQLiteCursor: received count(*) from native_fill_window: 3
09-10 00:44:29.385  4315  4955 D SQLiteCursor: received count(*) from native_fill_window: 0
09-10 00:44:29.386  4315  4955 D SQLiteCursor: received count(*) from native_fill_window: 0
09-10 00:44:29.386  4904  4963 I OMXClient: Treble IOmx obtained
09-10 00:44:29.391  3668  4025 I OMXMaster: makeComponentInstance(OMX.google.vorbis.decoder) in omx@1.0-service process
09-10 00:44:29.395  3668  3676 E OMXNodeInstance: getConfig(0xab719380:google.vorbis.decoder, ConfigAndroidVendorExtension(0x6f100004)) ERROR: Undefined(0x80001001)
09-10 00:44:29.397  3520  3520 W /system/bin/hw/android.hidl.allocator@1.0-service: ashmem_create_region(32768) returning hidl_memory(0xb018f850, 32768)
09-10 00:44:29.400  4650  4902 D SQLiteCursor: received count(*) from native_fill_window: 0
09-10 00:44:29.405  3520  3520 W /system/bin/hw/android.hidl.allocator@1.0-service: ashmem_create_region(32768) returning hidl_memory(0xb018f850, 32768)
09-10 00:44:29.405  3520  3520 I chatty  : uid=1000(system) allocator@1.0-s identical 1 line
09-10 00:44:29.406  3520  3520 W /system/bin/hw/android.hidl.allocator@1.0-service: ashmem_create_region(32768) returning hidl_memory(0xb018f850, 32768)
09-10 00:44:29.409  4315  4331 D SQLiteCursor: received count(*) from native_fill_window: 4
09-10 00:44:29.410  4315  4709 D SQLiteCursor: received count(*) from native_fill_window: 0
09-10 00:44:29.413  3520  3520 W /system/bin/hw/android.hidl.allocator@1.0-service: ashmem_create_region(32768) returning hidl_memory(0xb018f850, 32768)
09-10 00:44:29.413  3520  3520 I chatty  : uid=1000(system) allocator@1.0-s identical 1 line
09-10 00:44:29.414  3520  3520 W /system/bin/hw/android.hidl.allocator@1.0-service: ashmem_create_region(32768) returning hidl_memory(0xb018f850, 32768)
09-10 00:44:29.415  4315  4327 D SQLiteCursor: received count(*) from native_fill_window: 1
09-10 00:44:29.416  3520  3520 W /system/bin/hw/android.hidl.allocator@1.0-service: ashmem_create_region(32768) returning hidl_memory(0xb018f850, 32768)
09-10 00:44:29.435  3520  3520 I chatty  : uid=1000(system) allocator@1.0-s identical 3 lines
09-10 00:44:29.436  3520  3520 W /system/bin/hw/android.hidl.allocator@1.0-service: ashmem_create_region(32768) returning hidl_memory(0xb018f850, 32768)
09-10 00:44:29.438  4315  4327 D SQLiteCursor: received count(*) from native_fill_window: 0
09-10 00:44:29.443  3748  4406 I ActivityManager: Start proc 4976:com.android.providers.calendar/u0a3 for broadcast com.android.providers.calendar/.CalendarReceiver
09-10 00:44:29.448  4315  4327 D SQLiteCursor: received count(*) from native_fill_window: 1
09-10 00:44:29.452  4650  4960 D SQLiteCursor: received count(*) from native_fill_window: 0
09-10 00:44:29.480  4650  4960 D SQLiteCursor: received count(*) from native_fill_window: 1
09-10 00:44:29.487  4315  4327 D SQLiteCursor: received count(*) from native_fill_window: 48
09-10 00:44:29.488  4650  4902 D SQLiteCursor: received count(*) from native_fill_window: 1
09-10 00:44:29.496  4555  4830 E StrictMode: null
09-10 00:44:29.496  4555  4830 E StrictMode: java.lang.Throwable: Untagged socket detected; use TrafficStats.setThreadSocketTag() to track all network usage
09-10 00:44:29.496  4555  4830 E StrictMode: 	at android.os.StrictMode.onUntaggedSocket(StrictMode.java:2010)
09-10 00:44:29.496  4555  4830 E StrictMode: 	at com.android.server.NetworkManagementSocketTagger.tag(NetworkManagementSocketTagger.java:78)
09-10 00:44:29.496  4555  4830 E StrictMode: 	at libcore.io.BlockGuardOs.tagSocket(BlockGuardOs.java:47)
09-10 00:44:29.496  4555  4830 E StrictMode: 	at libcore.io.BlockGuardOs.socket(BlockGuardOs.java:310)
09-10 00:44:29.496  4555  4830 E StrictMode: 	at libcore.io.IoBridge.socket(IoBridge.java:667)
09-10 00:44:29.496  4555  4830 E StrictMode: 	at java.net.PlainSocketImpl.socketCreate(PlainSocketImpl.java:116)
09-10 00:44:29.496  4555  4830 E StrictMode: 	at java.net.AbstractPlainSocketImpl.create(AbstractPlainSocketImpl.java:98)
09-10 00:44:29.496  4555  4830 E StrictMode: 	at java.net.Socket.createImpl(Socket.java:484)
09-10 00:44:29.496  4555  4830 E StrictMode: 	at java.net.Socket.getImpl(Socket.java:547)
09-10 00:44:29.496  4555  4830 E StrictMode: 	at java.net.Socket.setSoTimeout(Socket.java:1175)
09-10 00:44:29.496  4555  4830 E StrictMode: 	at com.android.okhttp.internal.io.RealConnection.connectSocket(RealConnection.java:139)
09-10 00:44:29.496  4555  4830 E StrictMode: 	at com.android.okhttp.internal.io.RealConnection.connect(RealConnection.java:112)
09-10 00:44:29.496  4555  4830 E StrictMode: 	at com.android.okhttp.internal.http.StreamAllocation.findConnection(StreamAllocation.java:184)
09-10 00:44:29.496  4555  4830 E StrictMode: 	at com.android.okhttp.internal.http.StreamAllocation.findHealthyConnection(StreamAllocation.java:126)
09-10 00:44:29.496  4555  4830 E StrictMode: 	at com.android.okhttp.internal.http.StreamAllocation.newStream(StreamAllocation.java:95)
09-10 00:44:29.496  4555  4830 E StrictMode: 	at com.android.okhttp.internal.http.HttpEngine.connect(HttpEngine.java:281)
09-10 00:44:29.496  4555  4830 E StrictMode: 	at com.android.okhttp.internal.http.HttpEngine.sendRequest(HttpEngine.java:224)
09-10 00:44:29.496  4555  4830 E StrictMode: 	at com.android.okhttp.internal.huc.HttpURLConnectionImpl.execute(HttpURLConnectionImpl.java:461)
09-10 00:44:29.496  4555  4830 E StrictMode: 	at com.android.okhttp.internal.huc.HttpURLConnectionImpl.connect(HttpURLConnectionImpl.java:127)
09-10 00:44:29.496  4555  4830 E StrictMode: 	at com.android.okhttp.internal.huc.DelegatingHttpsURLConnection.connect(DelegatingHttpsURLConnection.java:89)
09-10 00:44:29.496  4555  4830 E StrictMode: 	at com.android.okhttp.internal.huc.HttpsURLConnectionImpl.connect(Unknown Source:0)
09-10 00:44:29.496  4555  4830 E StrictMode: 	at com.google.android.play.analytics.ServerTimestampFetcher.makeServerTimestampConnection(ServerTimestampFetcher.java:94)
09-10 00:44:29.496  4555  4830 E StrictMode: 	at com.google.android.play.analytics.ServerTimestampFetcher.queryServerTimestamp(ServerTimestampFetcher.java:55)
09-10 00:44:29.496  4555  4830 E StrictMode: 	at com.google.android.play.analytics.ServerTimestampFetcher.getClientServerTimeAdjustmentMs(ServerTimestampFetcher.java:42)
09-10 00:44:29.496  4555  4830 E StrictMode: 	at com.google.android.play.analytics.PlayEventLogger.uploadLog(PlayEventLogger.java:1205)
09-10 00:44:29.496  4555  4830 E StrictMode: 	at com.google.android.play.analytics.PlayEventLogger.uploadEventsImpl(PlayEventLogger.java:1155)
09-10 00:44:29.496  4555  4830 E StrictMode: 	at com.google.android.play.analytics.PlayEventLogger.dispatchMessage(PlayEventLogger.java:966)
09-10 00:44:29.496  4555  4830 E StrictMode: 	at com.google.android.play.analytics.PlayEventLogger.access$000(PlayEventLogger.java:81)
09-10 00:44:29.496  4555  4830 E StrictMode: 	at com.google.android.play.analytics.PlayEventLogger$1.dispatchMessage(PlayEventLogger.java:421)
09-10 00:44:29.496  4555  4830 E StrictMode: 	at android.os.Looper.loop(Looper.java:164)
09-10 00:44:29.496  4555  4830 E StrictMode: 	at android.os.HandlerThread.run(HandlerThread.java:65)
09-10 00:44:29.503  4650  4992 D SQLiteCursor: received count(*) from native_fill_window: 1
09-10 00:44:29.510  4904  5002 I OMXClient: Treble IOmx obtained
09-10 00:44:29.511  3668  4025 I OMXMaster: makeComponentInstance(OMX.google.vorbis.decoder) in omx@1.0-service process
09-10 00:44:29.514  3668  3676 E OMXNodeInstance: getConfig(0xab719380:google.vorbis.decoder, ConfigAndroidVendorExtension(0x6f100004)) ERROR: Undefined(0x80001001)
09-10 00:44:29.518  3520  3520 W /system/bin/hw/android.hidl.allocator@1.0-service: ashmem_create_region(32768) returning hidl_memory(0xb018f850, 32768)
09-10 00:44:29.523  3520  3520 I chatty  : uid=1000(system) allocator@1.0-s identical 6 lines
09-10 00:44:29.524  3520  3520 W /system/bin/hw/android.hidl.allocator@1.0-service: ashmem_create_region(32768) returning hidl_memory(0xb018f850, 32768)
09-10 00:44:29.526  4650  4902 D SQLiteCursor: received count(*) from native_fill_window: 1
09-10 00:44:29.527  4650  4902 D SQLiteCursor: received count(*) from native_fill_window: 1
09-10 00:44:29.535  3520  3520 W /system/bin/hw/android.hidl.allocator@1.0-service: ashmem_create_region(32768) returning hidl_memory(0xb018f850, 32768)
09-10 00:44:29.536  3520  3520 I chatty  : uid=1000(system) allocator@1.0-s identical 2 lines
09-10 00:44:29.536  3520  3520 W /system/bin/hw/android.hidl.allocator@1.0-service: ashmem_create_region(32768) returning hidl_memory(0xb018f850, 32768)
09-10 00:44:29.553  4416  4525 D SQLiteCursor: received count(*) from native_fill_window: 0
09-10 00:44:29.593  4315  4315 D SQLiteCursor: received count(*) from native_fill_window: 1
09-10 00:44:29.595  4315  4315 D SQLiteCursor: received count(*) from native_fill_window: 0
09-10 00:44:29.597  4315  4315 D SQLiteCursor: received count(*) from native_fill_window: 1
09-10 00:44:29.618  4650  5007 D SQLiteCursor: received count(*) from native_fill_window: 0
09-10 00:44:29.623  4315  4315 D SQLiteCursor: received count(*) from native_fill_window: 14
09-10 00:44:29.628  4315  4327 D SQLiteCursor: received count(*) from native_fill_window: 1
09-10 00:44:29.630  4315  4327 D SQLiteCursor: received count(*) from native_fill_window: 0
09-10 00:44:29.633  4472  4493 D SyncableContentProvider: Skipping signature checks for same uid call.
09-10 00:44:29.633  4472  4493 D SQLiteQueryBuilder: Performing query: SELECT _id, feed FROM feeds WHERE (_sync_account=? AND authority=?)
09-10 00:44:29.641  4315  4327 D SQLiteCursor: received count(*) from native_fill_window: 1
09-10 00:44:29.643  4416  4525 D SQLiteCursor: received count(*) from native_fill_window: 0
09-10 00:44:29.644  4862  4936 I FA      : Collection disabled with firebase_analytics_collection_deactivated=1
09-10 00:44:29.646  4315  4327 D SQLiteCursor: received count(*) from native_fill_window: 0
09-10 00:44:29.647  4862  4936 I FA      : App measurement is starting up, version: 12780
09-10 00:44:29.647  4862  4936 I FA      : To enable debug logging run: adb shell setprop log.tag.FA VERBOSE
09-10 00:44:29.647  4862  4936 I FA      : To enable faster debug mode event logging run:
09-10 00:44:29.647  4862  4936 I FA      :   adb shell setprop debug.firebase.analytics.app com.netflix.ninja
09-10 00:44:29.647  4862  4936 D FA      : Debug-level message logging enabled
09-10 00:44:29.648  4472  4493 D SQLiteCursor: received count(*) from native_fill_window: 0
09-10 00:44:29.669  4650  4959 D SQLiteCursor: received count(*) from native_fill_window: 1
09-10 00:44:29.679  4976  5015 E VC5     : DRM: Trying to find: /dev/dri/card0
09-10 00:44:29.680  4976  5015 D libEGL  : loaded /vendor/lib/egl/libGLES_nexus.so
09-10 00:44:29.685  4976  5015 E         : init_expose_fences v3d EGL_ANDROID_native_fence_sync extension enabled
09-10 00:44:29.693  4399  4399 D UsageReportingOptIn: Current isOptedInForUsageReporting=true
09-10 00:44:29.702  4650  5008 D SQLiteCursor: received count(*) from native_fill_window: 0
09-10 00:44:29.703  4650  4959 I ContentMaintenance: Internal cache bytes used: 0; limit: 100000000; download size: 0
09-10 00:44:29.723  4904  4904 I vol.Events: writeEvent collection_started
09-10 00:44:29.733  4315  4315 D SQLiteCursor: received count(*) from native_fill_window: 1
09-10 00:44:29.743  4904  5023 D vol.VolumeDialogControl: onReceive RINGER_MODE_CHANGED_ACTION rm=RINGER_MODE_NORMAL
09-10 00:44:29.749  4904  5023 I vol.Events: writeEvent external_ringer_mode_changed normal
09-10 00:44:29.749  4904  5023 D vol.VolumeDialogControl: onReceive INTERNAL_RINGER_MODE_CHANGED_ACTION rm=RINGER_MODE_NORMAL
09-10 00:44:29.749  4904  5023 I vol.Events: writeEvent internal_ringer_mode_changed normal
09-10 00:44:29.760  4650  5008 D SQLiteCursor: received count(*) from native_fill_window: 0
09-10 00:44:29.760  4650  5008 I PinnedContentDownloader: Finished downloading pinned content.
09-10 00:44:29.767  4976  4976 I CalendarProvider2: Created com.android.providers.calendar.CalendarAlarmManager@3176d28(com.android.providers.calendar.CalendarProvider2@92bda41)
09-10 00:44:29.772  4315  4315 D SQLiteCursor: received count(*) from native_fill_window: 1
09-10 00:44:29.789  4976  5028 D CalendarReceiver: Removing scheduled alarms
09-10 00:44:29.796  4315  4315 D SQLiteCursor: received count(*) from native_fill_window: 0
09-10 00:44:29.802  4976  5027 D SQLiteCursor: received count(*) from native_fill_window: 1
09-10 00:44:29.808  3748  4679 I ActivityManager: Start proc 5030:android.process.acore/u0a7 for content provider com.android.providers.userdictionary/.UserDictionaryProvider
09-10 00:44:29.808  4315  4315 D SQLiteCursor: received count(*) from native_fill_window: 0
09-10 00:44:29.810  4315  4315 I chatty  : uid=10012(u0_a12) com.google.android.gms.persistent identical 1 line
09-10 00:44:29.813  4315  4315 D SQLiteCursor: received count(*) from native_fill_window: 0
09-10 00:44:29.813  4976  5027 D SQLiteCursor: received count(*) from native_fill_window: 1
09-10 00:44:29.827  4650  4959 I RealtimeCacheCleanup: Beginning Realtime garbage collection.
09-10 00:44:29.835  4315  4315 D SQLiteCursor: received count(*) from native_fill_window: 0
09-10 00:44:29.838  4315  4315 D SQLiteCursor: received count(*) from native_fill_window: 0
09-10 00:44:29.838  4650  4959 D SQLiteCursor: received count(*) from native_fill_window: 0
09-10 00:44:29.840  4315  4315 D SQLiteCursor: received count(*) from native_fill_window: 0
09-10 00:44:29.845  4315  4315 I chatty  : uid=10012(u0_a12) com.google.android.gms.persistent identical 1 line
09-10 00:44:29.847  4315  4315 D SQLiteCursor: received count(*) from native_fill_window: 0
09-10 00:44:29.849  4976  5027 D SQLiteCursor: received count(*) from native_fill_window: 1
09-10 00:44:29.849  4315  4315 D SQLiteCursor: received count(*) from native_fill_window: 0
09-10 00:44:29.854  4315  4315 I chatty  : uid=10012(u0_a12) com.google.android.gms.persistent identical 2 lines
09-10 00:44:29.856  4315  4315 D SQLiteCursor: received count(*) from native_fill_window: 0
09-10 00:44:29.857  4650  4959 I RealtimeCacheCleanup: Finished Realtime garbage collection.
09-10 00:44:29.858  4976  5028 D CalendarProvider2: Scheduling check of next Alarm
09-10 00:44:29.869  4315  4326 I zygote  : Background concurrent copying GC freed 12631(1468KB) AllocSpace objects, 4(80KB) LOS objects, 50% free, 1875KB/3MB, paused 15.637ms total 221.906ms
09-10 00:44:29.870  4416  4500 D SQLiteQueryBuilder: Performing query: SELECT _id, status, visibility, notificationpackage, current_bytes, total_bytes, destination, title, description FROM downloads WHERE ((deleted == '0'))
09-10 00:44:29.875  5030  5037 E zygote  : Failed sending reply to debugger: Broken pipe
09-10 00:44:29.875  5030  5037 I zygote  : Debugger is no longer active
09-10 00:44:29.893  4416  4500 D SQLiteCursor: received count(*) from native_fill_window: 0
09-10 00:44:29.898  4904  4904 D ZenModePanel/ae83554: Favorite minute index: 3
09-10 00:44:29.898  4904  4904 D ZenModePanel/ae83554: None selected: 0
09-10 00:44:29.898  4315  4315 D SQLiteCursor: received count(*) from native_fill_window: 0
09-10 00:44:29.899  4904  4904 D ZenModePanel/ae83554: new ZenModePanel
09-10 00:44:29.905  4416  4500 D SQLiteQueryBuilder: Performing query: SELECT * FROM downloads
09-10 00:44:29.909  4976  5027 D SQLiteCursor: received count(*) from native_fill_window: 1
09-10 00:44:29.913  4976  5027 I chatty  : uid=10003(u0_a3) Thread-2 identical 1 line
09-10 00:44:29.917  4976  5027 D SQLiteCursor: received count(*) from native_fill_window: 1
09-10 00:44:29.922  4976  5027 D SQLiteQueryBuilder: Performing query: SELECT alarmTime FROM CalendarAlerts, view_events WHERE (view_events._id=CalendarAlerts.event_id) AND (state=0 AND alarmTime<? AND alarmTime>? AND end>=?) ORDER BY alarmTime ASC
09-10 00:44:29.923  4315  4315 D SQLiteCursor: received count(*) from native_fill_window: 0
09-10 00:44:29.933  4315  4315 I chatty  : uid=10012(u0_a12) com.google.android.gms.persistent identical 4 lines
09-10 00:44:29.935  4315  4315 D SQLiteCursor: received count(*) from native_fill_window: 0
09-10 00:44:29.937  4416  4500 D SQLiteCursor: received count(*) from native_fill_window: 0
09-10 00:44:29.941  4315  4315 D SQLiteCursor: received count(*) from native_fill_window: 0
09-10 00:44:29.951  4315  4315 I chatty  : uid=10012(u0_a12) com.google.android.gms.persistent identical 2 lines
09-10 00:44:29.954  4315  4315 D SQLiteCursor: received count(*) from native_fill_window: 0
09-10 00:44:29.959  4315  4969 D SQLiteCursor: received count(*) from native_fill_window: 1
09-10 00:44:29.960  4315  4969 D SQLiteCursor: received count(*) from native_fill_window: 0
09-10 00:44:29.960  4315  4969 D SQLiteCursor: received count(*) from native_fill_window: 1
09-10 00:44:29.964  4976  5027 D SQLiteCursor: received count(*) from native_fill_window: 0
09-10 00:44:29.965  4904  4904 D vol.VolumeDialogImpl: updateWindowWidth dm.w=1920
09-10 00:44:29.965  4904  4904 D vol.VolumeDialogImpl: updateExpandButtonH
09-10 00:44:29.967  4650  4959 D SQLiteCursor: received count(*) from native_fill_window: 1
09-10 00:44:29.984  4315  4315 D SQLiteCursor: received count(*) from native_fill_window: 0
09-10 00:44:29.997  4315  4315 I chatty  : uid=10012(u0_a12) com.google.android.gms.persistent identical 2 lines
09-10 00:44:30.000  4315  4315 D SQLiteCursor: received count(*) from native_fill_window: 0
09-10 00:44:30.001  5030  5045 E VC5     : DRM: Trying to find: /dev/dri/card0
09-10 00:44:30.001  5030  5045 D libEGL  : loaded /vendor/lib/egl/libGLES_nexus.so
09-10 00:44:30.002  5030  5045 E         : init_expose_fences v3d EGL_ANDROID_native_fence_sync extension enabled
09-10 00:44:30.004  4315  4315 D SQLiteCursor: received count(*) from native_fill_window: 0
09-10 00:44:30.017  4315  4315 D SQLiteCursor: received count(*) from native_fill_window: 0
09-10 00:44:30.020  4315  4315 D SQLiteCursor: received count(*) from native_fill_window: 1
09-10 00:44:30.025  4315  4969 D SQLiteCursor: received count(*) from native_fill_window: 16
09-10 00:44:30.065  4904  4904 D ZenModePanel/ae83554: handleUpdateConditions conditionCount=0
09-10 00:44:30.068  4904  4904 D ZenModePanel/ae83554: bind i=0 first=true condition=condition://com.android.systemui/forever
09-10 00:44:30.078  4904  4904 D ZenModePanel/ae83554: handleExitConditionChanged null
09-10 00:44:30.078  4904  4904 D ZenModePanel/ae83554: init mExitCondition=null
09-10 00:44:30.082  4416  4416 W libc    : Unable to set property "sys.usb.ffs.mtp.ready" to "1": connection failed; errno=13 (Permission denied)
09-10 00:44:30.084  4904  5023 I vol.Events: writeEvent level_changed STREAM_VOICE_CALL 5
09-10 00:44:30.086  4904  5023 I vol.Events: writeEvent level_changed STREAM_SYSTEM 7
09-10 00:44:30.087  4650  5012 W DynamiteModule: Local module descriptor class for com.google.android.gms.googlecertificates not found.
09-10 00:44:30.089  4904  5023 I vol.Events: writeEvent level_changed STREAM_RING 7
09-10 00:44:30.091  4904  5023 I vol.Events: writeEvent level_changed STREAM_MUSIC 15
09-10 00:44:30.092  4650  5012 I DynamiteModule: Considering local module com.google.android.gms.googlecertificates:0 and remote module com.google.android.gms.googlecertificates:4
09-10 00:44:30.092  4650  5012 I DynamiteModule: Selected remote version of com.google.android.gms.googlecertificates, version >= 4
09-10 00:44:30.094  4904  5023 I vol.Events: writeEvent level_changed STREAM_ALARM 7
09-10 00:44:30.097  4904  5023 I vol.Events: writeEvent level_changed STREAM_BLUETOOTH_SCO 15
09-10 00:44:30.115  4315  4969 D SQLiteCursor: received count(*) from native_fill_window: 1
09-10 00:44:30.124  4904  4904 D vol.VolumeDialogControl: showDndTile
09-10 00:44:30.125  4315  4315 D SQLiteCursor: received count(*) from native_fill_window: 0
09-10 00:44:30.128  4315  4315 I chatty  : uid=10012(u0_a12) com.google.android.gms.persistent identical 1 line
09-10 00:44:30.130  4315  4315 D SQLiteCursor: received count(*) from native_fill_window: 0
09-10 00:44:30.131  4718  4718 D SQLiteCursor: received count(*) from native_fill_window: 3
09-10 00:44:30.133  4315  4315 D SQLiteCursor: received count(*) from native_fill_window: 0
09-10 00:44:30.139  4718  4718 D SQLiteCursor: received count(*) from native_fill_window: 1
09-10 00:44:30.142  4718  4718 D SQLiteCursor: received count(*) from native_fill_window: 2
09-10 00:44:30.142  4315  4315 D SQLiteCursor: received count(*) from native_fill_window: 0
09-10 00:44:30.145  4315  4315 D SQLiteCursor: received count(*) from native_fill_window: 0
09-10 00:44:30.146  4718  4718 D SQLiteCursor: received count(*) from native_fill_window: 0
09-10 00:44:30.147  4315  4315 D SQLiteCursor: received count(*) from native_fill_window: 0
09-10 00:44:30.152  4904  4915 I zygote  : Background concurrent copying GC freed 6465(832KB) AllocSpace objects, 4(80KB) LOS objects, 57% free, 1151KB/2MB, paused 10.631ms total 136.813ms
09-10 00:44:30.154  4650  5012 W zygote  : Skipping duplicate class check due to unrecognized classloader
09-10 00:44:30.164  4315  4328 D SQLiteCursor: received count(*) from native_fill_window: 1
09-10 00:44:30.165  4315  4328 D SQLiteCursor: received count(*) from native_fill_window: 0
09-10 00:44:30.166  4315  4328 D SQLiteCursor: received count(*) from native_fill_window: 1
09-10 00:44:30.167  4315  4328 D SQLiteCursor: received count(*) from native_fill_window: 48
09-10 00:44:30.170  4904  4904 D VolumeUI: Registering default volume controller
09-10 00:44:30.171  3748  4354 D AudioService: Volume controller: VolumeController(android.os.BinderProxy@86f2e7,mVisible=false)
09-10 00:44:30.173  4904  4904 D vol.VolumeDialogControl: showDndTile
09-10 00:44:30.173  4315  4315 D SQLiteCursor: received count(*) from native_fill_window: 1
09-10 00:44:30.174  4904  4904 D vol.MediaSessions: init
09-10 00:44:30.177  4904  5023 D vol.MediaSessions: onActiveSessionsUpdatedH n=1
09-10 00:44:30.181  4862  4936 D FA      : Connected to remote service
09-10 00:44:30.183  4718  4718 D SQLiteCursor: received count(*) from native_fill_window: 0
09-10 00:44:30.185  4718  4718 D SQLiteCursor: received count(*) from native_fill_window: 0
09-10 00:44:30.186  3748  4354 D MediaSessionRecord: registering controller callback android.media.session.ISessionControllerCallback$Stub$Proxy@d21fe94
09-10 00:44:30.208  4315  4709 D SQLiteCursor: received count(*) from native_fill_window: 1
09-10 00:44:30.216  3954  3954 W ContextImpl: Calling a method in the system process without a qualified user: android.app.ContextImpl.startService:1460 android.content.ContextWrapper.startService:644 android.content.ContextWrapper.startService:644 com.android.tv.settings.users.UserSwitchListenerService$BootReceiver.onReceive:54 android.app.ActivityThread.handleReceiver:3252 
09-10 00:44:30.236  4315  4709 D SQLiteCursor: received count(*) from native_fill_window: 0
09-10 00:44:30.245  4315  4709 D SQLiteCursor: received count(*) from native_fill_window: 1
09-10 00:44:30.252  4315  4709 D SQLiteCursor: received count(*) from native_fill_window: 16
09-10 00:44:30.255  4904  5058 D OpenGLRenderer: HWUI GL Pipeline
09-10 00:44:30.261  4315  4315 D SQLiteCursor: received count(*) from native_fill_window: 1
09-10 00:44:30.279  3748  4354 I StatusBarManagerService: registerStatusBar bar=com.android.internal.statusbar.IStatusBar$Stub$Proxy@d068c2c
09-10 00:44:30.287  4650  5059 I zygote  : Deoptimizing int aid.a(java.lang.Object) due to JIT inline cache
09-10 00:44:30.296  4472  4493 D SQLiteQueryBuilder: Performing query: SELECT value FROM partner WHERE (name=?)
09-10 00:44:30.298  4472  4493 D SQLiteCursor: received count(*) from native_fill_window: 1
09-10 00:44:30.303  4472  4493 D SQLiteQueryBuilder: Performing query: SELECT value FROM partner WHERE (name=?)
09-10 00:44:30.304  4315  4328 D SQLiteCursor: received count(*) from native_fill_window: 0
09-10 00:44:30.305  4472  4493 D SQLiteCursor: received count(*) from native_fill_window: 0
09-10 00:44:30.309  4904  4904 D StorageNotification: Notifying about private volume: VolumeInfo{private}:
09-10 00:44:30.309  4904  4904 D StorageNotification:     type=PRIVATE diskId=null partGuid=null mountFlags=0 mountUserId=-1 
09-10 00:44:30.309  4904  4904 D StorageNotification:     state=MOUNTED 
09-10 00:44:30.309  4904  4904 D StorageNotification:     fsType=null fsUuid=null fsLabel=null 
09-10 00:44:30.309  4904  4904 D StorageNotification:     path=/data internalPath=null 
09-10 00:44:30.329  4650  4665 I zygote  : Waiting for a blocking GC ProfileSaver
09-10 00:44:30.335  4416  5046 D SQLiteQueryBuilder: Performing query: SELECT _id, _data, format, date_modified FROM files WHERE (_id>?) ORDER BY _id LIMIT 1000
09-10 00:44:30.338  4315  4328 D SQLiteCursor: received count(*) from native_fill_window: 1
09-10 00:44:30.344  3748  4680 I ActivityManager: Start proc 5060:com.android.vending/u0a29 for broadcast com.android.vending/com.google.android.finsky.boothandler.BootCompletedReceiver
09-10 00:44:30.365  4650  4665 I zygote  : WaitForGcToComplete blocked for 36.547ms for cause ProfileSaver
09-10 00:44:30.368  5030  5030 D ContactsPerf: ContactsProvider2.onCreate start
09-10 00:44:30.380  4416  5046 D SQLiteCursor: received count(*) from native_fill_window: 113
09-10 00:44:30.385  4315  4328 D SQLiteCursor: received count(*) from native_fill_window: 4
09-10 00:44:30.393  4904  4904 D PipManager: resizePinnedStack() state=0
09-10 00:44:30.393  4904  4904 D PipManager: java.lang.Exception
09-10 00:44:30.393  4904  4904 D PipManager: 	at com.android.systemui.pip.tv.PipManager.resizePinnedStack(PipManager.java:373)
09-10 00:44:30.393  4904  4904 D PipManager: 	at com.android.systemui.pip.tv.PipManager.loadConfigurationsAndApply(PipManager.java:286)
09-10 00:44:30.393  4904  4904 D PipManager: 	at com.android.systemui.pip.tv.PipManager.initialize(PipManager.java:254)
09-10 00:44:30.393  4904  4904 D PipManager: 	at com.android.systemui.pip.PipUI.start(PipUI.java:58)
09-10 00:44:30.393  4904  4904 D PipManager: 	at com.android.systemui.SystemUIApplication.startServicesIfNeeded(SystemUIApplication.java:208)
09-10 00:44:30.393  4904  4904 D PipManager: 	at com.android.systemui.SystemUIApplication.startServicesIfNeeded(SystemUIApplication.java:163)
09-10 00:44:30.393  4904  4904 D PipManager: 	at com.android.systemui.SystemUIService.onCreate(SystemUIService.java:33)
09-10 00:44:30.393  4904  4904 D PipManager: 	at android.app.ActivityThread.handleCreateService(ActivityThread.java:3404)
09-10 00:44:30.393  4904  4904 D PipManager: 	at android.app.ActivityThread.-wrap4(Unknown Source:0)
09-10 00:44:30.393  4904  4904 D PipManager: 	at android.app.ActivityThread$H.handleMessage(ActivityThread.java:1683)
09-10 00:44:30.393  4904  4904 D PipManager: 	at android.os.Handler.dispatchMessage(Handler.java:105)
09-10 00:44:30.393  4904  4904 D PipManager: 	at android.os.Looper.loop(Looper.java:164)
09-10 00:44:30.393  4904  4904 D PipManager: 	at android.app.ActivityThread.main(ActivityThread.java:6541)
09-10 00:44:30.393  4904  4904 D PipManager: 	at java.lang.reflect.Method.invoke(Native Method)
09-10 00:44:30.393  4904  4904 D PipManager: 	at com.android.internal.os.Zygote$MethodAndArgsCaller.run(Zygote.java:240)
09-10 00:44:30.393  4904  4904 D PipManager: 	at com.android.internal.os.ZygoteInit.main(ZygoteInit.java:767)
09-10 00:44:30.415  4416  5046 D SQLiteQueryBuilder: Performing query: SELECT _id, _data, format, date_modified FROM files WHERE (_id>?) ORDER BY _id LIMIT 1000
09-10 00:44:30.425  4416  5046 D SQLiteCursor: received count(*) from native_fill_window: 0
09-10 00:44:30.426  4416  5046 D SQLiteQueryBuilder: Performing query: SELECT _id FROM images
09-10 00:44:30.442  5030  5030 D ContactsPerf: ContactsProvider2.onCreate finish
09-10 00:44:30.457  5030  5030 D ContactsPerf: ShadowCallLogProvider.onCreate start
09-10 00:44:30.464  3748  3758 I zygote  : Background concurrent copying GC freed 18704(1689KB) AllocSpace objects, 16(852KB) LOS objects, 42% free, 6MB/11MB, paused 335us total 150.440ms
09-10 00:44:30.474  4416  5046 D SQLiteCursor: received count(*) from native_fill_window: 0
09-10 00:44:30.475  4904  4904 D vol.VolumeDialogImpl: recheckH ALL
09-10 00:44:30.476  4904  4904 D vol.VolumeDialogImpl: trimObsoleteH
09-10 00:44:30.476  4904  4904 D vol.VolumeDialogImpl: updateVolumeRowH s=3
09-10 00:44:30.476  4904  4904 D vol.VolumeDialogImpl: onStateChangedH animating=false
09-10 00:44:30.476  4904  4904 D vol.VolumeDialogImpl: updateRowsH
09-10 00:44:30.476  4904  4904 D vol.VolumeDialogImpl: trimObsoleteH
09-10 00:44:30.476  4904  4904 D vol.VolumeDialogImpl: rescheduleTimeout 3000 com.android.systemui.volume.VolumeDialogImpl.onStateChangedH:683
09-10 00:44:30.477  4904  4904 D vol.VolumeDialogImpl: updateVolumeRowH s=3
09-10 00:44:30.477  4904  4904 D vol.VolumeDialogImpl: STREAM_MUSIC onProgressChanged 0 fromUser=false
09-10 00:44:30.478  4416  5046 D SQLiteQueryBuilder: Performing query: SELECT _id, _data, format, date_modified FROM files WHERE (_data=?)
09-10 00:44:30.479  4904  4904 D vol.VolumeDialogImpl: STREAM_MUSIC onProgressChanged 1500 fromUser=false
09-10 00:44:30.479  4904  4904 D vol.VolumeDialogImpl: updateFooterH
09-10 00:44:30.482  4416  5046 D SQLiteCursor: received count(*) from native_fill_window: 1
09-10 00:44:30.484  4416  5046 D SQLiteQueryBuilder: Performing query: SELECT _id, _data, format, date_modified FROM files WHERE (_data=?)
09-10 00:44:30.485  4416  5046 D SQLiteCursor: received count(*) from native_fill_window: 1
09-10 00:44:30.496  4904  4904 D PowerUI : buckets   .....20 .. 15 .. 5
09-10 00:44:30.496  4904  4904 D PowerUI : level          100 --> 100
09-10 00:44:30.496  4904  4904 D PowerUI : status         1 --> 2
09-10 00:44:30.497  4904  4904 D PowerUI : plugType       0 --> 1
09-10 00:44:30.497  4904  4904 D PowerUI : invalidCharger 0 --> 0
09-10 00:44:30.497  4904  4904 D PowerUI : bucket         1 --> 1
09-10 00:44:30.497  4315  4315 D SQLiteCursor: received count(*) from native_fill_window: 1
09-10 00:44:30.497  4904  4904 D PowerUI : plugged        false --> true
09-10 00:44:30.500  4904  4904 D PowerUI.Notification: dismissing low battery warning: level=100
09-10 00:44:30.501  4904  4904 D PowerUI.Notification: updateNotification mWarning=false mPlaySound=false mInvalidCharger=false
09-10 00:44:30.501  4416  5046 D SQLiteQueryBuilder: Performing query: SELECT _id, _data, format, date_modified FROM files WHERE (_data=?)
09-10 00:44:30.508  5030  5030 D ContactsPerf: ShadowCallLogProvider.onCreate finish
09-10 00:44:30.510  5030  5030 D ContactsPerf: CallLogProvider.onCreate start
09-10 00:44:30.513  5030  5030 D ContactsPerf: CallLogProvider.onCreate finish
09-10 00:44:30.524  5030  5078 D ContactsDatabaseHelper: WAL enabled for contacts2.db: true
09-10 00:44:30.525  4416  5046 D SQLiteCursor: received count(*) from native_fill_window: 1
09-10 00:44:30.525  5030  5030 I ContactsPerf: VoicemailContentProvider.onCreate start
09-10 00:44:30.527  4416  5046 D SQLiteQueryBuilder: Performing query: SELECT _id, _data, format, date_modified FROM files WHERE (_data=?)
09-10 00:44:30.531  4416  5046 D SQLiteCursor: received count(*) from native_fill_window: 1
09-10 00:44:30.535  4416  5046 D SQLiteQueryBuilder: Performing query: SELECT _id, _data, format, date_modified FROM files WHERE (_data=?)
09-10 00:44:30.540  4315  4315 D SQLiteCursor: received count(*) from native_fill_window: 2
09-10 00:44:30.546  4416  5046 D SQLiteCursor: received count(*) from native_fill_window: 1
09-10 00:44:30.548  4416  5046 D SQLiteQueryBuilder: Performing query: SELECT _id, _data, format, date_modified FROM files WHERE (_data=?)
09-10 00:44:30.549  4416  5046 D SQLiteCursor: received count(*) from native_fill_window: 1
09-10 00:44:30.550  4416  5046 D SQLiteQueryBuilder: Performing query: SELECT _id, _data, format, date_modified FROM files WHERE (_data=?)
09-10 00:44:30.551  5030  5030 I ContactsPerf: VoicemailContentProvider.onCreate finish
09-10 00:44:30.557  4416  5046 D SQLiteCursor: received count(*) from native_fill_window: 1
09-10 00:44:30.561  4416  5046 D SQLiteQueryBuilder: Performing query: SELECT _id, _data, format, date_modified FROM files WHERE (_data=?)
09-10 00:44:30.564  4416  5046 D SQLiteCursor: received count(*) from native_fill_window: 1
09-10 00:44:30.569  4416  5046 D SQLiteQueryBuilder: Performing query: SELECT _id, _data, format, date_modified FROM files WHERE (_data=?)
09-10 00:44:30.582  4416  5046 D SQLiteCursor: received count(*) from native_fill_window: 1
09-10 00:44:30.586  4416  5046 D SQLiteQueryBuilder: Performing query: SELECT _id, _data, format, date_modified FROM files WHERE (_data=?)
09-10 00:44:30.590  5030  5078 D SQLiteCursor: received count(*) from native_fill_window: 1
09-10 00:44:30.591  4416  5046 D SQLiteCursor: received count(*) from native_fill_window: 1
