09-10 00:44:32.194  4416  5046 D SQLiteCursor: received count(*) from native_fill_window: 1
09-10 00:44:32.196  4416  5046 D SQLiteQueryBuilder: Performing query: SELECT _id, _data, format, date_modified FROM files WHERE (_data=?)
09-10 00:44:32.197  4416  5046 D SQLiteCursor: received count(*) from native_fill_window: 1
09-10 00:44:32.197  4416  5046 D SQLiteQueryBuilder: Performing query: SELECT _id, _data, format, date_modified FROM files WHERE (_data=?)
09-10 00:44:32.198  4416  5046 D SQLiteCursor: received count(*) from native_fill_window: 1
09-10 00:44:32.199  4416  5046 D SQLiteQueryBuilder: Performing query: SELECT _id, _data, format, date_modified FROM files WHERE (_data=?)
09-10 00:44:32.200  4416  5046 D SQLiteCursor: received count(*) from native_fill_window: 1
09-10 00:44:32.200  4555  4677 D MusicAuthInfo: Using OAuth2 auth header
09-10 00:44:32.201  4555  4677 I MusicStreaming: Requesting URL: https://playmusicentitybrowser.googleapis.com/v1/rootEntities:batchGet?key=AIzaSyCaTCzHFFZpOGDcbsLGmvcWwsLPCVku6So&alt=proto&time_zone=America/Chicago&region_code&language_code=en&device_id=4236883052569340056&metadata_child_entity_depth=REQUEST_MAXIMUM_DEPTH&page_size=10
09-10 00:44:32.201  4416  5046 D SQLiteQueryBuilder: Performing query: SELECT _id, _data, format, date_modified FROM files WHERE (_data=?)
09-10 00:44:32.202  4416  5046 D SQLiteCursor: received count(*) from native_fill_window: 1
09-10 00:44:32.202  4416  5046 D SQLiteQueryBuilder: Performing query: SELECT _id, _data, format, date_modified FROM files WHERE (_data=?)
09-10 00:44:32.203  4416  5046 D SQLiteCursor: received count(*) from native_fill_window: 1
09-10 00:44:32.204  4416  5046 D SQLiteQueryBuilder: Performing query: SELECT _id, _data, format, date_modified FROM files WHERE (_data=?)
09-10 00:44:32.205  4416  5046 D SQLiteCursor: received count(*) from native_fill_window: 1
09-10 00:44:32.206  4416  5046 D SQLiteQueryBuilder: Performing query: SELECT _id, _data, format, date_modified FROM files WHERE (_data=?)
09-10 00:44:32.207  4416  5046 D SQLiteCursor: received count(*) from native_fill_window: 1
09-10 00:44:32.207  4416  5046 D SQLiteQueryBuilder: Performing query: SELECT _id, _data, format, date_modified FROM files WHERE (_data=?)
09-10 00:44:32.209  4416  5046 D SQLiteCursor: received count(*) from native_fill_window: 1
09-10 00:44:32.209  4416  5046 D SQLiteQueryBuilder: Performing query: SELECT _id, _data, format, date_modified FROM files WHERE (_data=?)
09-10 00:44:32.210  4416  5046 D SQLiteCursor: received count(*) from native_fill_window: 1
09-10 00:44:32.211  4416  5046 D SQLiteQueryBuilder: Performing query: SELECT _id, _data, format, date_modified FROM files WHERE (_data=?)
09-10 00:44:32.212  4416  5046 D SQLiteCursor: received count(*) from native_fill_window: 1
09-10 00:44:32.213  4416  5046 D SQLiteQueryBuilder: Performing query: SELECT _id, _data, format, date_modified FROM files WHERE (_data=?)
09-10 00:44:32.214  4416  5046 D SQLiteCursor: received count(*) from native_fill_window: 1
09-10 00:44:32.215  4416  5046 D SQLiteQueryBuilder: Performing query: SELECT _id, _data, format, date_modified FROM files WHERE (_data=?)
09-10 00:44:32.216  4416  5046 D SQLiteCursor: received count(*) from native_fill_window: 1
09-10 00:44:32.216  4416  5046 D SQLiteQueryBuilder: Performing query: SELECT _id, _data, format, date_modified FROM files WHERE (_data=?)
09-10 00:44:32.217  4416  5046 D SQLiteCursor: received count(*) from native_fill_window: 1
09-10 00:44:32.218  4416  5046 D SQLiteQueryBuilder: Performing query: SELECT _id, _data, format, date_modified FROM files WHERE (_data=?)
09-10 00:44:32.219  4416  5046 D SQLiteCursor: received count(*) from native_fill_window: 1
09-10 00:44:32.221  4416  5046 D SQLiteQueryBuilder: Performing query: SELECT _id, _data, format, date_modified FROM files WHERE (_data=?)
09-10 00:44:32.223  5060  5060 D Finsky  : [2] com.google.android.finsky.application.b.c.b(808): Created new context: [DfeApiContext headers={User-Agent: Android-Finsky/11.2.31-xhdpi%20%5B8%5D%20%5BPR%5D%20208817296 (api=3,versionCode=81123168,sdk=26,device=vip6102w,hardware=vip6102w,product=vip6102w_bell,platformVersionRelease=8.0.0,model=VIP6102W,buildId=OTT1.180514.002,isWideScreen=1,supportedAbis=armeabi-v7a;armeabi), X-DFE-Content-Filters: , Accept-Language: en-, X-DFE-Client-Id: am-android-bellcanada-tv}]
09-10 00:44:32.225  4416  5046 D SQLiteCursor: received count(*) from native_fill_window: 1
09-10 00:44:32.226  4416  5046 D SQLiteQueryBuilder: Performing query: SELECT _id, _data, format, date_modified FROM files WHERE (_data=?)
09-10 00:44:32.230  4416  5046 D SQLiteCursor: received count(*) from native_fill_window: 1
09-10 00:44:32.231  4416  5046 D SQLiteQueryBuilder: Performing query: SELECT _id, _data, format, date_modified FROM files WHERE (_data=?)
09-10 00:44:32.232  4416  5046 D SQLiteCursor: received count(*) from native_fill_window: 1
09-10 00:44:32.233  4416  5046 D SQLiteQueryBuilder: Performing query: SELECT _id, _data, format, date_modified FROM files WHERE (_data=?)
09-10 00:44:32.234  4416  5046 D SQLiteCursor: received count(*) from native_fill_window: 1
09-10 00:44:32.235  4416  5046 D SQLiteQueryBuilder: Performing query: SELECT _id, _data, format, date_modified FROM files WHERE (_data=?)
09-10 00:44:32.236  4416  5046 D SQLiteCursor: received count(*) from native_fill_window: 1
09-10 00:44:32.237  4416  5046 D SQLiteQueryBuilder: Performing query: SELECT _id, _data, format, date_modified FROM files WHERE (_data=?)
09-10 00:44:32.239  4416  5046 D SQLiteCursor: received count(*) from native_fill_window: 1
09-10 00:44:32.240  4416  5046 D SQLiteQueryBuilder: Performing query: SELECT _id, _data, format, date_modified FROM files WHERE (_data=?)
09-10 00:44:32.241  4416  5046 D SQLiteCursor: received count(*) from native_fill_window: 1
09-10 00:44:32.241  4416  5046 D SQLiteQueryBuilder: Performing query: SELECT _id, _data, format, date_modified FROM files WHERE (_data=?)
09-10 00:44:32.243  4416  5046 D SQLiteCursor: received count(*) from native_fill_window: 1
09-10 00:44:32.243  4416  5046 D SQLiteQueryBuilder: Performing query: SELECT _id, _data, format, date_modified FROM files WHERE (_data=?)
09-10 00:44:32.245  4416  5046 D SQLiteCursor: received count(*) from native_fill_window: 1
09-10 00:44:32.245  4416  5046 D SQLiteQueryBuilder: Performing query: SELECT _id, _data, format, date_modified FROM files WHERE (_data=?)
09-10 00:44:32.247  4416  5046 D SQLiteCursor: received count(*) from native_fill_window: 1
09-10 00:44:32.247  4416  5046 D SQLiteQueryBuilder: Performing query: SELECT _id, _data, format, date_modified FROM files WHERE (_data=?)
09-10 00:44:32.248  4416  5046 D SQLiteCursor: received count(*) from native_fill_window: 1
09-10 00:44:32.249  4416  5046 D SQLiteQueryBuilder: Performing query: SELECT _id, _data, format, date_modified FROM files WHERE (_data=?)
09-10 00:44:32.253  4416  5046 D SQLiteCursor: received count(*) from native_fill_window: 1
09-10 00:44:32.253  4416  5046 D SQLiteQueryBuilder: Performing query: SELECT _id, _data, format, date_modified FROM files WHERE (_data=?)
09-10 00:44:32.254  4416  5046 D SQLiteCursor: received count(*) from native_fill_window: 1
09-10 00:44:32.255  4416  5046 D SQLiteQueryBuilder: Performing query: SELECT _id, _data, format, date_modified FROM files WHERE (_data=?)
09-10 00:44:32.259  4416  5046 D SQLiteCursor: received count(*) from native_fill_window: 1
09-10 00:44:32.260  4416  5046 D SQLiteQueryBuilder: Performing query: SELECT _id, _data, format, date_modified FROM files WHERE (_data=?)
09-10 00:44:32.261  4416  5046 D SQLiteCursor: received count(*) from native_fill_window: 1
09-10 00:44:32.265  4416  5046 D SQLiteQueryBuilder: Performing query: SELECT _id, _data, format, date_modified FROM files WHERE (_data=?)
09-10 00:44:32.267  4416  5046 D SQLiteCursor: received count(*) from native_fill_window: 1
09-10 00:44:32.267  4416  5046 D SQLiteQueryBuilder: Performing query: SELECT _id, _data, format, date_modified FROM files WHERE (_data=?)
09-10 00:44:32.270  4416  5046 D SQLiteCursor: received count(*) from native_fill_window: 1
09-10 00:44:32.271  4416  5046 D SQLiteQueryBuilder: Performing query: SELECT _id, _data, format, date_modified FROM files WHERE (_data=?)
09-10 00:44:32.272  4416  5046 D SQLiteCursor: received count(*) from native_fill_window: 1
09-10 00:44:32.273  4416  5046 D SQLiteQueryBuilder: Performing query: SELECT _id, _data, format, date_modified FROM files WHERE (_data=?)
09-10 00:44:32.274  4416  5046 D SQLiteCursor: received count(*) from native_fill_window: 1
09-10 00:44:32.274  4416  5046 D SQLiteQueryBuilder: Performing query: SELECT _id, _data, format, date_modified FROM files WHERE (_data=?)
09-10 00:44:32.275  4416  5046 D SQLiteCursor: received count(*) from native_fill_window: 1
09-10 00:44:32.276  4416  5046 D SQLiteQueryBuilder: Performing query: SELECT _id, _data, format, date_modified FROM files WHERE (_data=?)
09-10 00:44:32.284  4555  4677 E StrictMode: null
09-10 00:44:32.284  4555  4677 E StrictMode: java.lang.Throwable: Untagged socket detected; use TrafficStats.setThreadSocketTag() to track all network usage
09-10 00:44:32.284  4555  4677 E StrictMode: 	at android.os.StrictMode.onUntaggedSocket(StrictMode.java:2010)
09-10 00:44:32.284  4555  4677 E StrictMode: 	at com.android.server.NetworkManagementSocketTagger.tag(NetworkManagementSocketTagger.java:78)
09-10 00:44:32.284  4555  4677 E StrictMode: 	at libcore.io.BlockGuardOs.tagSocket(BlockGuardOs.java:47)
09-10 00:44:32.284  4555  4677 E StrictMode: 	at libcore.io.BlockGuardOs.socket(BlockGuardOs.java:310)
09-10 00:44:32.284  4555  4677 E StrictMode: 	at libcore.io.IoBridge.socket(IoBridge.java:667)
09-10 00:44:32.284  4555  4677 E StrictMode: 	at java.net.PlainSocketImpl.socketCreate(PlainSocketImpl.java:116)
09-10 00:44:32.284  4555  4677 E StrictMode: 	at java.net.AbstractPlainSocketImpl.create(AbstractPlainSocketImpl.java:98)
09-10 00:44:32.284  4555  4677 E StrictMode: 	at java.net.Socket.createImpl(Socket.java:484)
09-10 00:44:32.284  4555  4677 E StrictMode: 	at java.net.Socket.getImpl(Socket.java:547)
09-10 00:44:32.284  4555  4677 E StrictMode: 	at java.net.Socket.setSoTimeout(Socket.java:1175)
09-10 00:44:32.284  4555  4677 E StrictMode: 	at com.squareup.okhttp.internal.io.RealConnection.connectSocket(RealConnection.java:135)
09-10 00:44:32.284  4555  4677 E StrictMode: 	at com.squareup.okhttp.internal.io.RealConnection.connect(RealConnection.java:108)
09-10 00:44:32.284  4555  4677 E StrictMode: 	at com.squareup.okhttp.internal.http.StreamAllocation.findConnection(StreamAllocation.java:184)
09-10 00:44:32.284  4555  4677 E StrictMode: 	at com.squareup.okhttp.internal.http.StreamAllocation.findHealthyConnection(StreamAllocation.java:126)
09-10 00:44:32.284  4555  4677 E StrictMode: 	at com.squareup.okhttp.internal.http.StreamAllocation.newStream(StreamAllocation.java:95)
09-10 00:44:32.284  4555  4677 E StrictMode: 	at com.squareup.okhttp.internal.http.HttpEngine.connect(HttpEngine.java:281)
09-10 00:44:32.284  4555  4677 E StrictMode: 	at com.squareup.okhttp.internal.http.HttpEngine.sendRequest(HttpEngine.java:224)
09-10 00:44:32.284  4555  4677 E StrictMode: 	at com.squareup.okhttp.Call.getResponse(Call.java:286)
09-10 00:44:32.284  4555  4677 E StrictMode: 	at com.squareup.okhttp.Call$ApplicationInterceptorChain.proceed(Call.java:243)
09-10 00:44:32.284  4555  4677 E StrictMode: 	at com.squareup.okhttp.Call.getResponseWithInterceptorChain(Call.java:205)
09-10 00:44:32.284  4555  4677 E StrictMode: 	at com.squareup.okhttp.Call.execute(Call.java:80)
09-10 00:44:32.284  4555  4677 E StrictMode: 	at com.google.android.volley.ok.GoogleOkHttpStack.executeCall(GoogleOkHttpStack.java:415)
09-10 00:44:32.284  4555  4677 E StrictMode: 	at com.google.android.volley.ok.GoogleOkHttpStack.execute(GoogleOkHttpStack.java:401)
09-10 00:44:32.284  4555  4677 E StrictMode: 	at com.google.android.music.cloudclient.http.OkHttpStack.execute(OkHttpStack.java:44)
09-10 00:44:32.284  4555  4677 E StrictMode: 	at com.google.android.music.cloudclient.http.MusicHttpClient.execute(MusicHttpClient.java:54)
09-10 00:44:32.284  4555  4677 E StrictMode: 	at com.google.android.music.cloudclient.MusicRequest.sendRequest(MusicRequest.java:259)
09-10 00:44:32.284  4555  4677 E StrictMode: 	at com.google.android.music.cloudclient.MusicRequest.sendRequest(MusicRequest.java:211)
09-10 00:44:32.284  4555  4677 E StrictMode: 	at com.google.android.music.cloudclient.MusicCloudImpl.executeGet(MusicCloudImpl.java:411)
09-10 00:44:32.284  4555  4677 E StrictMode: 	at com.google.android.music.cloudclient.MusicCloudImpl.executeProtoLiteGet(MusicCloudImpl.java:1261)
09-10 00:44:32.284  4555  4677 E StrictMode: 	at com.google.android.music.cloudclient.MusicCloudImpl.getEntityBrowserRoot(MusicCloudImpl.java:1162)
09-10 00:44:32.284  4555  4677 E StrictMode: 	at com.google.android.music.browse.EntityBrowserSource.getRootEntities(EntityBrowserSource.java:145)
09-10 00:44:32.284  4555  4677 E StrictMode: 	at com.google.android.music.browse.BrowserUtil.getEntityBrowserContent(BrowserUtil.java:607)
09-10 00:44:32.284  4555  4677 E StrictMode: 	at com.google.android.music.browse.MediaBrowserService$4.run(MediaBrowserService.java:475)
09-10 00:44:32.284  4555  4677 E StrictMode: 	at com.google.android.music.utils.async.TraceableRunnable.runLogged(TraceableRunnable.java:21)
09-10 00:44:32.284  4555  4677 E StrictMode: 	at com.google.android.music.utils.async.LoggedRunnable.run(LoggedRunnable.java:30)
09-10 00:44:32.284  4555  4677 E StrictMode: 	at android.os.Handler.handleCallback(Handler.java:789)
09-10 00:44:32.284  4555  4677 E StrictMode: 	at android.os.Handler.dispatchMessage(Handler.java:98)
09-10 00:44:32.284  4555  4677 E StrictMode: 	at com.google.android.music.utils.LoggableHandler.dispatchMessage(LoggableHandler.java:74)
09-10 00:44:32.284  4555  4677 E StrictMode: 	at android.os.Looper.loop(Looper.java:164)
09-10 00:44:32.284  4555  4677 E StrictMode: 	at android.os.HandlerThread.run(HandlerThread.java:65)
09-10 00:44:32.285  4416  5046 D SQLiteCursor: received count(*) from native_fill_window: 1
09-10 00:44:32.286  4416  5046 D SQLiteQueryBuilder: Performing query: SELECT _id, _data, format, date_modified FROM files WHERE (_data=?)
09-10 00:44:32.296  4416  5046 D SQLiteCursor: received count(*) from native_fill_window: 1
09-10 00:44:32.296  4416  5046 D SQLiteQueryBuilder: Performing query: SELECT _id, _data, format, date_modified FROM files WHERE (_data=?)
09-10 00:44:32.298  4416  5046 D SQLiteCursor: received count(*) from native_fill_window: 1
09-10 00:44:32.298  4416  5046 D SQLiteQueryBuilder: Performing query: SELECT _id, _data, format, date_modified FROM files WHERE (_data=?)
09-10 00:44:32.300  4416  5046 D SQLiteCursor: received count(*) from native_fill_window: 1
09-10 00:44:32.301  4416  5046 D SQLiteQueryBuilder: Performing query: SELECT _id, _data, format, date_modified FROM files WHERE (_data=?)
09-10 00:44:32.302  5060  5060 I Finsky  : [2] com.google.android.finsky.passivestate.impl.b.a(21): passiveState: onBoot
09-10 00:44:32.302  4416  5046 D SQLiteCursor: received count(*) from native_fill_window: 1
09-10 00:44:32.304  5060  5060 I Finsky  : [2] com.google.android.finsky.scheduler.v.a(29): Scheduling fallback job with id: 9034, and delay: 43200000 ms
09-10 00:44:32.307  4416  5046 D SQLiteQueryBuilder: Performing query: SELECT _id, _data, format, date_modified FROM files WHERE (_data=?)
09-10 00:44:32.310  5060  5060 I Finsky  : [2] com.google.android.finsky.scheduler.v.a(39): Scheduling fallback in 64799998 (absolute: 64863967)
09-10 00:44:32.310  4416  5046 D SQLiteCursor: received count(*) from native_fill_window: 1
09-10 00:44:32.311  4416  5046 D SQLiteQueryBuilder: Performing query: SELECT _id, _data, format, date_modified FROM files WHERE (_data=?)
09-10 00:44:32.312  4416  5046 D SQLiteCursor: received count(*) from native_fill_window: 1
09-10 00:44:32.312  4416  5046 D SQLiteQueryBuilder: Performing query: SELECT _id, _data, format, date_modified FROM files WHERE (_data=?)
09-10 00:44:32.316  5060  5208 D SQLiteCursor: received count(*) from native_fill_window: 0
09-10 00:44:32.320  4416  5046 D SQLiteCursor: received count(*) from native_fill_window: 1
09-10 00:44:32.321  4416  5046 D SQLiteQueryBuilder: Performing query: SELECT _id, _data, format, date_modified FROM files WHERE (_data=?)
09-10 00:44:32.322  4416  5046 D SQLiteCursor: received count(*) from native_fill_window: 1
09-10 00:44:32.323  4416  5046 D SQLiteQueryBuilder: Performing query: SELECT _id, _data, format, date_modified FROM files WHERE (_data=?)
09-10 00:44:32.330  4416  5046 D SQLiteCursor: received count(*) from native_fill_window: 1
09-10 00:44:32.330  4416  5046 D SQLiteQueryBuilder: Performing query: SELECT _id, _data, format, date_modified FROM files WHERE (_data=?)
09-10 00:44:32.332  4416  5046 D SQLiteCursor: received count(*) from native_fill_window: 1
09-10 00:44:32.332  4416  5046 D SQLiteQueryBuilder: Performing query: SELECT _id, _data, format, date_modified FROM files WHERE (_data=?)
09-10 00:44:32.333  4416  5046 D SQLiteCursor: received count(*) from native_fill_window: 1
09-10 00:44:32.334  4416  5046 D SQLiteQueryBuilder: Performing query: SELECT _id, _data, format, date_modified FROM files WHERE (_data=?)
09-10 00:44:32.335  4416  5046 D SQLiteCursor: received count(*) from native_fill_window: 1
09-10 00:44:32.336  4416  5046 D SQLiteQueryBuilder: Performing query: SELECT _id, _data, format, date_modified FROM files WHERE (_data=?)
09-10 00:44:32.337  4416  5046 D SQLiteCursor: received count(*) from native_fill_window: 1
09-10 00:44:32.339  5060  5060 I Finsky  : [2] com.google.android.finsky.installer.a.ah.a(474): Installer kick - no action, not running yet
09-10 00:44:32.340  5060  5060 I Finsky  : [2] com.google.android.finsky.installer.a.ah.a(474): Installer kick - no action, not running yet
09-10 00:44:32.343  4416  5046 D SQLiteQueryBuilder: Performing query: SELECT _id, _data, format, date_modified FROM files WHERE (_data=?)
09-10 00:44:32.349  4315  4969 D SQLiteCursor: received count(*) from native_fill_window: 1
09-10 00:44:32.350  4416  5046 D SQLiteCursor: received count(*) from native_fill_window: 1
09-10 00:44:32.351  4416  5046 D SQLiteQueryBuilder: Performing query: SELECT _id, _data, format, date_modified FROM files WHERE (_data=?)
09-10 00:44:32.351  5060  5197 D SQLiteCursor: received count(*) from native_fill_window: 56
09-10 00:44:32.351  4416  5200 D SQLiteQueryBuilder: Performing query: SELECT _id, entity, _data, mimetype, visibility, destination, control, status, lastmod, notificationpackage, notificationclass, total_bytes, current_bytes, title, description, uri, is_visible_in_downloads_ui, hint, mediaprovider_uri, deleted, title AS _display_name, total_bytes AS _size FROM downloads WHERE ((notificationclass=?) AND (uid= ? OR otheruid= ?))
09-10 00:44:32.353  4416  5046 D SQLiteCursor: received count(*) from native_fill_window: 1
09-10 00:44:32.357  4416  5046 D SQLiteQueryBuilder: Performing query: SELECT _id, _data, format, date_modified FROM files WHERE (_data=?)
09-10 00:44:32.358  4416  5046 D SQLiteCursor: received count(*) from native_fill_window: 1
09-10 00:44:32.359  4416  5046 D SQLiteQueryBuilder: Performing query: SELECT _id, _data, format, date_modified FROM files WHERE (_data=?)
09-10 00:44:32.359  4416  5046 D SQLiteCursor: received count(*) from native_fill_window: 1
09-10 00:44:32.361  4416  5200 D SQLiteCursor: received count(*) from native_fill_window: 0
09-10 00:44:32.362  4416  5046 D SQLiteQueryBuilder: Performing query: SELECT _id, _data, format, date_modified FROM files WHERE (_data=?)
09-10 00:44:32.363  5060  5197 I Finsky  : [154] com.google.android.finsky.library.a.f.j(76): Finished loading 1 libraries.
09-10 00:44:32.364  4416  5046 D SQLiteCursor: received count(*) from native_fill_window: 1
09-10 00:44:32.364  4416  5046 D SQLiteQueryBuilder: Performing query: SELECT _id, _data, format, date_modified FROM files WHERE (_data=?)
09-10 00:44:32.365  4416  5046 D SQLiteCursor: received count(*) from native_fill_window: 1
09-10 00:44:32.365  4315  4969 D SQLiteCursor: received count(*) from native_fill_window: 0
09-10 00:44:32.366  4416  5046 D SQLiteQueryBuilder: Performing query: SELECT _id, _data, format, date_modified FROM files WHERE (_data=?)
09-10 00:44:32.366  4315  4969 D SQLiteCursor: received count(*) from native_fill_window: 50
09-10 00:44:32.366  4416  5046 D SQLiteCursor: received count(*) from native_fill_window: 1
09-10 00:44:32.368  4416  5046 D SQLiteQueryBuilder: Performing query: SELECT _id, _data, format, date_modified FROM files WHERE (_data=?)
09-10 00:44:32.369  4416  5046 D SQLiteCursor: received count(*) from native_fill_window: 1
09-10 00:44:32.369  4416  5046 D SQLiteQueryBuilder: Performing query: SELECT _id, _data, format, date_modified FROM files WHERE (_data=?)
09-10 00:44:32.372  4416  5046 D SQLiteCursor: received count(*) from native_fill_window: 1
09-10 00:44:32.373  4416  5046 D SQLiteQueryBuilder: Performing query: SELECT _id, _data, format, date_modified FROM files WHERE (_data=?)
09-10 00:44:32.374  4416  5046 D SQLiteCursor: received count(*) from native_fill_window: 1
09-10 00:44:32.375  4416  5046 D SQLiteQueryBuilder: Performing query: SELECT _id, _data, format, date_modified FROM files WHERE (_data=?)
09-10 00:44:32.376  4416  5046 D SQLiteCursor: received count(*) from native_fill_window: 1
09-10 00:44:32.379  4416  5046 D SQLiteQueryBuilder: Performing query: SELECT _id, _data, format, date_modified FROM files WHERE (_data=?)
09-10 00:44:32.380  4416  5046 D SQLiteCursor: received count(*) from native_fill_window: 1
09-10 00:44:32.382  4416  5046 D SQLiteQueryBuilder: Performing query: SELECT _id, _data, format, date_modified FROM files WHERE (_data=?)
09-10 00:44:32.389  4416  5046 D SQLiteCursor: received count(*) from native_fill_window: 1
09-10 00:44:32.391  4416  5046 D SQLiteQueryBuilder: Performing query: SELECT _id, _data, format, date_modified FROM files WHERE (_data=?)
09-10 00:44:32.393  4315  4969 D SQLiteCursor: received count(*) from native_fill_window: 0
09-10 00:44:32.395  4416  5046 D SQLiteCursor: received count(*) from native_fill_window: 1
09-10 00:44:32.401  4315  4969 D SQLiteCursor: received count(*) from native_fill_window: 1
09-10 00:44:32.403  4416  5046 D SQLiteQueryBuilder: Performing query: SELECT _id, _data, format, date_modified FROM files WHERE (_data=?)
09-10 00:44:32.408  4416  5046 D SQLiteCursor: received count(*) from native_fill_window: 1
09-10 00:44:32.409  4416  5046 D SQLiteQueryBuilder: Performing query: SELECT _id, _data, format, date_modified FROM files WHERE (_data=?)
09-10 00:44:32.409  4416  5046 D SQLiteCursor: received count(*) from native_fill_window: 1
09-10 00:44:32.415  4315  4969 D SQLiteCursor: received count(*) from native_fill_window: 1
09-10 00:44:32.422  4555  4830 I PlayCommon: [113] PlayEventLogger.handleResponse: Successfully uploaded logs.
09-10 00:44:32.424  4416  5046 D SQLiteQueryBuilder: Performing query: SELECT _id, _data, format, date_modified FROM files WHERE (_data=?)
09-10 00:44:32.427  4416  5046 D SQLiteCursor: received count(*) from native_fill_window: 1
09-10 00:44:32.434  4315  4969 D SQLiteCursor: received count(*) from native_fill_window: 1
09-10 00:44:32.435  4416  5046 D SQLiteQueryBuilder: Performing query: SELECT _id, _data, format, date_modified FROM files WHERE (_data=?)
09-10 00:44:32.439  4315  4969 D SQLiteCursor: received count(*) from native_fill_window: 1
09-10 00:44:32.440  4416  5046 D SQLiteCursor: received count(*) from native_fill_window: 1
09-10 00:44:32.440  4416  5046 D SQLiteQueryBuilder: Performing query: SELECT _id, _data, format, date_modified FROM files WHERE (_data=?)
09-10 00:44:32.441  4416  5046 D SQLiteCursor: received count(*) from native_fill_window: 1
09-10 00:44:32.455  4315  4969 D SQLiteCursor: received count(*) from native_fill_window: 1
09-10 00:44:32.458  4416  5046 D SQLiteQueryBuilder: Performing query: SELECT _id, _data, format, date_modified FROM files WHERE (_data=?)
09-10 00:44:32.466  4416  5046 D SQLiteCursor: received count(*) from native_fill_window: 1
09-10 00:44:32.473  4416  5046 D SQLiteQueryBuilder: Performing query: SELECT _id, _data, format, date_modified FROM files WHERE (_data=?)
09-10 00:44:32.474  4416  5046 D SQLiteCursor: received count(*) from native_fill_window: 1
09-10 00:44:32.475  4416  5046 D SQLiteQueryBuilder: Performing query: SELECT _id, _data, format, date_modified FROM files WHERE (_data=?)
09-10 00:44:32.475  4416  5046 D SQLiteCursor: received count(*) from native_fill_window: 1
09-10 00:44:32.477  4315  4969 D SQLiteCursor: received count(*) from native_fill_window: 1
09-10 00:44:32.478  4315  4969 D SQLiteCursor: received count(*) from native_fill_window: 50
09-10 00:44:32.480  4416  5046 D SQLiteQueryBuilder: Performing query: SELECT _id, _data, format, date_modified FROM files WHERE (_data=?)
09-10 00:44:32.481  4416  5046 D SQLiteCursor: received count(*) from native_fill_window: 1
09-10 00:44:32.482  4315  4969 D SQLiteCursor: received count(*) from native_fill_window: 1
09-10 00:44:32.485  4416  5046 D SQLiteQueryBuilder: Performing query: SELECT _id, _data, format, date_modified FROM files WHERE (_data=?)
09-10 00:44:32.486  4416  5046 D SQLiteCursor: received count(*) from native_fill_window: 1
09-10 00:44:32.488  3748  4679 I ActivityManager: Start proc 5217:com.arris.chmframework/1000 for broadcast com.arris.chmframework/.DiagReceiver
09-10 00:44:32.489  4315  4969 D SQLiteCursor: received count(*) from native_fill_window: 1
09-10 00:44:32.490  5060  5192 D SQLiteCursor: received count(*) from native_fill_window: 2
09-10 00:44:32.491  4315  4969 D SQLiteCursor: received count(*) from native_fill_window: 0
09-10 00:44:32.492  5060  5060 D Finsky  : [2] com.google.android.finsky.scheduler.bm.a(4): Scheduling 1-1337 disk hit took 145ms
09-10 00:44:32.493  5060  5060 D Finsky  : [2] com.google.android.finsky.scheduler.by.a(140): Job Log dropped for job id: 1337, consumer: 1
09-10 00:44:32.499  5060  5060 I Finsky  : [2] com.google.android.finsky.scheduler.JobSchedulerEngine.a(15): Scheduling immediate wakeup job with id: 9000
09-10 00:44:32.500  4416  5046 D SQLiteQueryBuilder: Performing query: SELECT _id, _data, format, date_modified FROM files WHERE (_data=?)
09-10 00:44:32.503  4315  4969 D SQLiteCursor: received count(*) from native_fill_window: 0
09-10 00:44:32.504  5060  5060 D Finsky  : [2] com.google.android.finsky.scheduler.ba.a(59): Job details in database: 
09-10 00:44:32.505  4416  5046 D SQLiteCursor: received count(*) from native_fill_window: 1
09-10 00:44:32.506  4416  5046 D SQLiteQueryBuilder: Performing query: SELECT _id, _data, format, date_modified FROM files WHERE (_data=?)
09-10 00:44:32.507  4416  5046 D SQLiteCursor: received count(*) from native_fill_window: 1
09-10 00:44:32.508  4416  5046 D SQLiteQueryBuilder: Performing query: SELECT _id, _data, format, date_modified FROM files WHERE (_data=?)
09-10 00:44:32.509  4416  5046 D SQLiteCursor: received count(*) from native_fill_window: 1
09-10 00:44:32.513  4416  5046 D SQLiteQueryBuilder: Performing query: SELECT _id, _data, format, date_modified FROM files WHERE (_data=?)
09-10 00:44:32.514  4416  5046 D SQLiteCursor: received count(*) from native_fill_window: 1
09-10 00:44:32.514  4416  5046 D SQLiteQueryBuilder: Performing query: SELECT _id, _data, format, date_modified FROM files WHERE (_data=?)
09-10 00:44:32.516  4555  4678 D MediaStoreImportHelper: requestImport performFullImport: false
09-10 00:44:32.517  4315  4320 I zygote  : Do full code cache collection, code=123KB, data=123KB
09-10 00:44:32.520  4315  4969 D SQLiteCursor: received count(*) from native_fill_window: 1
09-10 00:44:32.521  4555  4779 I MediaStoreImportHelper: Skipping media store import due to missing read permission
09-10 00:44:32.523  5060  5060 D Finsky  : [2] com.google.android.finsky.scheduler.ba.a(63): Job: JobParameters{jobParameters=a: 63
09-10 00:44:32.523  5060  5060 D Finsky  : b: 1
09-10 00:44:32.523  5060  5060 D Finsky  : c: 1536558272336
09-10 00:44:32.523  5060  5060 D Finsky  : d <
09-10 00:44:32.523  5060  5060 D Finsky  :   a <
09-10 00:44:32.523  5060  5060 D Finsky  :     a: 1
09-10 00:44:32.523  5060  5060 D Finsky  :     b: "reason"
09-10 00:44:32.523  5060  5060 D Finsky  :     c <
09-10 00:44:32.523  5060  5060 D Finsky  :       a: false
09-10 00:44:32.523  5060  5060 D Finsky  :       b: ""
09-10 00:44:32.523  5060  5060 D Finsky  :       c: 6
09-10 00:44:32.523  5060  5060 D Finsky  :       d: 0
09-10 00:44:32.523  5060  5060 D Finsky  :       e: 1
09-10 00:44:32.523  5060  5060 D Finsky  :       f: ""
09-10 00:44:32.523  5060  5060 D Finsky  :     >
09-10 00:44:32.523  5060  5060 D Finsky  :   >
09-10 00:44:32.523  5060  5060 D Finsky  : >
09-10 00:44:32.523  5060  5060 D Finsky  : e: false
09-10 00:44:32.523  5060  5060 D Finsky  : f: "com.google.android.finsky.hygiene.impl.RoutineHygieneCoreJob"
09-10 00:44:32.523  5060  5060 D Finsky  : g <
09-10 00:44:32.523  5060  5060 D Finsky  :   a: 255
09-10 00:44:32.523  5060  5060 D Finsky  :   b: 0
09-10 00:44:32.523  5060  5060 D Finsky  :   c: 1
09-10 00:44:32.523  5060  5060 D Finsky  :   d: 78147951
09-10 00:44:32.523  5060  5060 D Finsky  :   e: 1
09-10 00:44:32.523  5060  5060 D Finsky  :   f: false
09-10 00:44:32.523  5060  5060 D Finsky  :   g: false
09-10 00:44:32.523  5060  5060 D Finsky  :   h: false
09-10 00:44:32.523  5060  5060 D Finsky  :   i: false
09-10 00:44:32.523  5060  5060 D Finsky  : >
09-10 00:44:32.523  5060  5060 D Finsky  : h: 1337
09-10 00:44:32.523  5060  5060 D Finsky  : i: "routine-hygiene"
09-10 00:44:32.523  5060  5060 D Finsky  : }
09-10 00:44:32.523  4315  4969 D SQLiteCursor: received count(*) from native_fill_window: 1
09-10 00:44:32.523  4416  5046 D SQLiteCursor: received count(*) from native_fill_window: 1
09-10 00:44:32.524  4416  5046 D SQLiteQueryBuilder: Performing query: SELECT _id, _data, format, date_modified FROM files WHERE (_data=?)
09-10 00:44:32.525  4416  5046 D SQLiteCursor: received count(*) from native_fill_window: 1
09-10 00:44:32.526  5217  5224 E zygote  : Failed writing handshake bytes (-1 of 14): Broken pipe
09-10 00:44:32.526  5217  5224 I zygote  : Debugger is no longer active
09-10 00:44:32.527  5060  5060 D Finsky  : [2] com.google.android.finsky.scheduler.ba.a(63): Job: JobParameters{jobParameters=a: 63
09-10 00:44:32.527  5060  5060 D Finsky  : b: 23
09-10 00:44:32.527  5060  5060 D Finsky  : c: 1536557619061
09-10 00:44:32.527  5060  5060 D Finsky  : e: false
09-10 00:44:32.527  5060  5060 D Finsky  : f: "com.google.android.finsky.heterodyne.HeterodynePeriodicSyncJob"
09-10 00:44:32.527  5060  5060 D Finsky  : g <
09-10 00:44:32.527  5060  5060 D Finsky  :   a: 255
09-10 00:44:32.527  5060  5060 D Finsky  :   b: 14400000
09-10 00:44:32.527  5060  5060 D Finsky  :   c: 1
09-10 00:44:32.527  5060  5060 D Finsky  :   d: 21600000
09-10 00:44:32.527  5060  5060 D Finsky  :   e: 3
09-10 00:44:32.527  5060  5060 D Finsky  :   f: false
09-10 00:44:32.527  5060  5060 D Finsky  :   g: false
09-10 00:44:32.527  5060  5060 D Finsky  :   h: false
09-10 00:44:32.527  5060  5060 D Finsky  :   i: false
09-10 00:44:32.527  5060  5060 D Finsky  : >
09-10 00:44:32.527  5060  5060 D Finsky  : h: 0
09-10 00:44:32.527  5060  5060 D Finsky  : i: "period_sync"
09-10 00:44:32.527  5060  5060 D Finsky  : }
09-10 00:44:32.528  5060  5060 I Finsky  : [2] com.google.android.finsky.scheduler.ba.a(64): Jobs in database: 1-1337 23-0 
09-10 00:44:32.533  4315  4320 I zygote  : After code cache collection, code=92KB, data=77KB
09-10 00:44:32.543  5060  5060 I Finsky  : [2] com.google.android.finsky.scheduler.g.a(68): ConstraintMapping: 1-1337, 23-0,  -> L: 0ms, D: 20946532ms, C: false, I: false, N: 1
09-10 00:44:32.543  4315  4969 D SQLiteCursor: received count(*) from native_fill_window: 1
09-10 00:44:32.543  5060  5060 D Finsky  : [2] com.google.android.finsky.scheduler.g.a(69): Detailed mapping: JobParameters{jobParameters=a: 63
09-10 00:44:32.543  5060  5060 D Finsky  : b: 1
09-10 00:44:32.543  5060  5060 D Finsky  : c: 1536558272336
09-10 00:44:32.543  5060  5060 D Finsky  : d <
09-10 00:44:32.543  5060  5060 D Finsky  :   a <
09-10 00:44:32.543  5060  5060 D Finsky  :     a: 1
09-10 00:44:32.543  5060  5060 D Finsky  :     b: "reason"
09-10 00:44:32.543  5060  5060 D Finsky  :     c <
09-10 00:44:32.543  5060  5060 D Finsky  :       a: false
09-10 00:44:32.543  5060  5060 D Finsky  :       b: ""
09-10 00:44:32.543  5060  5060 D Finsky  :       c: 6
09-10 00:44:32.543  5060  5060 D Finsky  :       d: 0
09-10 00:44:32.543  5060  5060 D Finsky  :       e: 1
09-10 00:44:32.543  5060  5060 D Finsky  :       f: ""
09-10 00:44:32.543  5060  5060 D Finsky  :     >
09-10 00:44:32.543  5060  5060 D Finsky  :   >
09-10 00:44:32.543  5060  5060 D Finsky  : >
09-10 00:44:32.543  5060  5060 D Finsky  : e: false
09-10 00:44:32.543  5060  5060 D Finsky  : f: "com.google.android.finsky.hygiene.impl.RoutineHygieneCoreJob"
09-10 00:44:32.543  5060  5060 D Finsky  : g <
09-10 00:44:32.543  5060  5060 D Finsky  :   a: 255
09-10 00:44:32.543  5060  5060 D Finsky  :   b: 0
09-10 00:44:32.543  5060  5060 D Finsky  :   c: 1
09-10 00:44:32.543  5060  5060 D Finsky  :   d: 78147951
09-10 00:44:32.543  5060  5060 D Finsky  :   e: 1
09-10 00:44:32.543  5060  5060 D Finsky  :   f: false
09-10 00:44:32.543  5060  5060 D Finsky  :   g: false
09-10 00:44:32.543  5060  5060 D Finsky  :   h: false
09-10 00:44:32.543  5060  5060 D Finsky  :   i: false
09-10 00:44:32.543  5060  5060 D Finsky  : >
09-10 00:44:32.543  5060  5060 D Finsky  : h: 1337
09-10 00:44:32.543  5060  5060 D Finsky  : i: "routine-hygiene"
09-10 00:44:32.543  5060  5060 D Finsky  : }, JobParameters{jobParameters=a: 63
09-10 00:44:32.543  5060  5060 D Finsky  : b: 23
09-10 00:44:32.543  5060  5060 D Finsky  : c: 1536557619061
09-10 00:44:32.543  5060  5060 D Finsky  : e: false
09-10 00:44:32.543  5060  5060 D Finsky  : f: "com.google.android.finsky.heterodyne.HeterodynePeriodicSyncJob"
09-10 00:44:32.543  5060  5060 D Finsky  : g <
09-10 00:44:32.543  5060  5060 D Finsky  :   a: 255
09-10 00:44:32.543  5060  5060 D Finsky  :   b: 14400000
09-10 00:44:32.543  5060  5060 D Finsky  :   c: 1
09-10 00:44:32.543  5060  5060 D Finsky  :   d: 21600000
09-10 00:44:32.543  5060  5060 D Finsky  :   e: 3
09-10 00:44:32.543  5060  5060 D Finsky  :   f: false
09-10 00:44:32.543  5060  5060 D Finsky  :   g: false
09-10 00:44:32.543  5060  5060 D Finsky  :   h: false
09-10 00:44:32.543  5060  5060 D Finsky  :   i: false
09-10 00:44:32.543  5060  5060 D Finsky  : >
09-10 00:44:32.543  5060  5060 D Finsky  : h: 0
09-10 00:44:32.543  5060  5060 D Finsky  : i: "period_sync"
09-10 00:44:32.543  5060  5060 D Finsky  : },  -> L: 0ms, D: 20946532ms, C: false, I: false, N: 1
09-10 00:44:32.545  5060  5060 I Finsky  : [2] com.google.android.finsky.scheduler.JobSchedulerEngine.a(103): Cancelling existing job with id: 9000
09-10 00:44:32.547  5060  5060 I Finsky  : [2] com.google.android.finsky.scheduler.JobSchedulerEngine.a(93): Scheduling job Id: 9001, L: 0, D: 20946532, C: false, I: false, N: 1
09-10 00:44:32.553  5060  5060 I Finsky  : [2] com.google.android.finsky.scheduler.JobSchedulerEngine$PhoneskyJobSchedulerJobService.onStartJob(7): onJobSchedulerWakeup with jobId 9001
09-10 00:44:32.556  4416  5046 D SQLiteQueryBuilder: Performing query: SELECT _id, _data, format, date_modified FROM files WHERE (media_type=2)
09-10 00:44:32.558  5060  5060 I Finsky  : [2] com.google.android.finsky.scheduler.v.a(29): Scheduling fallback job with id: 9034, and delay: 43200000 ms
09-10 00:44:32.561  5060  5060 I Finsky  : [2] com.google.android.finsky.scheduler.v.a(39): Scheduling fallback in 64799999 (absolute: 64864219)
09-10 00:44:32.565  5060  5060 D Finsky  : [2] com.google.android.finsky.scheduler.ac.handleMessage(5): HandleMessage: 1
09-10 00:44:32.568  5060  5060 D Finsky  : [2] com.google.android.finsky.scheduler.ac.handleMessage(5): HandleMessage: 13
09-10 00:44:32.568  5060  5060 I Finsky  : [2] com.google.android.finsky.scheduler.ac.handleMessage(16): DeviceState: DeviceState{currentTime=1536558272565, isCharging=true, isIdle=false, netAny=true, netNotRoaming=true, netUnmetered=true}
09-10 00:44:32.569  5060  5060 D Finsky  : [2] com.google.android.finsky.scheduler.ac.handleMessage(5): HandleMessage: 2
09-10 00:44:32.572  5060  5060 D Finsky  : [2] com.google.android.finsky.scheduler.p.b(31): Registered receiver for state updates
09-10 00:44:32.572  5060  5060 D Finsky  : [2] com.google.android.finsky.scheduler.ac.handleMessage(5): HandleMessage: 4
09-10 00:44:32.573  4416  5046 D SQLiteCursor: received count(*) from native_fill_window: 1
09-10 00:44:32.573  5060  5192 D SQLiteCursor: received count(*) from native_fill_window: 2
09-10 00:44:32.573  5060  5060 D Finsky  : [2] com.google.android.finsky.scheduler.r.onReceive(2): onStateChange android.net.conn.CONNECTIVITY_CHANGE
09-10 00:44:32.575  4315  4969 D SQLiteCursor: received count(*) from native_fill_window: 1
09-10 00:44:32.579  5060  5060 D Finsky  : [2] com.google.android.finsky.scheduler.ba.a(59): Job details in database: 
09-10 00:44:32.582  4315  4969 D SQLiteCursor: received count(*) from native_fill_window: 1
09-10 00:44:32.589  5060  5060 D Finsky  : [2] com.google.android.finsky.scheduler.ba.a(63): Job: JobParameters{jobParameters=a: 63
09-10 00:44:32.589  5060  5060 D Finsky  : b: 1
09-10 00:44:32.589  5060  5060 D Finsky  : c: 1536558272336
09-10 00:44:32.589  5060  5060 D Finsky  : d <
09-10 00:44:32.589  5060  5060 D Finsky  :   a <
09-10 00:44:32.589  5060  5060 D Finsky  :     a: 1
09-10 00:44:32.589  5060  5060 D Finsky  :     b: "reason"
09-10 00:44:32.589  5060  5060 D Finsky  :     c <
09-10 00:44:32.589  5060  5060 D Finsky  :       a: false
09-10 00:44:32.589  5060  5060 D Finsky  :       b: ""
09-10 00:44:32.589  5060  5060 D Finsky  :       c: 6
09-10 00:44:32.589  5060  5060 D Finsky  :       d: 0
09-10 00:44:32.589  5060  5060 D Finsky  :       e: 1
09-10 00:44:32.589  5060  5060 D Finsky  :       f: ""
09-10 00:44:32.589  5060  5060 D Finsky  :     >
09-10 00:44:32.589  5060  5060 D Finsky  :   >
09-10 00:44:32.589  5060  5060 D Finsky  : >
09-10 00:44:32.589  5060  5060 D Finsky  : e: false
09-10 00:44:32.589  5060  5060 D Finsky  : f: "com.google.android.finsky.hygiene.impl.RoutineHygieneCoreJob"
09-10 00:44:32.589  5060  5060 D Finsky  : g <
09-10 00:44:32.589  5060  5060 D Finsky  :   a: 255
09-10 00:44:32.589  5060  5060 D Finsky  :   b: 0
09-10 00:44:32.589  5060  5060 D Finsky  :   c: 1
09-10 00:44:32.589  5060  5060 D Finsky  :   d: 78147951
09-10 00:44:32.589  5060  5060 D Finsky  :   e: 1
09-10 00:44:32.589  5060  5060 D Finsky  :   f: false
09-10 00:44:32.589  5060  5060 D Finsky  :   g: false
09-10 00:44:32.589  5060  5060 D Finsky  :   h: false
09-10 00:44:32.589  5060  5060 D Finsky  :   i: false
09-10 00:44:32.589  5060  5060 D Finsky  : >
09-10 00:44:32.589  5060  5060 D Finsky  : h: 1337
09-10 00:44:32.589  5060  5060 D Finsky  : i: "routine-hygiene"
09-10 00:44:32.589  5060  5060 D Finsky  : }
09-10 00:44:32.592  4416  5046 D SQLiteCursor: received count(*) from native_fill_window: 0
09-10 00:44:32.594  5060  5060 D Finsky  : [2] com.google.android.finsky.scheduler.ba.a(63): Job: JobParameters{jobParameters=a: 63
09-10 00:44:32.594  5060  5060 D Finsky  : b: 23
09-10 00:44:32.594  5060  5060 D Finsky  : c: 1536557619061
09-10 00:44:32.594  5060  5060 D Finsky  : e: false
09-10 00:44:32.594  5060  5060 D Finsky  : f: "com.google.android.finsky.heterodyne.HeterodynePeriodicSyncJob"
09-10 00:44:32.594  5060  5060 D Finsky  : g <
09-10 00:44:32.594  5060  5060 D Finsky  :   a: 255
09-10 00:44:32.594  5060  5060 D Finsky  :   b: 14400000
09-10 00:44:32.594  5060  5060 D Finsky  :   c: 1
09-10 00:44:32.594  5060  5060 D Finsky  :   d: 21600000
09-10 00:44:32.594  5060  5060 D Finsky  :   e: 3
09-10 00:44:32.594  5060  5060 D Finsky  :   f: false
09-10 00:44:32.594  5060  5060 D Finsky  :   g: false
09-10 00:44:32.594  5060  5060 D Finsky  :   h: false
09-10 00:44:32.594  5060  5060 D Finsky  :   i: false
09-10 00:44:32.594  5060  5060 D Finsky  : >
09-10 00:44:32.594  5060  5060 D Finsky  : h: 0
09-10 00:44:32.594  5060  5060 D Finsky  : i: "period_sync"
09-10 00:44:32.594  5060  5060 D Finsky  : }
09-10 00:44:32.595  5060  5060 I Finsky  : [2] com.google.android.finsky.scheduler.ba.a(64): Jobs in database: 1-1337 23-0 
09-10 00:44:32.597  5060  5060 D Finsky  : [2] com.google.android.finsky.scheduler.ac.handleMessage(5): HandleMessage: 5
09-10 00:44:32.602  5060  5060 D Finsky  : [2] com.google.android.finsky.scheduler.ac.handleMessage(5): HandleMessage: 6
09-10 00:44:32.603  5060  5060 D Finsky  : [2] com.google.android.finsky.scheduler.ac.handleMessage(5): HandleMessage: 7
09-10 00:44:32.604  4416  5046 D SQLiteCursor: received count(*) from native_fill_window: 0
09-10 00:44:32.605  4315  4969 D SQLiteCursor: received count(*) from native_fill_window: 1
09-10 00:44:32.607  5060  5060 I Finsky  : [2] com.google.android.finsky.scheduler.x.a(58): Running job: 1-1337
09-10 00:44:32.608  5060  5060 D Finsky  : [2] com.google.android.finsky.scheduler.by.a(126): Job Log dropped for job id: 1337, consumer: 1
09-10 00:44:32.611  5060  5060 I Finsky  : [2] com.google.android.finsky.hygiene.d.a(45): Beginning daily hygiene, foreground = false, reason = 6
09-10 00:44:32.612  5060  5060 D Finsky  : [2] com.google.android.finsky.ce.a.a(13): Hygiene stage: beginOtaCleanup
09-10 00:44:32.613  5060  5060 D Finsky  : [2] com.google.android.finsky.ce.a.a(13): Hygiene stage: checkVpaDeferredNotificationSupport
09-10 00:44:32.613  5060  5060 D Finsky  : [2] com.google.android.finsky.ce.a.a(13): Hygiene stage: probeAccounts
09-10 00:44:32.613  5060  5060 D Finsky  : [2] com.google.android.finsky.api.n.a(51): Generate Dfe Api List
09-10 00:44:32.621  4315  4969 D SQLiteCursor: received count(*) from native_fill_window: 2
09-10 00:44:32.621  5217  5217 I ###ADS--- DiagContentProvider: ###ADS: onCreate()
09-10 00:44:32.624  5217  5217 I ###ADS--- StorageManager: ###ADS:  in getInstance(Context) 
09-10 00:44:32.624  5217  5217 I ###ADS--- StorageManager: ###ADS:  in StorageManager(Context) 
09-10 00:44:32.628  5060  5233 D SQLiteCursor: received count(*) from native_fill_window: 1
09-10 00:44:32.631  4315  4969 D SQLiteCursor: received count(*) from native_fill_window: 50
09-10 00:44:32.640  4315  4969 D SQLiteCursor: received count(*) from native_fill_window: 1
09-10 00:44:32.640  4315  4969 D SQLiteCursor: received count(*) from native_fill_window: 1
09-10 00:44:32.641  4315  4969 D SQLiteCursor: received count(*) from native_fill_window: 0
09-10 00:44:32.649  4315  4969 D SQLiteCursor: received count(*) from native_fill_window: 0
09-10 00:44:32.653  4315  4969 D SQLiteCursor: received count(*) from native_fill_window: 1
09-10 00:44:32.657  5217  5232 E VC5     : DRM: Trying to find: /dev/dri/card0
09-10 00:44:32.657  5217  5232 D libEGL  : loaded /vendor/lib/egl/libGLES_nexus.so
09-10 00:44:32.657  5217  5232 E         : init_expose_fences v3d EGL_ANDROID_native_fence_sync extension enabled
09-10 00:44:32.661  4315  4969 D SQLiteCursor: received count(*) from native_fill_window: 1
09-10 00:44:32.662  4315  4969 D SQLiteCursor: received count(*) from native_fill_window: 0
09-10 00:44:32.663  4315  4969 D SQLiteCursor: received count(*) from native_fill_window: 1
09-10 00:44:32.675  4315  4969 I chatty  : uid=10012(u0_a12) lowpool[0] identical 3 lines
09-10 00:44:32.682  4315  4969 D SQLiteCursor: received count(*) from native_fill_window: 1
09-10 00:44:32.684  5060  5060 I Finsky  : [2] com.google.android.finsky.ce.a.b(36): Probe [dq2sWKxiGVMY9vgeYr1IV3xrAys] for hygiene pass
09-10 00:44:32.684  4315  4969 D SQLiteCursor: received count(*) from native_fill_window: 1
09-10 00:44:32.687  4315  4969 D SQLiteCursor: received count(*) from native_fill_window: 1
09-10 00:44:32.688  5060  5060 D Finsky  : [2] com.google.android.finsky.ce.a.a(13): Hygiene stage: beginPreloadFinskyExperiments
09-10 00:44:32.692  5060  5060 D Finsky  : [2] com.google.android.finsky.scheduler.x.a(76): Job (1-1337, routine-hygiene) has more work
09-10 00:44:32.693  5060  5060 I Finsky  : [2] com.google.android.finsky.scheduler.x.a(99): RunningQueue size: 1, PendingQueue size: 0
09-10 00:44:32.693  5060  5060 I Finsky  : [2] com.google.android.finsky.scheduler.x.a(108): Running queue: 1-1337 
09-10 00:44:32.694  4315  4969 D SQLiteCursor: received count(*) from native_fill_window: 1
09-10 00:44:32.712  4315  4969 I chatty  : uid=10012(u0_a12) lowpool[0] identical 3 lines
09-10 00:44:32.715  4315  4969 D SQLiteCursor: received count(*) from native_fill_window: 1
09-10 00:44:32.721  5217  5217 I ###ADS--- Utils:  isFielExists() path= /storage/emulated/0/ads_verbose.txt
09-10 00:44:32.729  5217  5217 I ###ADS--- Utils:  isFielExists()==false
09-10 00:44:32.730  5217  5217 W ContextImpl: Calling a method in the system process without a qualified user: android.app.ContextImpl.startForegroundService:1466 android.content.ContextWrapper.startForegroundService:649 android.content.ContextWrapper.startForegroundService:649 com.arris.chmframework.DiagReceiver.onReceive:54 android.app.ActivityThread.handleReceiver:3252 
09-10 00:44:32.731  4315  4969 D SQLiteCursor: received count(*) from native_fill_window: 1
09-10 00:44:32.744  3748  4680 I ActivityManager: Start proc 5241:com.arris.customizer/1000 for broadcast com.arris.customizer/.ArrisCustomizerReceiver
09-10 00:44:32.789  4315  4969 I chatty  : uid=10012(u0_a12) lowpool[0] identical 5 lines
09-10 00:44:32.800  4315  4969 D SQLiteCursor: received count(*) from native_fill_window: 1
09-10 00:44:32.805  4315  4969 D SQLiteCursor: received count(*) from native_fill_window: 0
09-10 00:44:32.807  4315  4969 D SQLiteCursor: received count(*) from native_fill_window: 50
09-10 00:44:32.818  4315  4969 D SQLiteCursor: received count(*) from native_fill_window: 0
09-10 00:44:32.820  4315  4969 D SQLiteCursor: received count(*) from native_fill_window: 1
09-10 00:44:32.831  4315  4969 I chatty  : uid=10012(u0_a12) lowpool[0] identical 2 lines
09-10 00:44:32.833  4315  4969 D SQLiteCursor: received count(*) from native_fill_window: 1
09-10 00:44:32.833  5060  5060 D Finsky  : [2] com.google.android.finsky.ce.a.a(13): Hygiene stage: beginPreloadPhenotypeExperiments
09-10 00:44:32.836  4315  4969 D SQLiteCursor: received count(*) from native_fill_window: 1
09-10 00:44:32.843  5217  5217 I         : ###ADS :In JNI_OnLoad
09-10 00:44:32.848  4315  4969 D SQLiteCursor: received count(*) from native_fill_window: 1
09-10 00:44:32.856  3748  3748 D NotificationService: handleSavePolicyFile
09-10 00:44:32.863  4315  4969 D SQLiteCursor: received count(*) from native_fill_window: 1
09-10 00:44:32.875  5241  5257 E VC5     : DRM: Trying to find: /dev/dri/card0
09-10 00:44:32.876  5241  5257 D libEGL  : loaded /vendor/lib/egl/libGLES_nexus.so
09-10 00:44:32.877  5241  5257 E         : init_expose_fences v3d EGL_ANDROID_native_fence_sync extension enabled
09-10 00:44:32.884  4555  4677 I MusicHttp: curl -X GET --header "Accept-Encoding: gzip" --header "Authorization: Bearer ya29.GogBFAYKigYc44_jhDDodmpiagPgSyxNlkEqXptf8MB6wTvtbyzC56BXBsbg81p15hhL8YvvqMAKPODTOaI5D6Kd665jyRbiBFAkUHYJv04h76vH78WCTUpt97i82vdAIz9XT2wrVIE4MZWXM4KuCkVbNWURghJjviUlXF2MlKhnYxM2LArRzuSkBg" --header "Connection: Keep-Alive" --header "Host: playmusicentitybrowser.googleapis.com" --header "User-Agent: Android-Music/7350" --header "X-Device-ID: 4236883052569340056" --header "X-Device-Logging-ID: 3321ed1d1f8aad0b" "https://playmusicentitybrowser.googleapis.com/v1/rootEntities:batchGet?key=AIzaSyCaTCzHFFZpOGDcbsLGmvcWwsLPCVku6So&alt=proto&time_zone=America/Chicago&region_code&language_code=en&device_id=4236883052569340056&metadata_child_entity_depth=REQUEST_MAXIMUM_DEPTH&page_size=10"
09-10 00:44:32.887  4315  4969 D SQLiteCursor: received count(*) from native_fill_window: 1
09-10 00:44:32.901  4315  4969 I chatty  : uid=10012(u0_a12) lowpool[0] identical 2 lines
09-10 00:44:32.910  4315  4969 D SQLiteCursor: received count(*) from native_fill_window: 1
09-10 00:44:32.914  5217  5217 W Notification: Use of stream types is deprecated for operations other than volume control
09-10 00:44:32.914  5217  5217 W Notification: See the documentation of setSound() for what to use instead with android.media.AudioAttributes to qualify your playback use case
09-10 00:44:32.916  4315  4969 D SQLiteCursor: received count(*) from native_fill_window: 1
09-10 00:44:32.918  3748  3748 D NotificationService: EnqueueNotificationRunnable.run for: 0|com.arris.chmframework|1|null|1000
09-10 00:44:32.927  3748  3748 I GroupHelper: POSTED 0|com.arris.chmframework|1|null|1000
09-10 00:44:32.930  5217  5217 I         : ###ADS :In StartEcoServerSocket
09-10 00:44:32.931  4399  4399 D TVNotifService: skipped notification StatusBarNotification(pkg=com.arris.chmframework user=UserHandle{0} id=1 tag=null key=0|com.arris.chmframework|1|null|1000: Notification(channel=diag_channel_01 pri=0 contentView=null vibrate=null sound=null defaults=0x0 flags=0x62 color=0x00000000 vis=PRIVATE)) userId: 0
09-10 00:44:32.937  4315  4969 D SQLiteCursor: received count(*) from native_fill_window: 1
09-10 00:44:32.940  5241  5241 D ArrisCustomizerReceiver: onReceive intent=Intent { act=android.intent.action.BOOT_COMPLETED flg=0x9000010 cmp=com.arris.customizer/.ArrisCustomizerReceiver (has extras) }
09-10 00:44:32.940  5241  5241 D ArrisCustomizerReceiver: BOOT COMPLETED
09-10 00:44:32.941  5241  5241 I         : nativeNotify 2
09-10 00:44:32.945  3539  3539 E         : Tr69Server::Tr69ServerThread::setListener
