09-09 22:16:02.004  4527  4527 W ContextImpl: Calling a method in the system process without a qualified user: android.app.ContextImpl.startForegroundService:1466 android.content.ContextWrapper.startForegroundService:649 android.content.ContextWrapper.startForegroundService:649 com.arris.softwareupgrader.BootReceiver.onReceive:59 android.app.ActivityThread.handleReceiver:3252 
09-09 22:16:02.018  3719  3968 I ActivityManager: Start proc 5176:com.broadcom.customizer/1000 for broadcast com.broadcom.customizer/.BootCompletedReceiver
09-09 22:16:02.021  4527  4527 D UpgradeService: onCreate
09-09 22:16:02.023  4527  4527 W Notification: Use of stream types is deprecated for operations other than volume control
09-09 22:16:02.023  4527  4527 W Notification: See the documentation of setSound() for what to use instead with android.media.AudioAttributes to qualify your playback use case
09-09 22:16:02.025  3719  3719 D NotificationService: handleSavePolicyFile
09-09 22:16:02.032  3540  3540 D arris-input-server: InputServer::InputEventThread::setListener
09-09 22:16:02.034  5146  5146 D ArrisCustomizerService: Ethernet state changed:CONNECTED
09-09 22:16:02.035  5146  5146 W ContextImpl: Calling a method in the system process without a qualified user: android.app.ContextImpl.sendBroadcast:950 android.content.ContextWrapper.sendBroadcast:431 com.arris.customizer.ArrisCustomizerService.notifyNetworkChange:165 com.arris.customizer.ArrisCustomizerService.onStart:247 android.app.Service.onStartCommand:505 
09-09 22:16:02.036  4979  5159 I PlayCommon: [167] com.google.android.play.b.g.d(208): Preparing logs for uploading
09-09 22:16:02.036  4322  4940 D SQLiteCursor: received count(*) from native_fill_window: 51
09-09 22:16:02.037  4527  4527 D UpgradeService: onStartCommand
09-09 22:16:02.039  3719  4477 E ActivityManager: Sending non-protected broadcast com.arris.customizer.ACTION_NETWORK_GOOD from system 5146:com.arris.customizer/1000 pkg com.arris.customizer
09-09 22:16:02.039  3719  4477 E ActivityManager: java.lang.Throwable
09-09 22:16:02.039  3719  4477 E ActivityManager: 	at com.android.server.am.ActivityManagerService.checkBroadcastFromSystem(ActivityManagerService.java:18965)
09-09 22:16:02.039  3719  4477 E ActivityManager: 	at com.android.server.am.ActivityManagerService.broadcastIntentLocked(ActivityManagerService.java:19477)
09-09 22:16:02.039  3719  4477 E ActivityManager: 	at com.android.server.am.ActivityManagerService.broadcastIntent(ActivityManagerService.java:19712)
09-09 22:16:02.039  3719  4477 E ActivityManager: 	at android.app.IActivityManager$Stub.onTransact(IActivityManager.java:240)
09-09 22:16:02.039  3719  4477 E ActivityManager: 	at com.android.server.am.ActivityManagerService.onTransact(ActivityManagerService.java:2935)
09-09 22:16:02.039  3719  4477 E ActivityManager: 	at android.os.Binder.execTransact(Binder.java:674)
09-09 22:16:02.053  4979  5159 I PlayCommon: [167] com.google.android.play.b.x.a(9): Connecting to server for timestamp: https://play.googleapis.com/play/log/timestamp
09-09 22:16:02.070  3719  3719 D NotificationService: EnqueueNotificationRunnable.run for: 0|com.arris.softwareupgrader|1|null|1000
09-09 22:16:02.070  4432  4535 D SQLiteQueryBuilder: Performing query: SELECT _id, _data, format, date_modified FROM files WHERE (_id>?) ORDER BY _id LIMIT 1000
09-09 22:16:02.071  3719  3719 D NotificationService: handleSavePolicyFile
09-09 22:16:02.087  3719  4477 E ActivityManager: Sending non-protected broadcast com.arris.customizer.ACTION_NETWORK_GOOD from system 5146:com.arris.customizer/1000 pkg com.arris.customizer
09-09 22:16:02.087  3719  4477 E ActivityManager: java.lang.Throwable
09-09 22:16:02.087  3719  4477 E ActivityManager: 	at com.android.server.am.ActivityManagerService.checkBroadcastFromSystem(ActivityManagerService.java:18965)
09-09 22:16:02.087  3719  4477 E ActivityManager: 	at com.android.server.am.ActivityManagerService.broadcastIntentLocked(ActivityManagerService.java:19570)
09-09 22:16:02.087  3719  4477 E ActivityManager: 	at com.android.server.am.ActivityManagerService.broadcastIntent(ActivityManagerService.java:19712)
09-09 22:16:02.087  3719  4477 E ActivityManager: 	at android.app.IActivityManager$Stub.onTransact(IActivityManager.java:240)
09-09 22:16:02.087  3719  4477 E ActivityManager: 	at com.android.server.am.ActivityManagerService.onTransact(ActivityManagerService.java:2935)
09-09 22:16:02.087  3719  4477 E ActivityManager: 	at android.os.Binder.execTransact(Binder.java:674)
09-09 22:16:02.105  4979  5159 E PlayCommon: [167] com.google.android.play.b.x.a(20): Failed to connect to server for server timestamp: javax.net.ssl.SSLHandshakeException: SSL handshake aborted: ssl=0xa52e0fc0: I/O error during system call, Connection reset by peer
09-09 22:16:02.106  4979  5159 W PlayCommon: [167] com.google.android.play.b.g.a(477): No account for auth token provided
09-09 22:16:02.106  4979  5159 I PlayCommon: [167] com.google.android.play.b.g.a(373): Connecting to server: https://play.googleapis.com/play/log?format=raw&proto_v2=true
09-09 22:16:02.110  5146  5146 D ArrisCustomizerService: service started
09-09 22:16:02.115  4432  4535 D SQLiteCursor: received count(*) from native_fill_window: 113
09-09 22:16:02.116  3719  3719 I GroupHelper: POSTED 0|com.arris.softwareupgrader|1|null|1000
09-09 22:16:02.118  4405  4405 D TVNotifService: skipped notification StatusBarNotification(pkg=com.arris.softwareupgrader user=UserHandle{0} id=1 tag=null key=0|com.arris.softwareupgrader|1|null|1000: Notification(channel=arris_download_01 pri=0 contentView=null vibrate=null sound=null defaults=0x0 flags=0x62 color=0x00000000 vis=PRIVATE)) userId: 0
09-09 22:16:02.121  4527  4527 D UpgradeService: Media Mount Uri available. Rebroadcast locally: file:///storage/emulated/0
09-09 22:16:02.121  4397  4397 D NotificationHandler: Web app not ready to receive notifications
09-09 22:16:02.122  4397  4397 D NotificationHandler: Web app not ready to receive notifications
09-09 22:16:02.129  3719  3836 D NotificationSQLiteLog: Pruned event entries: 1
09-09 22:16:02.135  5146  5146 D ArrisCustomizerService: Ethernet state changed:CONNECTED
09-09 22:16:02.135  5146  5146 D ArrisCustomizerService: WiFi state changed:DISCONNECTED
09-09 22:16:02.136  5146  5146 D ArrisCustomizerReceiver: onReceive intent=Intent { act=com.arris.customizer.ACTION_NETWORK_GOOD flg=0x10 }
09-09 22:16:02.136  5146  5146 I         : nativeNotify 5
09-09 22:16:02.151  4432  4535 D SQLiteQueryBuilder: Performing query: SELECT _id, _data, format, date_modified FROM files WHERE (_id>?) ORDER BY _id LIMIT 1000
09-09 22:16:02.155  4432  4535 D SQLiteCursor: received count(*) from native_fill_window: 0
09-09 22:16:02.157  4432  4535 D SQLiteQueryBuilder: Performing query: SELECT _id FROM images
09-09 22:16:02.158  5114  5114 E ###ADS--- DiagService: insert parameter success
09-09 22:16:02.161  4432  4535 D SQLiteCursor: received count(*) from native_fill_window: 0
09-09 22:16:02.164  4432  4535 D SQLiteQueryBuilder: Performing query: SELECT _id, _data, format, date_modified FROM files WHERE (_data=?)
09-09 22:16:02.164  5114  5114 I DeploymentUnits: UpdateFixedDeploymentPackages :: packageName:com.ericsson.MediaFirstUC.tv, Name:MediaFirstUC, version:1.0-system-ucgms-custom,strVendor:ERICSSON, Description:Android TV platform from ERICSSON
09-09 22:16:02.165  5114  5114 D SQLiteQueryBuilder: Performing query: SELECT _id, paramname, paramvalue, iswritable, notificationmode FROM tr069table WHERE (paramname='Device.SoftwareModules.DeploymentUnit.1.AdvancedVersion')
09-09 22:16:02.167  4432  4535 D SQLiteCursor: received count(*) from native_fill_window: 1
09-09 22:16:02.167  4432  4535 D SQLiteQueryBuilder: Performing query: SELECT _id, _data, format, date_modified FROM files WHERE (_data=?)
09-09 22:16:02.167  5114  5114 D SQLiteCursor: received count(*) from native_fill_window: 0
09-09 22:16:02.167  5114  5114 E ###ADS--- StorageManager: ###ADS: Error record not found for Parameter= Device.SoftwareModules.DeploymentUnit.1.AdvancedVersion
09-09 22:16:02.168  4432  4535 D SQLiteCursor: received count(*) from native_fill_window: 1
09-09 22:16:02.169  4432  4535 D SQLiteQueryBuilder: Performing query: SELECT _id, _data, format, date_modified FROM files WHERE (_data=?)
09-09 22:16:02.170  4432  4535 D SQLiteCursor: received count(*) from native_fill_window: 1
09-09 22:16:02.170  4432  4535 D SQLiteQueryBuilder: Performing query: SELECT _id, _data, format, date_modified FROM files WHERE (_data=?)
09-09 22:16:02.171  4432  4535 D SQLiteCursor: received count(*) from native_fill_window: 1
09-09 22:16:02.173  4432  4535 D SQLiteQueryBuilder: Performing query: SELECT _id, _data, format, date_modified FROM files WHERE (_data=?)
09-09 22:16:02.173  5114  5114 I DeploymentUnits: UpdateFixedDeploymentPackages :: packageName:com.netflix.ninja, Name:Netflix, version:5.4.1 build 2266,strVendor:NETFLIX, Description:NETFLIX streaming service APK
09-09 22:16:02.174  4432  4535 D SQLiteCursor: received count(*) from native_fill_window: 1
09-09 22:16:02.174  5114  5114 D SQLiteQueryBuilder: Performing query: SELECT _id, paramname, paramvalue, iswritable, notificationmode FROM tr069table WHERE (paramname='Device.SoftwareModules.DeploymentUnit.2.AdvancedVersion')
09-09 22:16:02.174  4432  4535 D SQLiteQueryBuilder: Performing query: SELECT _id, _data, format, date_modified FROM files WHERE (_data=?)
09-09 22:16:02.175  5114  5114 D SQLiteCursor: received count(*) from native_fill_window: 0
09-09 22:16:02.176  5114  5114 E ###ADS--- StorageManager: ###ADS: Error record not found for Parameter= Device.SoftwareModules.DeploymentUnit.2.AdvancedVersion
09-09 22:16:02.176  5114  5114 I DeploymentUnits: UpdateFixedDeploymentPackages :: packageName:, Name:Reserved, version:Reserved,strVendor:Reserved, Description:Reserved
09-09 22:16:02.176  4979  5159 E PlayCommon: [167] com.google.android.play.b.g.a(412): Failed to connect to server: javax.net.ssl.SSLHandshakeException: SSL handshake aborted: ssl=0xa52e0fc0: I/O error during system call, Connection reset by peer
09-09 22:16:02.178  5114  5114 D SQLiteQueryBuilder: Performing query: SELECT _id, paramname, paramvalue, iswritable, notificationmode FROM tr069table WHERE (paramname='Device.SoftwareModules.DeploymentUnit.3.AdvancedVersion')
09-09 22:16:02.178  4432  4535 D SQLiteCursor: received count(*) from native_fill_window: 1
09-09 22:16:02.179  5114  5114 D SQLiteCursor: received count(*) from native_fill_window: 0
09-09 22:16:02.179  4432  4535 D SQLiteQueryBuilder: Performing query: SELECT _id, _data, format, date_modified FROM files WHERE (_data=?)
09-09 22:16:02.179  5114  5114 E ###ADS--- StorageManager: ###ADS: Error record not found for Parameter= Device.SoftwareModules.DeploymentUnit.3.AdvancedVersion
09-09 22:16:02.179  5114  5114 I DeploymentUnits: UpdateFixedDeploymentPackages :: packageName:, Name:Reserved, version:Reserved,strVendor:Reserved, Description:Reserved
09-09 22:16:02.179  4432  4535 D SQLiteCursor: received count(*) from native_fill_window: 1
09-09 22:16:02.180  4432  4535 D SQLiteQueryBuilder: Performing query: SELECT _id, _data, format, date_modified FROM files WHERE (_data=?)
09-09 22:16:02.180  5114  5114 D SQLiteQueryBuilder: Performing query: SELECT _id, paramname, paramvalue, iswritable, notificationmode FROM tr069table WHERE (paramname='Device.SoftwareModules.DeploymentUnit.4.AdvancedVersion')
09-09 22:16:02.180  4432  4535 D SQLiteCursor: received count(*) from native_fill_window: 1
09-09 22:16:02.181  5114  5114 D SQLiteCursor: received count(*) from native_fill_window: 0
09-09 22:16:02.181  5114  5114 E ###ADS--- StorageManager: ###ADS: Error record not found for Parameter= Device.SoftwareModules.DeploymentUnit.4.AdvancedVersion
09-09 22:16:02.183  5114  5114 I DeploymentUnits: UpdateFixedDeploymentPackages :: packageName:com.arris.chmframework, Name:ArrisCHMframework, version:00.01.00,strVendor:ARRIS, Description:STB Health Management APK from ARRIS
09-09 22:16:02.184  5114  5114 D SQLiteQueryBuilder: Performing query: SELECT _id, paramname, paramvalue, iswritable, notificationmode FROM tr069table WHERE (paramname='Device.SoftwareModules.DeploymentUnit.5.AdvancedVersion')
09-09 22:16:02.184  4432  4535 D SQLiteQueryBuilder: Performing query: SELECT _id, _data, format, date_modified FROM files WHERE (_data=?)
09-09 22:16:02.185  5114  5114 D SQLiteCursor: received count(*) from native_fill_window: 0
09-09 22:16:02.185  5114  5114 E ###ADS--- StorageManager: ###ADS: Error record not found for Parameter= Device.SoftwareModules.DeploymentUnit.5.AdvancedVersion
09-09 22:16:02.185  4432  4535 D SQLiteCursor: received count(*) from native_fill_window: 1
09-09 22:16:02.186  4432  4535 D SQLiteQueryBuilder: Performing query: SELECT _id, _data, format, date_modified FROM files WHERE (_data=?)
09-09 22:16:02.186  4432  4535 D SQLiteCursor: received count(*) from native_fill_window: 1
09-09 22:16:02.187  4432  4535 D SQLiteQueryBuilder: Performing query: SELECT _id, _data, format, date_modified FROM files WHERE (_data=?)
09-09 22:16:02.187  5114  5114 I DeploymentUnits: UpdateFixedDeploymentPackages :: packageName:com.arris.softwareupgrader, Name:ArrisSWUpgrader, version:00.01.00,strVendor:ARRIS, Description:SW Upgrader APK from ARRIS
09-09 22:16:02.188  5114  5114 D SQLiteQueryBuilder: Performing query: SELECT _id, paramname, paramvalue, iswritable, notificationmode FROM tr069table WHERE (paramname='Device.SoftwareModules.DeploymentUnit.6.AdvancedVersion')
09-09 22:16:02.189  5114  5114 D SQLiteCursor: received count(*) from native_fill_window: 0
09-09 22:16:02.189  5114  5114 E ###ADS--- StorageManager: ###ADS: Error record not found for Parameter= Device.SoftwareModules.DeploymentUnit.6.AdvancedVersion
09-09 22:16:02.193  4527  4527 D UpgradeService: installPendingApksOnBoot
09-09 22:16:02.193  4432  4535 D SQLiteCursor: received count(*) from native_fill_window: 1
09-09 22:16:02.194  4432  4535 D SQLiteQueryBuilder: Performing query: SELECT _id, _data, format, date_modified FROM files WHERE (_data=?)
09-09 22:16:02.197  5114  5114 I DeploymentUnits: UpdateFixedDeploymentPackages :: packageName:com.arris.launcher, Name:ArrisCustomLauncher, version:1.0,strVendor:ARRIS, Description:Default launcher APK from ARRIS
09-09 22:16:02.197  5114  5114 D SQLiteQueryBuilder: Performing query: SELECT _id, paramname, paramvalue, iswritable, notificationmode FROM tr069table WHERE (paramname='Device.SoftwareModules.DeploymentUnit.7.AdvancedVersion')
09-09 22:16:02.200  5114  5114 D SQLiteCursor: received count(*) from native_fill_window: 0
09-09 22:16:02.200  5114  5114 E ###ADS--- StorageManager: ###ADS: Error record not found for Parameter= Device.SoftwareModules.DeploymentUnit.7.AdvancedVersion
09-09 22:16:02.203  5114  5114 D SQLiteQueryBuilder: Performing query: SELECT _id, paramname, paramvalue, iswritable, notificationmode FROM tr069table WHERE (paramname='Device.SoftwareModules.DeploymentUnit.8.AdvancedVersion')
09-09 22:16:02.205  5114  5114 D SQLiteCursor: received count(*) from native_fill_window: 0
09-09 22:16:02.205  5114  5114 E ###ADS--- StorageManager: ###ADS: Error record not found for Parameter= Device.SoftwareModules.DeploymentUnit.8.AdvancedVersion
09-09 22:16:02.208  4432  4535 D SQLiteCursor: received count(*) from native_fill_window: 1
09-09 22:16:02.208  5114  5114 I DeploymentUnits: UpdateFixedDeploymentPackages :: packageName:, Name:Reserved, version:Reserved,strVendor:Reserved, Description:Reserved
09-09 22:16:02.209  5114  5114 D SQLiteQueryBuilder: Performing query: SELECT _id, paramname, paramvalue, iswritable, notificationmode FROM tr069table WHERE (paramname='Device.SoftwareModules.DeploymentUnit.9.AdvancedVersion')
09-09 22:16:02.210  5114  5114 D SQLiteCursor: received count(*) from native_fill_window: 0
09-09 22:16:02.210  5114  5114 E ###ADS--- StorageManager: ###ADS: Error record not found for Parameter= Device.SoftwareModules.DeploymentUnit.9.AdvancedVersion
09-09 22:16:02.211  4527  4527 D UpgradeService: ACTION_MEDIA_MOUNTED received
09-09 22:16:02.211  5114  5114 I DeploymentUnits: UpdateFixedDeploymentPackages :: packageName:, Name:Reserved, version:Reserved,strVendor:Reserved, Description:Reserved
09-09 22:16:02.212  5114  5114 D SQLiteQueryBuilder: Performing query: SELECT _id, paramname, paramvalue, iswritable, notificationmode FROM tr069table WHERE (paramname='Device.SoftwareModules.DeploymentUnit.10.AdvancedVersion')
09-09 22:16:02.214  5114  5114 D SQLiteCursor: received count(*) from native_fill_window: 0
09-09 22:16:02.214  5114  5114 E ###ADS--- StorageManager: ###ADS: Error record not found for Parameter= Device.SoftwareModules.DeploymentUnit.10.AdvancedVersion
09-09 22:16:02.215  4432  4535 D SQLiteQueryBuilder: Performing query: SELECT _id, _data, format, date_modified FROM files WHERE (_data=?)
09-09 22:16:02.217  4432  4535 D SQLiteCursor: received count(*) from native_fill_window: 1
09-09 22:16:02.222  4432  4535 D SQLiteQueryBuilder: Performing query: SELECT _id, _data, format, date_modified FROM files WHERE (_data=?)
09-09 22:16:02.239  4432  4535 D SQLiteCursor: received count(*) from native_fill_window: 1
09-09 22:16:02.239  4432  4535 D SQLiteQueryBuilder: Performing query: SELECT _id, _data, format, date_modified FROM files WHERE (_data=?)
09-09 22:16:02.240  4432  4535 D SQLiteCursor: received count(*) from native_fill_window: 1
09-09 22:16:02.241  4432  4535 D SQLiteQueryBuilder: Performing query: SELECT _id, _data, format, date_modified FROM files WHERE (_data=?)
09-09 22:16:02.241  4432  4535 D SQLiteCursor: received count(*) from native_fill_window: 1
09-09 22:16:02.243  4432  4535 D SQLiteQueryBuilder: Performing query: SELECT _id, _data, format, date_modified FROM files WHERE (_data=?)
09-09 22:16:02.244  4432  4535 D SQLiteCursor: received count(*) from native_fill_window: 1
09-09 22:16:02.245  4432  4535 D SQLiteQueryBuilder: Performing query: SELECT _id, _data, format, date_modified FROM files WHERE (_data=?)
09-09 22:16:02.246  4432  4535 D SQLiteCursor: received count(*) from native_fill_window: 1
09-09 22:16:02.246  4432  4535 D SQLiteQueryBuilder: Performing query: SELECT _id, _data, format, date_modified FROM files WHERE (_data=?)
09-09 22:16:02.247  4432  4535 D SQLiteCursor: received count(*) from native_fill_window: 1
09-09 22:16:02.248  4432  4535 D SQLiteQueryBuilder: Performing query: SELECT _id, _data, format, date_modified FROM files WHERE (_data=?)
09-09 22:16:02.253  3719  5193 I ActivityManager: Start proc 5205:com.google.android.apps.inputmethod.hindi/u0a41 for broadcast com.google.android.apps.inputmethod.hindi/com.google.android.apps.inputmethod.libs.framework.core.LauncherIconVisibilityInitializer
09-09 22:16:02.255  4432  4535 D SQLiteCursor: received count(*) from native_fill_window: 1
09-09 22:16:02.256  4432  4535 D SQLiteQueryBuilder: Performing query: SELECT _id, _data, format, date_modified FROM files WHERE (_data=?)
09-09 22:16:02.257  4432  4535 D SQLiteCursor: received count(*) from native_fill_window: 1
09-09 22:16:02.257  4432  4535 D SQLiteQueryBuilder: Performing query: SELECT _id, _data, format, date_modified FROM files WHERE (_data=?)
09-09 22:16:02.258  4432  4535 D SQLiteCursor: received count(*) from native_fill_window: 1
09-09 22:16:02.259  4432  4535 D SQLiteQueryBuilder: Performing query: SELECT _id, _data, format, date_modified FROM files WHERE (_data=?)
09-09 22:16:02.260  4432  4535 D SQLiteCursor: received count(*) from native_fill_window: 1
09-09 22:16:02.261  4432  4535 D SQLiteQueryBuilder: Performing query: SELECT _id, _data, format, date_modified FROM files WHERE (_data=?)
09-09 22:16:02.262  4432  4535 D SQLiteCursor: received count(*) from native_fill_window: 1
09-09 22:16:02.262  4432  4535 D SQLiteQueryBuilder: Performing query: SELECT _id, _data, format, date_modified FROM files WHERE (_data=?)
09-09 22:16:02.266  4432  4535 D SQLiteCursor: received count(*) from native_fill_window: 1
09-09 22:16:02.272  4432  4535 D SQLiteQueryBuilder: Performing query: SELECT _id, _data, format, date_modified FROM files WHERE (_data=?)
09-09 22:16:02.272  4453  4732 D SQLiteQueryBuilder: Performing query: SELECT value FROM partner WHERE (name=?)
09-09 22:16:02.279  4453  4732 D SQLiteCursor: received count(*) from native_fill_window: 1
09-09 22:16:02.283  4432  4535 D SQLiteCursor: received count(*) from native_fill_window: 1
09-09 22:16:02.286  3719  3729 I zygote  : Background concurrent copying GC freed 30175(2MB) AllocSpace objects, 22(1344KB) LOS objects, 42% free, 6MB/11MB, paused 630us total 160.026ms
09-09 22:16:02.291  5176  5204 E VC5     : DRM: Trying to find: /dev/dri/card0
09-09 22:16:02.293  5176  5204 D libEGL  : loaded /vendor/lib/egl/libGLES_nexus.so
09-09 22:16:02.294  5176  5204 E         : init_expose_fences v3d EGL_ANDROID_native_fence_sync extension enabled
09-09 22:16:02.295  4432  4535 D SQLiteQueryBuilder: Performing query: SELECT _id, _data, format, date_modified FROM files WHERE (_data=?)
09-09 22:16:02.297  4432  4535 D SQLiteCursor: received count(*) from native_fill_window: 1
09-09 22:16:02.298  4432  4535 D SQLiteQueryBuilder: Performing query: SELECT _id, _data, format, date_modified FROM files WHERE (_data=?)
09-09 22:16:02.300  4432  4535 D SQLiteCursor: received count(*) from native_fill_window: 1
09-09 22:16:02.300  4432  4535 D SQLiteQueryBuilder: Performing query: SELECT _id, _data, format, date_modified FROM files WHERE (_data=?)
09-09 22:16:02.301  4432  4535 D SQLiteCursor: received count(*) from native_fill_window: 1
09-09 22:16:02.303  4432  4535 D SQLiteQueryBuilder: Performing query: SELECT _id, _data, format, date_modified FROM files WHERE (_data=?)
09-09 22:16:02.304  4432  4535 D SQLiteCursor: received count(*) from native_fill_window: 1
09-09 22:16:02.304  4432  4535 D SQLiteQueryBuilder: Performing query: SELECT _id, _data, format, date_modified FROM files WHERE (_data=?)
09-09 22:16:02.305  4432  4535 D SQLiteCursor: received count(*) from native_fill_window: 1
09-09 22:16:02.306  4432  4535 D SQLiteQueryBuilder: Performing query: SELECT _id, _data, format, date_modified FROM files WHERE (_data=?)
09-09 22:16:02.307  4432  4535 D SQLiteCursor: received count(*) from native_fill_window: 1
09-09 22:16:02.307  4432  4535 D SQLiteQueryBuilder: Performing query: SELECT _id, _data, format, date_modified FROM files WHERE (_data=?)
09-09 22:16:02.308  4432  4535 D SQLiteCursor: received count(*) from native_fill_window: 1
09-09 22:16:02.308  4432  4535 D SQLiteQueryBuilder: Performing query: SELECT _id, _data, format, date_modified FROM files WHERE (_data=?)
09-09 22:16:02.309  4432  4535 D SQLiteCursor: received count(*) from native_fill_window: 1
09-09 22:16:02.310  4432  4535 D SQLiteQueryBuilder: Performing query: SELECT _id, _data, format, date_modified FROM files WHERE (_data=?)
09-09 22:16:02.310  4432  4535 D SQLiteCursor: received count(*) from native_fill_window: 1
09-09 22:16:02.311  4432  4535 D SQLiteQueryBuilder: Performing query: SELECT _id, _data, format, date_modified FROM files WHERE (_data=?)
09-09 22:16:02.311  4432  4535 D SQLiteCursor: received count(*) from native_fill_window: 1
09-09 22:16:02.312  4432  4535 D SQLiteQueryBuilder: Performing query: SELECT _id, _data, format, date_modified FROM files WHERE (_data=?)
09-09 22:16:02.313  4432  4535 D SQLiteCursor: received count(*) from native_fill_window: 1
09-09 22:16:02.313  4432  4535 D SQLiteQueryBuilder: Performing query: SELECT _id, _data, format, date_modified FROM files WHERE (_data=?)
09-09 22:16:02.314  4432  4535 D SQLiteCursor: received count(*) from native_fill_window: 1
09-09 22:16:02.314  4432  4535 D SQLiteQueryBuilder: Performing query: SELECT _id, _data, format, date_modified FROM files WHERE (_data=?)
09-09 22:16:02.315  4432  4535 D SQLiteCursor: received count(*) from native_fill_window: 1
09-09 22:16:02.315  4432  4535 D SQLiteQueryBuilder: Performing query: SELECT _id, _data, format, date_modified FROM files WHERE (_data=?)
09-09 22:16:02.316  4432  4535 D SQLiteCursor: received count(*) from native_fill_window: 1
09-09 22:16:02.317  4432  4535 D SQLiteQueryBuilder: Performing query: SELECT _id, _data, format, date_modified FROM files WHERE (_data=?)
09-09 22:16:02.317  4432  4535 D SQLiteCursor: received count(*) from native_fill_window: 1
09-09 22:16:02.318  4432  4535 D SQLiteQueryBuilder: Performing query: SELECT _id, _data, format, date_modified FROM files WHERE (_data=?)
09-09 22:16:02.319  4432  4535 D SQLiteCursor: received count(*) from native_fill_window: 1
09-09 22:16:02.319  4432  4535 D SQLiteQueryBuilder: Performing query: SELECT _id, _data, format, date_modified FROM files WHERE (_data=?)
09-09 22:16:02.320  4432  4535 D SQLiteCursor: received count(*) from native_fill_window: 1
09-09 22:16:02.320  4432  4535 D SQLiteQueryBuilder: Performing query: SELECT _id, _data, format, date_modified FROM files WHERE (_data=?)
09-09 22:16:02.321  4432  4535 D SQLiteCursor: received count(*) from native_fill_window: 1
09-09 22:16:02.322  4432  4535 D SQLiteQueryBuilder: Performing query: SELECT _id, _data, format, date_modified FROM files WHERE (_data=?)
09-09 22:16:02.323  4432  4535 D SQLiteCursor: received count(*) from native_fill_window: 1
09-09 22:16:02.323  4432  4535 D SQLiteQueryBuilder: Performing query: SELECT _id, _data, format, date_modified FROM files WHERE (_data=?)
09-09 22:16:02.324  4432  4535 D SQLiteCursor: received count(*) from native_fill_window: 1
09-09 22:16:02.325  4432  4535 D SQLiteQueryBuilder: Performing query: SELECT _id, _data, format, date_modified FROM files WHERE (_data=?)
09-09 22:16:02.325  4432  4535 D SQLiteCursor: received count(*) from native_fill_window: 1
09-09 22:16:02.326  4432  4535 D SQLiteQueryBuilder: Performing query: SELECT _id, _data, format, date_modified FROM files WHERE (_data=?)
09-09 22:16:02.326  4432  4535 D SQLiteCursor: received count(*) from native_fill_window: 1
09-09 22:16:02.327  4432  4535 D SQLiteQueryBuilder: Performing query: SELECT _id, _data, format, date_modified FROM files WHERE (_data=?)
09-09 22:16:02.328  4432  4535 D SQLiteCursor: received count(*) from native_fill_window: 1
09-09 22:16:02.328  4432  4535 D SQLiteQueryBuilder: Performing query: SELECT _id, _data, format, date_modified FROM files WHERE (_data=?)
09-09 22:16:02.330  4432  4535 D SQLiteCursor: received count(*) from native_fill_window: 1
09-09 22:16:02.330  4432  4535 D SQLiteQueryBuilder: Performing query: SELECT _id, _data, format, date_modified FROM files WHERE (_data=?)
09-09 22:16:02.331  5114  5114 I DeploymentUnits: UpdateFixedDeploymentPackages :: packageName:com.ericsson.MediaFirstUC.tv, Name:MediaFirstUC, version:1.0-system-ucgms-custom,strVendor:ERICSSON, Description:Android TV platform from ERICSSON
09-09 22:16:02.331  4432  4535 D SQLiteCursor: received count(*) from native_fill_window: 1
09-09 22:16:02.331  4432  4535 D SQLiteQueryBuilder: Performing query: SELECT _id, _data, format, date_modified FROM files WHERE (_data=?)
09-09 22:16:02.332  5114  5114 D SQLiteQueryBuilder: Performing query: SELECT _id, paramname, paramvalue, iswritable, notificationmode FROM tr069table WHERE (paramname='Device.SoftwareModules.DeploymentUnit.1.AdvancedVersion')
09-09 22:16:02.332  4432  4535 D SQLiteCursor: received count(*) from native_fill_window: 1
09-09 22:16:02.333  5114  5114 D SQLiteCursor: received count(*) from native_fill_window: 0
09-09 22:16:02.333  5114  5114 E ###ADS--- StorageManager: ###ADS: Error record not found for Parameter= Device.SoftwareModules.DeploymentUnit.1.AdvancedVersion
09-09 22:16:02.333  4432  4535 D SQLiteQueryBuilder: Performing query: SELECT _id, _data, format, date_modified FROM files WHERE (_data=?)
09-09 22:16:02.334  4432  4535 D SQLiteCursor: received count(*) from native_fill_window: 1
09-09 22:16:02.334  4432  4535 D SQLiteQueryBuilder: Performing query: SELECT _id, _data, format, date_modified FROM files WHERE (_data=?)
09-09 22:16:02.335  5114  5114 I DeploymentUnits: UpdateFixedDeploymentPackages :: packageName:com.netflix.ninja, Name:Netflix, version:5.4.1 build 2266,strVendor:NETFLIX, Description:NETFLIX streaming service APK
09-09 22:16:02.335  4432  4535 D SQLiteCursor: received count(*) from native_fill_window: 1
09-09 22:16:02.335  5114  5114 D SQLiteQueryBuilder: Performing query: SELECT _id, paramname, paramvalue, iswritable, notificationmode FROM tr069table WHERE (paramname='Device.SoftwareModules.DeploymentUnit.2.AdvancedVersion')
09-09 22:16:02.335  4432  4535 D SQLiteQueryBuilder: Performing query: SELECT _id, _data, format, date_modified FROM files WHERE (_data=?)
09-09 22:16:02.336  5114  5114 D SQLiteCursor: received count(*) from native_fill_window: 0
09-09 22:16:02.336  4432  4535 D SQLiteCursor: received count(*) from native_fill_window: 1
09-09 22:16:02.336  5114  5114 E ###ADS--- StorageManager: ###ADS: Error record not found for Parameter= Device.SoftwareModules.DeploymentUnit.2.AdvancedVersion
09-09 22:16:02.336  4432  4535 D SQLiteQueryBuilder: Performing query: SELECT _id, _data, format, date_modified FROM files WHERE (_data=?)
09-09 22:16:02.336  5114  5114 I DeploymentUnits: UpdateFixedDeploymentPackages :: packageName:, Name:Reserved, version:Reserved,strVendor:Reserved, Description:Reserved
09-09 22:16:02.337  5114  5114 D SQLiteQueryBuilder: Performing query: SELECT _id, paramname, paramvalue, iswritable, notificationmode FROM tr069table WHERE (paramname='Device.SoftwareModules.DeploymentUnit.3.AdvancedVersion')
09-09 22:16:02.337  4432  4535 D SQLiteCursor: received count(*) from native_fill_window: 1
09-09 22:16:02.338  5114  5114 D SQLiteCursor: received count(*) from native_fill_window: 0
09-09 22:16:02.338  4432  4535 D SQLiteQueryBuilder: Performing query: SELECT _id, _data, format, date_modified FROM files WHERE (_data=?)
09-09 22:16:02.338  5114  5114 E ###ADS--- StorageManager: ###ADS: Error record not found for Parameter= Device.SoftwareModules.DeploymentUnit.3.AdvancedVersion
09-09 22:16:02.338  5114  5114 I DeploymentUnits: UpdateFixedDeploymentPackages :: packageName:, Name:Reserved, version:Reserved,strVendor:Reserved, Description:Reserved
09-09 22:16:02.339  5114  5114 D SQLiteQueryBuilder: Performing query: SELECT _id, paramname, paramvalue, iswritable, notificationmode FROM tr069table WHERE (paramname='Device.SoftwareModules.DeploymentUnit.4.AdvancedVersion')
09-09 22:16:02.339  4432  4535 D SQLiteCursor: received count(*) from native_fill_window: 1
09-09 22:16:02.339  4432  4535 D SQLiteQueryBuilder: Performing query: SELECT _id, _data, format, date_modified FROM files WHERE (_data=?)
09-09 22:16:02.340  5114  5114 D SQLiteCursor: received count(*) from native_fill_window: 0
09-09 22:16:02.340  5114  5114 E ###ADS--- StorageManager: ###ADS: Error record not found for Parameter= Device.SoftwareModules.DeploymentUnit.4.AdvancedVersion
09-09 22:16:02.340  4432  4535 D SQLiteCursor: received count(*) from native_fill_window: 1
09-09 22:16:02.340  4432  4535 D SQLiteQueryBuilder: Performing query: SELECT _id, _data, format, date_modified FROM files WHERE (_data=?)
09-09 22:16:02.341  4432  4535 D SQLiteCursor: received count(*) from native_fill_window: 1
09-09 22:16:02.341  5205  5205 W GraphicsEnvironment: driver package 'gfxdriver-bcmstb' not installed
09-09 22:16:02.342  4432  4535 D SQLiteQueryBuilder: Performing query: SELECT _id, _data, format, date_modified FROM files WHERE (_data=?)
09-09 22:16:02.342  5114  5114 I DeploymentUnits: UpdateFixedDeploymentPackages :: packageName:com.arris.chmframework, Name:ArrisCHMframework, version:00.01.00,strVendor:ARRIS, Description:STB Health Management APK from ARRIS
09-09 22:16:02.342  5114  5114 D SQLiteQueryBuilder: Performing query: SELECT _id, paramname, paramvalue, iswritable, notificationmode FROM tr069table WHERE (paramname='Device.SoftwareModules.DeploymentUnit.5.AdvancedVersion')
09-09 22:16:02.343  5114  5114 D SQLiteCursor: received count(*) from native_fill_window: 0
09-09 22:16:02.343  4432  4535 D SQLiteCursor: received count(*) from native_fill_window: 1
09-09 22:16:02.345  5114  5114 E ###ADS--- StorageManager: ###ADS: Error record not found for Parameter= Device.SoftwareModules.DeploymentUnit.5.AdvancedVersion
09-09 22:16:02.347  5114  5114 I DeploymentUnits: UpdateFixedDeploymentPackages :: packageName:com.arris.softwareupgrader, Name:ArrisSWUpgrader, version:00.01.00,strVendor:ARRIS, Description:SW Upgrader APK from ARRIS
09-09 22:16:02.348  5114  5114 D SQLiteQueryBuilder: Performing query: SELECT _id, paramname, paramvalue, iswritable, notificationmode FROM tr069table WHERE (paramname='Device.SoftwareModules.DeploymentUnit.6.AdvancedVersion')
09-09 22:16:02.349  5114  5114 D SQLiteCursor: received count(*) from native_fill_window: 0
09-09 22:16:02.349  5114  5114 E ###ADS--- StorageManager: ###ADS: Error record not found for Parameter= Device.SoftwareModules.DeploymentUnit.6.AdvancedVersion
09-09 22:16:02.349  4432  4535 D SQLiteQueryBuilder: Performing query: SELECT _id, _data, format, date_modified FROM files WHERE (_data=?)
09-09 22:16:02.350  4432  4535 D SQLiteCursor: received count(*) from native_fill_window: 1
09-09 22:16:02.354  5114  5114 I DeploymentUnits: UpdateFixedDeploymentPackages :: packageName:com.arris.launcher, Name:ArrisCustomLauncher, version:1.0,strVendor:ARRIS, Description:Default launcher APK from ARRIS
09-09 22:16:02.355  5114  5114 D SQLiteQueryBuilder: Performing query: SELECT _id, paramname, paramvalue, iswritable, notificationmode FROM tr069table WHERE (paramname='Device.SoftwareModules.DeploymentUnit.7.AdvancedVersion')
09-09 22:16:02.355  4432  4535 D SQLiteQueryBuilder: Performing query: SELECT _id, _data, format, date_modified FROM files WHERE (_data=?)
09-09 22:16:02.356  5114  5114 D SQLiteCursor: received count(*) from native_fill_window: 0
09-09 22:16:02.356  5114  5114 E ###ADS--- StorageManager: ###ADS: Error record not found for Parameter= Device.SoftwareModules.DeploymentUnit.7.AdvancedVersion
09-09 22:16:02.357  5114  5114 D SQLiteQueryBuilder: Performing query: SELECT _id, paramname, paramvalue, iswritable, notificationmode FROM tr069table WHERE (paramname='Device.SoftwareModules.DeploymentUnit.8.AdvancedVersion')
09-09 22:16:02.358  5114  5114 D SQLiteCursor: received count(*) from native_fill_window: 0
09-09 22:16:02.358  5114  5114 E ###ADS--- StorageManager: ###ADS: Error record not found for Parameter= Device.SoftwareModules.DeploymentUnit.8.AdvancedVersion
09-09 22:16:02.359  5114  5114 I DeploymentUnits: UpdateFixedDeploymentPackages :: packageName:, Name:Reserved, version:Reserved,strVendor:Reserved, Description:Reserved
09-09 22:16:02.359  5114  5114 D SQLiteQueryBuilder: Performing query: SELECT _id, paramname, paramvalue, iswritable, notificationmode FROM tr069table WHERE (paramname='Device.SoftwareModules.DeploymentUnit.9.AdvancedVersion')
09-09 22:16:02.360  5114  5114 D SQLiteCursor: received count(*) from native_fill_window: 0
09-09 22:16:02.361  5114  5114 E ###ADS--- StorageManager: ###ADS: Error record not found for Parameter= Device.SoftwareModules.DeploymentUnit.9.AdvancedVersion
09-09 22:16:02.362  5114  5114 I DeploymentUnits: UpdateFixedDeploymentPackages :: packageName:, Name:Reserved, version:Reserved,strVendor:Reserved, Description:Reserved
09-09 22:16:02.362  5114  5114 D SQLiteQueryBuilder: Performing query: SELECT _id, paramname, paramvalue, iswritable, notificationmode FROM tr069table WHERE (paramname='Device.SoftwareModules.DeploymentUnit.10.AdvancedVersion')
09-09 22:16:02.364  5114  5114 D SQLiteCursor: received count(*) from native_fill_window: 0
09-09 22:16:02.364  5114  5114 E ###ADS--- StorageManager: ###ADS: Error record not found for Parameter= Device.SoftwareModules.DeploymentUnit.10.AdvancedVersion
09-09 22:16:02.377  4432  4535 D SQLiteCursor: received count(*) from native_fill_window: 1
09-09 22:16:02.377  4432  4535 D SQLiteQueryBuilder: Performing query: SELECT _id, _data, format, date_modified FROM files WHERE (_data=?)
09-09 22:16:02.384  5205  5225 E VC5     : DRM: Trying to find: /dev/dri/card0
09-09 22:16:02.386  5205  5225 D libEGL  : loaded /vendor/lib/egl/libGLES_nexus.so
09-09 22:16:02.387  5205  5225 E         : init_expose_fences v3d EGL_ANDROID_native_fence_sync extension enabled
09-09 22:16:02.388  4432  4535 D SQLiteCursor: received count(*) from native_fill_window: 1
09-09 22:16:02.389  4432  4535 D SQLiteQueryBuilder: Performing query: SELECT _id, _data, format, date_modified FROM files WHERE (_data=?)
09-09 22:16:02.393  4432  4535 D SQLiteCursor: received count(*) from native_fill_window: 1
09-09 22:16:02.394  4432  4535 D SQLiteQueryBuilder: Performing query: SELECT _id, _data, format, date_modified FROM files WHERE (_data=?)
09-09 22:16:02.401  4432  4535 D SQLiteCursor: received count(*) from native_fill_window: 1
09-09 22:16:02.401  4432  4535 D SQLiteQueryBuilder: Performing query: SELECT _id, _data, format, date_modified FROM files WHERE (_data=?)
09-09 22:16:02.402  4432  4535 D SQLiteCursor: received count(*) from native_fill_window: 1
09-09 22:16:02.404  4432  4535 D SQLiteQueryBuilder: Performing query: SELECT _id, _data, format, date_modified FROM files WHERE (_data=?)
09-09 22:16:02.405  4432  4535 D SQLiteCursor: received count(*) from native_fill_window: 1
09-09 22:16:02.406  4432  4535 D SQLiteQueryBuilder: Performing query: SELECT _id, _data, format, date_modified FROM files WHERE (_data=?)
09-09 22:16:02.408  4432  4535 D SQLiteCursor: received count(*) from native_fill_window: 1
09-09 22:16:02.408  4432  4535 D SQLiteQueryBuilder: Performing query: SELECT _id, _data, format, date_modified FROM files WHERE (_data=?)
09-09 22:16:02.415  4432  4535 D SQLiteCursor: received count(*) from native_fill_window: 1
09-09 22:16:02.415  4432  4535 D SQLiteQueryBuilder: Performing query: SELECT _id, _data, format, date_modified FROM files WHERE (_data=?)
09-09 22:16:02.416  4432  4535 D SQLiteCursor: received count(*) from native_fill_window: 1
09-09 22:16:02.416  4432  4535 D SQLiteQueryBuilder: Performing query: SELECT _id, _data, format, date_modified FROM files WHERE (_data=?)
09-09 22:16:02.419  4432  4535 D SQLiteCursor: received count(*) from native_fill_window: 1
09-09 22:16:02.419  4432  4535 D SQLiteQueryBuilder: Performing query: SELECT _id, _data, format, date_modified FROM files WHERE (_data=?)
09-09 22:16:02.421  4432  4535 D SQLiteCursor: received count(*) from native_fill_window: 1
09-09 22:16:02.421  4432  4535 D SQLiteQueryBuilder: Performing query: SELECT _id, _data, format, date_modified FROM files WHERE (_data=?)
09-09 22:16:02.427  5114  5114 D DeploymentUnits: SYSTEM App/UPDATED SYSTEM App - 
09-09 22:16:02.427  5114  5114 I chatty  : uid=1000(system) com.arris.chmframework identical 1 line
09-09 22:16:02.428  5114  5114 D DeploymentUnits: SYSTEM App/UPDATED SYSTEM App - 
09-09 22:16:02.428  4432  4535 D SQLiteCursor: received count(*) from native_fill_window: 1
09-09 22:16:02.429  4432  4535 D SQLiteQueryBuilder: Performing query: SELECT _id, _data, format, date_modified FROM files WHERE (_data=?)
09-09 22:16:02.429  5114  5114 D DeploymentUnits: SYSTEM App/UPDATED SYSTEM App - 
09-09 22:16:02.430  4432  4535 D SQLiteCursor: received count(*) from native_fill_window: 1
09-09 22:16:02.430  5114  5114 D DeploymentUnits: SYSTEM App/UPDATED SYSTEM App - 
09-09 22:16:02.430  4432  4535 D SQLiteQueryBuilder: Performing query: SELECT _id, _data, format, date_modified FROM files WHERE (_data=?)
09-09 22:16:02.431  5114  5114 D DeploymentUnits: SYSTEM App/UPDATED SYSTEM App - 
09-09 22:16:02.431  4432  4535 D SQLiteCursor: received count(*) from native_fill_window: 1
09-09 22:16:02.431  4432  4535 D SQLiteQueryBuilder: Performing query: SELECT _id, _data, format, date_modified FROM files WHERE (_data=?)
09-09 22:16:02.432  4432  4535 D SQLiteCursor: received count(*) from native_fill_window: 1
09-09 22:16:02.432  4979  5110 D SQLiteCursor: received count(*) from native_fill_window: 2
09-09 22:16:02.433  4432  4535 D SQLiteQueryBuilder: Performing query: SELECT _id, _data, format, date_modified FROM files WHERE (_data=?)
09-09 22:16:02.433  5114  5114 D DeploymentUnits: SYSTEM App/UPDATED SYSTEM App - 
09-09 22:16:02.434  4432  4535 D SQLiteCursor: received count(*) from native_fill_window: 1
09-09 22:16:02.434  4432  4535 D SQLiteQueryBuilder: Performing query: SELECT _id, _data, format, date_modified FROM files WHERE (_data=?)
09-09 22:16:02.435  4432  4535 D SQLiteCursor: received count(*) from native_fill_window: 1
09-09 22:16:02.435  5114  5114 D DeploymentUnits: SYSTEM App/UPDATED SYSTEM App - 
09-09 22:16:02.435  4432  4535 D SQLiteQueryBuilder: Performing query: SELECT _id, _data, format, date_modified FROM files WHERE (_data=?)
09-09 22:16:02.436  5114  5114 D DeploymentUnits: SYSTEM App/UPDATED SYSTEM App - 
09-09 22:16:02.436  4432  4535 D SQLiteCursor: received count(*) from native_fill_window: 1
09-09 22:16:02.437  5114  5114 D DeploymentUnits: SYSTEM App/UPDATED SYSTEM App - 
09-09 22:16:02.437  4432  4535 D SQLiteQueryBuilder: Performing query: SELECT _id, _data, format, date_modified FROM files WHERE (_data=?)
09-09 22:16:02.437  5114  5114 D DeploymentUnits: SYSTEM App/UPDATED SYSTEM App - 
09-09 22:16:02.438  4432  4535 D SQLiteCursor: received count(*) from native_fill_window: 1
09-09 22:16:02.438  5114  5114 D DeploymentUnits: SYSTEM App/UPDATED SYSTEM App - 
09-09 22:16:02.438  4432  4535 D SQLiteQueryBuilder: Performing query: SELECT _id, _data, format, date_modified FROM files WHERE (_data=?)
09-09 22:16:02.439  4432  4535 D SQLiteCursor: received count(*) from native_fill_window: 1
09-09 22:16:02.439  5114  5114 D DeploymentUnits: SYSTEM App/UPDATED SYSTEM App - 
09-09 22:16:02.440  4432  4535 D SQLiteQueryBuilder: Performing query: SELECT _id, _data, format, date_modified FROM files WHERE (_data=?)
09-09 22:16:02.440  4432  4535 D SQLiteCursor: received count(*) from native_fill_window: 1
09-09 22:16:02.441  4432  4535 D SQLiteQueryBuilder: Performing query: SELECT _id, _data, format, date_modified FROM files WHERE (_data=?)
09-09 22:16:02.442  4432  4535 D SQLiteCursor: received count(*) from native_fill_window: 1
09-09 22:16:02.442  4432  4535 D SQLiteQueryBuilder: Performing query: SELECT _id, _data, format, date_modified FROM files WHERE (_data=?)
09-09 22:16:02.442  5114  5114 D DeploymentUnits: SYSTEM App/UPDATED SYSTEM App - 
09-09 22:16:02.443  4432  4535 D SQLiteCursor: received count(*) from native_fill_window: 1
09-09 22:16:02.443  4432  4535 D SQLiteQueryBuilder: Performing query: SELECT _id, _data, format, date_modified FROM files WHERE (_data=?)
09-09 22:16:02.444  4432  4535 D SQLiteCursor: received count(*) from native_fill_window: 1
09-09 22:16:02.445  4432  4535 D SQLiteQueryBuilder: Performing query: SELECT _id, _data, format, date_modified FROM files WHERE (_data=?)
09-09 22:16:02.445  4979  5110 D SQLiteCursor: received count(*) from native_fill_window: 2
09-09 22:16:02.445  4432  4535 D SQLiteCursor: received count(*) from native_fill_window: 1
09-09 22:16:02.446  4432  4535 D SQLiteQueryBuilder: Performing query: SELECT _id, _data, format, date_modified FROM files WHERE (_data=?)
09-09 22:16:02.446  5114  5114 D DeploymentUnits: SYSTEM App/UPDATED SYSTEM App - 
09-09 22:16:02.447  4432  4535 D SQLiteCursor: received count(*) from native_fill_window: 1
09-09 22:16:02.447  4432  4535 D SQLiteQueryBuilder: Performing query: SELECT _id, _data, format, date_modified FROM files WHERE (_data=?)
09-09 22:16:02.448  4432  4535 D SQLiteCursor: received count(*) from native_fill_window: 1
09-09 22:16:02.448  3719  3731 D LocationManagerService: request 16a4ae0 passive Request[POWER_NONE passive fastest=0] from com.google.android.gms(10013 foreground [whitelisted])
09-09 22:16:02.449  4432  4535 D SQLiteQueryBuilder: Performing query: SELECT _id, _data, format, date_modified FROM files WHERE (_data=?)
09-09 22:16:02.449  3719  3731 D LocationManagerService: provider request: passive ProviderRequest[ON interval=0]
09-09 22:16:02.449  4432  4535 D SQLiteCursor: received count(*) from native_fill_window: 1
09-09 22:16:02.450  4432  4535 D SQLiteQueryBuilder: Performing query: SELECT _id, _data, format, date_modified FROM files WHERE (_data=?)
09-09 22:16:02.451  4432  4535 D SQLiteCursor: received count(*) from native_fill_window: 1
09-09 22:16:02.452  4432  4535 D SQLiteQueryBuilder: Performing query: SELECT _id, _data, format, date_modified FROM files WHERE (_data=?)
09-09 22:16:02.452  4432  4535 D SQLiteCursor: received count(*) from native_fill_window: 1
09-09 22:16:02.453  4432  4535 D SQLiteQueryBuilder: Performing query: SELECT _id, _data, format, date_modified FROM files WHERE (_data=?)
09-09 22:16:02.454  4432  4535 D SQLiteCursor: received count(*) from native_fill_window: 1
09-09 22:16:02.454  4432  4535 D SQLiteQueryBuilder: Performing query: SELECT _id, _data, format, date_modified FROM files WHERE (_data=?)
09-09 22:16:02.454  5114  5114 D DeploymentUnits: SYSTEM App/UPDATED SYSTEM App - 
09-09 22:16:02.455  5114  5114 D DeploymentUnits: SYSTEM App/UPDATED SYSTEM App - 
09-09 22:16:02.455  4432  4535 D SQLiteCursor: received count(*) from native_fill_window: 1
09-09 22:16:02.455  4432  4535 D SQLiteQueryBuilder: Performing query: SELECT _id, _data, format, date_modified FROM files WHERE (_data=?)
09-09 22:16:02.456  5114  5114 D DeploymentUnits: SYSTEM App/UPDATED SYSTEM App - 
09-09 22:16:02.456  4432  4535 D SQLiteCursor: received count(*) from native_fill_window: 1
09-09 22:16:02.457  4432  4535 D SQLiteQueryBuilder: Performing query: SELECT _id, _data, format, date_modified FROM files WHERE (_data=?)
09-09 22:16:02.457  4432  4535 D SQLiteCursor: received count(*) from native_fill_window: 1
09-09 22:16:02.458  4432  4535 D SQLiteQueryBuilder: Performing query: SELECT _id, _data, format, date_modified FROM files WHERE (_data=?)
09-09 22:16:02.459  4432  4535 D SQLiteCursor: received count(*) from native_fill_window: 1
09-09 22:16:02.459  4432  4535 D SQLiteQueryBuilder: Performing query: SELECT _id, _data, format, date_modified FROM files WHERE (_data=?)
09-09 22:16:02.459  5114  5114 D DeploymentUnits: SYSTEM App/UPDATED SYSTEM App - 
09-09 22:16:02.460  4432  4535 D SQLiteCursor: received count(*) from native_fill_window: 1
09-09 22:16:02.460  4432  4535 D SQLiteQueryBuilder: Performing query: SELECT _id, _data, format, date_modified FROM files WHERE (_data=?)
09-09 22:16:02.460  5114  5114 D DeploymentUnits: SYSTEM App/UPDATED SYSTEM App - 
09-09 22:16:02.461  4432  4535 D SQLiteCursor: received count(*) from native_fill_window: 1
09-09 22:16:02.462  5114  5114 D DeploymentUnits: SYSTEM App/UPDATED SYSTEM App - 
09-09 22:16:02.462  4432  4535 D SQLiteQueryBuilder: Performing query: SELECT _id, _data, format, date_modified FROM files WHERE (_data=?)
09-09 22:16:02.463  4432  4535 D SQLiteCursor: received count(*) from native_fill_window: 1
09-09 22:16:02.463  5114  5114 D DeploymentUnits: SYSTEM App/UPDATED SYSTEM App - 
09-09 22:16:02.463  4432  4535 D SQLiteQueryBuilder: Performing query: SELECT _id, _data, format, date_modified FROM files WHERE (_data=?)
09-09 22:16:02.464  4432  4535 D SQLiteCursor: received count(*) from native_fill_window: 1
09-09 22:16:02.465  5114  5114 D DeploymentUnits: SYSTEM App/UPDATED SYSTEM App - 
09-09 22:16:02.466  4432  4535 D SQLiteQueryBuilder: Performing query: SELECT _id, _data, format, date_modified FROM files WHERE (_data=?)
09-09 22:16:02.466  5114  5114 D DeploymentUnits: SYSTEM App/UPDATED SYSTEM App - 
09-09 22:16:02.467  5114  5114 D DeploymentUnits: SYSTEM App/UPDATED SYSTEM App - 
09-09 22:16:02.468  4432  4535 D SQLiteCursor: received count(*) from native_fill_window: 1
09-09 22:16:02.468  5114  5114 D DeploymentUnits: SYSTEM App/UPDATED SYSTEM App - 
09-09 22:16:02.468  4432  4535 D SQLiteQueryBuilder: Performing query: SELECT _id, _data, format, date_modified FROM files WHERE (_data=?)
09-09 22:16:02.469  5114  5114 D DeploymentUnits: SYSTEM App/UPDATED SYSTEM App - 
09-09 22:16:02.469  4432  4535 D SQLiteCursor: received count(*) from native_fill_window: 1
09-09 22:16:02.470  4432  4535 D SQLiteQueryBuilder: Performing query: SELECT _id, _data, format, date_modified FROM files WHERE (_data=?)
09-09 22:16:02.470  5114  5114 D DeploymentUnits: SYSTEM App/UPDATED SYSTEM App - 
09-09 22:16:02.471  4432  4535 D SQLiteCursor: received count(*) from native_fill_window: 1
09-09 22:16:02.471  4432  4535 D SQLiteQueryBuilder: Performing query: SELECT _id, _data, format, date_modified FROM files WHERE (_data=?)
09-09 22:16:02.471  5114  5114 D DeploymentUnits: SYSTEM App/UPDATED SYSTEM App - 
09-09 22:16:02.472  5114  5114 D DeploymentUnits: SYSTEM App/UPDATED SYSTEM App - 
09-09 22:16:02.472  4432  4535 D SQLiteCursor: received count(*) from native_fill_window: 1
09-09 22:16:02.472  4432  4535 D SQLiteQueryBuilder: Performing query: SELECT _id, _data, format, date_modified FROM files WHERE (_data=?)
09-09 22:16:02.472  5114  5114 D DeploymentUnits: SYSTEM App/UPDATED SYSTEM App - 
09-09 22:16:02.473  4432  4535 D SQLiteCursor: received count(*) from native_fill_window: 1
09-09 22:16:02.473  5114  5114 D DeploymentUnits: SYSTEM App/UPDATED SYSTEM App - 
09-09 22:16:02.474  4432  4535 D SQLiteQueryBuilder: Performing query: SELECT _id, _data, format, date_modified FROM files WHERE (_data=?)
09-09 22:16:02.474  5114  5114 D DeploymentUnits: SYSTEM App/UPDATED SYSTEM App - 
09-09 22:16:02.474  4432  4535 D SQLiteCursor: received count(*) from native_fill_window: 1
09-09 22:16:02.475  4432  4535 D SQLiteQueryBuilder: Performing query: SELECT _id, _data, format, date_modified FROM files WHERE (_data=?)
09-09 22:16:02.476  4432  4535 D SQLiteCursor: received count(*) from native_fill_window: 1
09-09 22:16:02.476  4432  4535 D SQLiteQueryBuilder: Performing query: SELECT _id, _data, format, date_modified FROM files WHERE (_data=?)
