09-09 22:16:03.118  4432  4535 D SQLiteCursor: received count(*) from native_fill_window: 1
09-09 22:16:03.119  4432  4535 D SQLiteQueryBuilder: Performing query: SELECT _id, _data, format, date_modified FROM files WHERE (_data=?)
09-09 22:16:03.121  4432  4535 D SQLiteCursor: received count(*) from native_fill_window: 1
09-09 22:16:03.122  4432  4535 D SQLiteQueryBuilder: Performing query: SELECT _id, _data, format, date_modified FROM files WHERE (_data=?)
09-09 22:16:03.123  4432  4535 D SQLiteCursor: received count(*) from native_fill_window: 1
09-09 22:16:03.124  4432  4535 D SQLiteQueryBuilder: Performing query: SELECT _id, _data, format, date_modified FROM files WHERE (_data=?)
09-09 22:16:03.125  4432  4535 D SQLiteCursor: received count(*) from native_fill_window: 1
09-09 22:16:03.126  4432  4535 D SQLiteQueryBuilder: Performing query: SELECT _id, _data, format, date_modified FROM files WHERE (_data=?)
09-09 22:16:03.127  4432  4535 D SQLiteCursor: received count(*) from native_fill_window: 1
09-09 22:16:03.128  4432  4535 D SQLiteQueryBuilder: Performing query: SELECT _id, _data, format, date_modified FROM files WHERE (_data=?)
09-09 22:16:03.130  4432  4535 D SQLiteCursor: received count(*) from native_fill_window: 1
09-09 22:16:03.131  4432  4535 D SQLiteQueryBuilder: Performing query: SELECT _id, _data, format, date_modified FROM files WHERE (_data=?)
09-09 22:16:03.132  4432  4535 D SQLiteCursor: received count(*) from native_fill_window: 1
09-09 22:16:03.133  4432  4535 D SQLiteQueryBuilder: Performing query: SELECT _id, _data, format, date_modified FROM files WHERE (_data=?)
09-09 22:16:03.135  4432  4535 D SQLiteCursor: received count(*) from native_fill_window: 1
09-09 22:16:03.136  4432  4535 D SQLiteQueryBuilder: Performing query: SELECT _id, _data, format, date_modified FROM files WHERE (_data=?)
09-09 22:16:03.137  4432  4535 D SQLiteCursor: received count(*) from native_fill_window: 1
09-09 22:16:03.138  4432  4535 D SQLiteQueryBuilder: Performing query: SELECT _id, _data, format, date_modified FROM files WHERE (_data=?)
09-09 22:16:03.140  4432  4535 D SQLiteCursor: received count(*) from native_fill_window: 1
09-09 22:16:03.141  4432  4535 D SQLiteQueryBuilder: Performing query: SELECT _id, _data, format, date_modified FROM files WHERE (_data=?)
09-09 22:16:03.144  5114  5263 D SQLiteQueryBuilder: Performing query: SELECT _id, paramname, paramvalue, iswritable, notificationmode FROM tr069table WHERE (paramname='Device.SoftwareModules.DeploymentUnit.1.AdvancedVersion')
09-09 22:16:03.145  5114  5263 D SQLiteCursor: received count(*) from native_fill_window: 0
09-09 22:16:03.145  5114  5263 E ###ADS--- StorageManager: ###ADS: Error record not found for Parameter= Device.SoftwareModules.DeploymentUnit.1.AdvancedVersion
09-09 22:16:03.148  5114  5263 I DeploymentUnits: UpdateFixedDeploymentPackages :: packageName:com.netflix.ninja, Name:Netflix, version:5.4.1 build 2266,strVendor:NETFLIX, Description:NETFLIX streaming service APK
09-09 22:16:03.148  5114  5263 D SQLiteQueryBuilder: Performing query: SELECT _id, paramname, paramvalue, iswritable, notificationmode FROM tr069table WHERE (paramname='Device.SoftwareModules.DeploymentUnit.2.AdvancedVersion')
09-09 22:16:03.149  5114  5263 D SQLiteCursor: received count(*) from native_fill_window: 0
09-09 22:16:03.149  5114  5263 E ###ADS--- StorageManager: ###ADS: Error record not found for Parameter= Device.SoftwareModules.DeploymentUnit.2.AdvancedVersion
09-09 22:16:03.150  5114  5263 I DeploymentUnits: UpdateFixedDeploymentPackages :: packageName:, Name:Reserved, version:Reserved,strVendor:Reserved, Description:Reserved
09-09 22:16:03.150  5114  5263 D SQLiteQueryBuilder: Performing query: SELECT _id, paramname, paramvalue, iswritable, notificationmode FROM tr069table WHERE (paramname='Device.SoftwareModules.DeploymentUnit.3.AdvancedVersion')
09-09 22:16:03.151  5114  5263 D SQLiteCursor: received count(*) from native_fill_window: 0
09-09 22:16:03.151  5114  5263 E ###ADS--- StorageManager: ###ADS: Error record not found for Parameter= Device.SoftwareModules.DeploymentUnit.3.AdvancedVersion
09-09 22:16:03.151  5114  5263 I DeploymentUnits: UpdateFixedDeploymentPackages :: packageName:, Name:Reserved, version:Reserved,strVendor:Reserved, Description:Reserved
09-09 22:16:03.151  5114  5263 D SQLiteQueryBuilder: Performing query: SELECT _id, paramname, paramvalue, iswritable, notificationmode FROM tr069table WHERE (paramname='Device.SoftwareModules.DeploymentUnit.4.AdvancedVersion')
09-09 22:16:03.152  5114  5263 D SQLiteCursor: received count(*) from native_fill_window: 0
09-09 22:16:03.152  5114  5263 E ###ADS--- StorageManager: ###ADS: Error record not found for Parameter= Device.SoftwareModules.DeploymentUnit.4.AdvancedVersion
09-09 22:16:03.153  4432  4535 D SQLiteCursor: received count(*) from native_fill_window: 1
09-09 22:16:03.154  4432  4535 D SQLiteQueryBuilder: Performing query: SELECT _id, _data, format, date_modified FROM files WHERE (_data=?)
09-09 22:16:03.154  5114  5263 I DeploymentUnits: UpdateFixedDeploymentPackages :: packageName:com.arris.chmframework, Name:ArrisCHMframework, version:00.01.00,strVendor:ARRIS, Description:STB Health Management APK from ARRIS
09-09 22:16:03.154  5114  5263 D SQLiteQueryBuilder: Performing query: SELECT _id, paramname, paramvalue, iswritable, notificationmode FROM tr069table WHERE (paramname='Device.SoftwareModules.DeploymentUnit.5.AdvancedVersion')
09-09 22:16:03.155  5114  5263 D SQLiteCursor: received count(*) from native_fill_window: 0
09-09 22:16:03.156  5114  5263 E ###ADS--- StorageManager: ###ADS: Error record not found for Parameter= Device.SoftwareModules.DeploymentUnit.5.AdvancedVersion
09-09 22:16:03.156  5114  5114 I DiagService: received broadcast for network activity
09-09 22:16:03.156  4432  4535 D SQLiteCursor: received count(*) from native_fill_window: 1
09-09 22:16:03.158  5114  5114 I WiFiParams: WiFi: updateConnectionStatus = false Status = Dormant
09-09 22:16:03.159  4432  4535 D SQLiteQueryBuilder: Performing query: SELECT _id, _data, format, date_modified FROM files WHERE (_data=?)
09-09 22:16:03.160  5114  5263 I DeploymentUnits: UpdateFixedDeploymentPackages :: packageName:com.arris.softwareupgrader, Name:ArrisSWUpgrader, version:00.01.00,strVendor:ARRIS, Description:SW Upgrader APK from ARRIS
09-09 22:16:03.161  4432  4535 D SQLiteCursor: received count(*) from native_fill_window: 1
09-09 22:16:03.161  4432  4535 D SQLiteQueryBuilder: Performing query: SELECT _id, _data, format, date_modified FROM files WHERE (_data=?)
09-09 22:16:03.163  4432  4535 D SQLiteCursor: received count(*) from native_fill_window: 1
09-09 22:16:03.164  4432  4535 D SQLiteQueryBuilder: Performing query: SELECT _id, _data, format, date_modified FROM files WHERE (_data=?)
09-09 22:16:03.165  4432  4535 D SQLiteCursor: received count(*) from native_fill_window: 1
09-09 22:16:03.166  4432  4535 D SQLiteQueryBuilder: Performing query: SELECT _id, _data, format, date_modified FROM files WHERE (_data=?)
09-09 22:16:03.168  4432  4535 D SQLiteCursor: received count(*) from native_fill_window: 1
09-09 22:16:03.168  4432  4535 D SQLiteQueryBuilder: Performing query: SELECT _id, _data, format, date_modified FROM files WHERE (_data=?)
09-09 22:16:03.169  4432  4535 D SQLiteCursor: received count(*) from native_fill_window: 1
09-09 22:16:03.170  4432  4535 D SQLiteQueryBuilder: Performing query: SELECT _id, _data, format, date_modified FROM files WHERE (_data=?)
09-09 22:16:03.171  4432  4535 D SQLiteCursor: received count(*) from native_fill_window: 1
09-09 22:16:03.172  4432  4535 D SQLiteQueryBuilder: Performing query: SELECT _id, _data, format, date_modified FROM files WHERE (_data=?)
09-09 22:16:03.174  4432  4535 D SQLiteCursor: received count(*) from native_fill_window: 1
09-09 22:16:03.174  4432  4535 D SQLiteQueryBuilder: Performing query: SELECT _id, _data, format, date_modified FROM files WHERE (_data=?)
09-09 22:16:03.175  4432  4535 D SQLiteCursor: received count(*) from native_fill_window: 1
09-09 22:16:03.175  4432  4535 D SQLiteQueryBuilder: Performing query: SELECT _id, _data, format, date_modified FROM files WHERE (_data=?)
09-09 22:16:03.177  4432  4535 D SQLiteCursor: received count(*) from native_fill_window: 1
09-09 22:16:03.178  4432  4535 D SQLiteQueryBuilder: Performing query: SELECT _id, _data, format, date_modified FROM files WHERE (_data=?)
09-09 22:16:03.179  4432  4535 D SQLiteCursor: received count(*) from native_fill_window: 1
09-09 22:16:03.180  4432  4535 D SQLiteQueryBuilder: Performing query: SELECT _id, _data, format, date_modified FROM files WHERE (_data=?)
09-09 22:16:03.180  4432  4535 D SQLiteCursor: received count(*) from native_fill_window: 1
09-09 22:16:03.181  4432  4535 D SQLiteQueryBuilder: Performing query: SELECT _id, _data, format, date_modified FROM files WHERE (_data=?)
09-09 22:16:03.182  4432  4535 D SQLiteCursor: received count(*) from native_fill_window: 1
09-09 22:16:03.182  4432  4535 D SQLiteQueryBuilder: Performing query: SELECT _id, _data, format, date_modified FROM files WHERE (_data=?)
09-09 22:16:03.184  4432  4535 D SQLiteCursor: received count(*) from native_fill_window: 1
09-09 22:16:03.185  4432  4535 D SQLiteQueryBuilder: Performing query: SELECT _id, _data, format, date_modified FROM files WHERE (_data=?)
09-09 22:16:03.186  4432  4535 D SQLiteCursor: received count(*) from native_fill_window: 1
09-09 22:16:03.187  4432  4535 D SQLiteQueryBuilder: Performing query: SELECT _id, _data, format, date_modified FROM files WHERE (_data=?)
09-09 22:16:03.188  4432  4535 D SQLiteCursor: received count(*) from native_fill_window: 1
09-09 22:16:03.189  4432  4535 D SQLiteQueryBuilder: Performing query: SELECT _id, _data, format, date_modified FROM files WHERE (_data=?)
09-09 22:16:03.191  4432  4535 D SQLiteCursor: received count(*) from native_fill_window: 1
09-09 22:16:03.192  4432  4535 D SQLiteQueryBuilder: Performing query: SELECT _id, _data, format, date_modified FROM files WHERE (_data=?)
09-09 22:16:03.193  4527  4527 D UpgradeService: Entered CheckAndInstallPendingApks: true
09-09 22:16:03.194  4432  4535 D SQLiteCursor: received count(*) from native_fill_window: 1
09-09 22:16:03.194  4432  4535 D SQLiteQueryBuilder: Performing query: SELECT _id, _data, format, date_modified FROM files WHERE (_data=?)
09-09 22:16:03.196  4527  4527 D UpgradeService: No onboot pending APKs found
09-09 22:16:03.197  4432  4535 D SQLiteCursor: received count(*) from native_fill_window: 1
09-09 22:16:03.198  4432  4535 D SQLiteQueryBuilder: Performing query: SELECT _id, _data, format, date_modified FROM files WHERE (_data=?)
09-09 22:16:03.200  4432  4535 D SQLiteCursor: received count(*) from native_fill_window: 1
09-09 22:16:03.201  4432  4535 D SQLiteQueryBuilder: Performing query: SELECT _id, _data, format, date_modified FROM files WHERE (_data=?)
09-09 22:16:03.202  4432  4535 D SQLiteCursor: received count(*) from native_fill_window: 1
09-09 22:16:03.203  4432  4535 D SQLiteQueryBuilder: Performing query: SELECT _id, _data, format, date_modified FROM files WHERE (_data=?)
09-09 22:16:03.204  4432  4535 D SQLiteCursor: received count(*) from native_fill_window: 1
09-09 22:16:03.205  4432  4535 D SQLiteQueryBuilder: Performing query: SELECT _id, _data, format, date_modified FROM files WHERE (_data=?)
09-09 22:16:03.206  4432  4535 D SQLiteCursor: received count(*) from native_fill_window: 1
09-09 22:16:03.207  4432  4535 D SQLiteQueryBuilder: Performing query: SELECT _id, _data, format, date_modified FROM files WHERE (_data=?)
09-09 22:16:03.209  4432  4535 D SQLiteCursor: received count(*) from native_fill_window: 1
09-09 22:16:03.209  4432  4535 D SQLiteQueryBuilder: Performing query: SELECT _id, _data, format, date_modified FROM files WHERE (_data=?)
09-09 22:16:03.211  4432  4535 D SQLiteCursor: received count(*) from native_fill_window: 1
09-09 22:16:03.211  4432  4535 D SQLiteQueryBuilder: Performing query: SELECT _id, _data, format, date_modified FROM files WHERE (_data=?)
09-09 22:16:03.213  4432  4535 D SQLiteCursor: received count(*) from native_fill_window: 1
09-09 22:16:03.213  4432  4535 D SQLiteQueryBuilder: Performing query: SELECT _id, _data, format, date_modified FROM files WHERE (_data=?)
09-09 22:16:03.215  4432  4535 D SQLiteCursor: received count(*) from native_fill_window: 1
09-09 22:16:03.216  4432  4535 D SQLiteQueryBuilder: Performing query: SELECT _id, _data, format, date_modified FROM files WHERE (_data=?)
09-09 22:16:03.218  4432  4535 D SQLiteCursor: received count(*) from native_fill_window: 1
09-09 22:16:03.218  4432  4535 D SQLiteQueryBuilder: Performing query: SELECT _id, _data, format, date_modified FROM files WHERE (_data=?)
09-09 22:16:03.220  4432  4535 D SQLiteCursor: received count(*) from native_fill_window: 1
09-09 22:16:03.220  4432  4535 D SQLiteQueryBuilder: Performing query: SELECT _id, _data, format, date_modified FROM files WHERE (_data=?)
09-09 22:16:03.222  4432  4535 D SQLiteCursor: received count(*) from native_fill_window: 1
09-09 22:16:03.223  4432  4535 D SQLiteQueryBuilder: Performing query: SELECT _id, _data, format, date_modified FROM files WHERE (_data=?)
09-09 22:16:03.224  4432  4535 D SQLiteCursor: received count(*) from native_fill_window: 1
09-09 22:16:03.225  4432  4535 D SQLiteQueryBuilder: Performing query: SELECT _id, _data, format, date_modified FROM files WHERE (_data=?)
09-09 22:16:03.226  4432  4535 D SQLiteCursor: received count(*) from native_fill_window: 1
09-09 22:16:03.227  4432  4535 D SQLiteQueryBuilder: Performing query: SELECT _id, _data, format, date_modified FROM files WHERE (_data=?)
09-09 22:16:03.228  4432  4535 D SQLiteCursor: received count(*) from native_fill_window: 1
09-09 22:16:03.229  4432  4535 D SQLiteQueryBuilder: Performing query: SELECT _id, _data, format, date_modified FROM files WHERE (_data=?)
09-09 22:16:03.230  4432  4535 D SQLiteCursor: received count(*) from native_fill_window: 1
09-09 22:16:03.231  4432  4535 D SQLiteQueryBuilder: Performing query: SELECT _id, _data, format, date_modified FROM files WHERE (_data=?)
09-09 22:16:03.233  4432  4535 D SQLiteCursor: received count(*) from native_fill_window: 1
09-09 22:16:03.233  4432  4535 D SQLiteQueryBuilder: Performing query: SELECT _id, _data, format, date_modified FROM files WHERE (_data=?)
09-09 22:16:03.235  4432  4535 D SQLiteCursor: received count(*) from native_fill_window: 1
09-09 22:16:03.236  4432  4535 D SQLiteQueryBuilder: Performing query: SELECT _id, _data, format, date_modified FROM files WHERE (_data=?)
09-09 22:16:03.237  4432  4535 D SQLiteCursor: received count(*) from native_fill_window: 1
09-09 22:16:03.238  4432  4535 D SQLiteQueryBuilder: Performing query: SELECT _id, _data, format, date_modified FROM files WHERE (_data=?)
09-09 22:16:03.239  4432  4535 D SQLiteCursor: received count(*) from native_fill_window: 1
09-09 22:16:03.240  4432  4535 D SQLiteQueryBuilder: Performing query: SELECT _id, _data, format, date_modified FROM files WHERE (_data=?)
09-09 22:16:03.241  4432  4535 D SQLiteCursor: received count(*) from native_fill_window: 1
09-09 22:16:03.242  4432  4535 D SQLiteQueryBuilder: Performing query: SELECT _id, _data, format, date_modified FROM files WHERE (_data=?)
09-09 22:16:03.243  4432  4535 D SQLiteCursor: received count(*) from native_fill_window: 1
09-09 22:16:03.244  4432  4535 D SQLiteQueryBuilder: Performing query: SELECT _id, _data, format, date_modified FROM files WHERE (_data=?)
09-09 22:16:03.245  4432  4535 D SQLiteCursor: received count(*) from native_fill_window: 1
09-09 22:16:03.246  4432  4535 D SQLiteQueryBuilder: Performing query: SELECT _id, _data, format, date_modified FROM files WHERE (_data=?)
09-09 22:16:03.247  4432  4535 D SQLiteCursor: received count(*) from native_fill_window: 1
09-09 22:16:03.248  4432  4535 D SQLiteQueryBuilder: Performing query: SELECT _id, _data, format, date_modified FROM files WHERE (_data=?)
09-09 22:16:03.249  4432  4535 D SQLiteCursor: received count(*) from native_fill_window: 1
09-09 22:16:03.250  4432  4535 D SQLiteQueryBuilder: Performing query: SELECT _id, _data, format, date_modified FROM files WHERE (_data=?)
09-09 22:16:03.252  4432  4535 D SQLiteCursor: received count(*) from native_fill_window: 1
09-09 22:16:03.252  4432  4535 D SQLiteQueryBuilder: Performing query: SELECT _id, _data, format, date_modified FROM files WHERE (_data=?)
09-09 22:16:03.254  4432  4535 D SQLiteCursor: received count(*) from native_fill_window: 1
09-09 22:16:03.254  4432  4535 D SQLiteQueryBuilder: Performing query: SELECT _id, _data, format, date_modified FROM files WHERE (_data=?)
09-09 22:16:03.255  4432  4535 D SQLiteCursor: received count(*) from native_fill_window: 1
09-09 22:16:03.256  4432  4535 D SQLiteQueryBuilder: Performing query: SELECT _id, _data, format, date_modified FROM files WHERE (_data=?)
09-09 22:16:03.257  4432  4535 D SQLiteCursor: received count(*) from native_fill_window: 1
09-09 22:16:03.258  4432  4535 D SQLiteQueryBuilder: Performing query: SELECT _id, _data, format, date_modified FROM files WHERE (_data=?)
09-09 22:16:03.259  4432  4535 D SQLiteCursor: received count(*) from native_fill_window: 1
09-09 22:16:03.259  4432  4535 D SQLiteQueryBuilder: Performing query: SELECT _id, _data, format, date_modified FROM files WHERE (_data=?)
09-09 22:16:03.261  4432  4535 D SQLiteCursor: received count(*) from native_fill_window: 1
09-09 22:16:03.261  4432  4535 D SQLiteQueryBuilder: Performing query: SELECT _id, _data, format, date_modified FROM files WHERE (_data=?)
09-09 22:16:03.262  4432  4535 D SQLiteCursor: received count(*) from native_fill_window: 1
09-09 22:16:03.263  4432  4535 D SQLiteQueryBuilder: Performing query: SELECT _id, _data, format, date_modified FROM files WHERE (_data=?)
09-09 22:16:03.264  4432  4535 D SQLiteCursor: received count(*) from native_fill_window: 1
09-09 22:16:03.265  4432  4535 D SQLiteQueryBuilder: Performing query: SELECT _id, _data, format, date_modified FROM files WHERE (_data=?)
09-09 22:16:03.266  4432  4535 D SQLiteCursor: received count(*) from native_fill_window: 1
09-09 22:16:03.267  4432  4535 D SQLiteQueryBuilder: Performing query: SELECT _id, _data, format, date_modified FROM files WHERE (_data=?)
09-09 22:16:03.268  4432  4535 D SQLiteCursor: received count(*) from native_fill_window: 1
09-09 22:16:03.269  4432  4535 D SQLiteQueryBuilder: Performing query: SELECT _id, _data, format, date_modified FROM files WHERE (_data=?)
09-09 22:16:03.270  4432  4535 D SQLiteCursor: received count(*) from native_fill_window: 1
09-09 22:16:03.271  4432  4535 D SQLiteQueryBuilder: Performing query: SELECT _id, _data, format, date_modified FROM files WHERE (_data=?)
09-09 22:16:03.272  4432  4535 D SQLiteCursor: received count(*) from native_fill_window: 1
09-09 22:16:03.273  4432  4535 D SQLiteQueryBuilder: Performing query: SELECT _id, _data, format, date_modified FROM files WHERE (_data=?)
09-09 22:16:03.274  4432  4535 D SQLiteCursor: received count(*) from native_fill_window: 1
09-09 22:16:03.275  4432  4535 D SQLiteQueryBuilder: Performing query: SELECT _id, _data, format, date_modified FROM files WHERE (_data=?)
09-09 22:16:03.276  4432  4535 D SQLiteCursor: received count(*) from native_fill_window: 1
09-09 22:16:03.277  4432  4535 D SQLiteQueryBuilder: Performing query: SELECT _id, _data, format, date_modified FROM files WHERE (_data=?)
09-09 22:16:03.278  4432  4535 D SQLiteCursor: received count(*) from native_fill_window: 1
09-09 22:16:03.279  4432  4535 D SQLiteQueryBuilder: Performing query: SELECT _id, _data, format, date_modified FROM files WHERE (_data=?)
09-09 22:16:03.280  4432  4535 D SQLiteCursor: received count(*) from native_fill_window: 1
09-09 22:16:03.281  4432  4535 D SQLiteQueryBuilder: Performing query: SELECT _id, _data, format, date_modified FROM files WHERE (_data=?)
09-09 22:16:03.283  4432  4535 D SQLiteCursor: received count(*) from native_fill_window: 1
09-09 22:16:03.284  4432  4535 D SQLiteQueryBuilder: Performing query: SELECT _id, _data, format, date_modified FROM files WHERE (_data=?)
09-09 22:16:03.285  4432  4535 D SQLiteCursor: received count(*) from native_fill_window: 1
09-09 22:16:03.286  4432  4535 D SQLiteQueryBuilder: Performing query: SELECT _id, _data, format, date_modified FROM files WHERE (_data=?)
09-09 22:16:03.287  4432  4535 D SQLiteCursor: received count(*) from native_fill_window: 1
09-09 22:16:03.287  4432  4535 D SQLiteQueryBuilder: Performing query: SELECT _id, _data, format, date_modified FROM files WHERE (_data=?)
09-09 22:16:03.288  4432  4535 D SQLiteCursor: received count(*) from native_fill_window: 1
09-09 22:16:03.289  4432  4535 D SQLiteQueryBuilder: Performing query: SELECT _id, _data, format, date_modified FROM files WHERE (_data=?)
09-09 22:16:03.290  4432  4535 D SQLiteCursor: received count(*) from native_fill_window: 1
09-09 22:16:03.290  4432  4535 D SQLiteQueryBuilder: Performing query: SELECT _id, _data, format, date_modified FROM files WHERE (_data=?)
09-09 22:16:03.291  4432  4535 D SQLiteCursor: received count(*) from native_fill_window: 1
09-09 22:16:03.292  4432  4535 D SQLiteQueryBuilder: Performing query: SELECT _id, _data, format, date_modified FROM files WHERE (_data=?)
09-09 22:16:03.293  4432  4535 D SQLiteCursor: received count(*) from native_fill_window: 1
09-09 22:16:03.293  4432  4535 D SQLiteQueryBuilder: Performing query: SELECT _id, _data, format, date_modified FROM files WHERE (_data=?)
09-09 22:16:03.294  4432  4535 D SQLiteCursor: received count(*) from native_fill_window: 1
09-09 22:16:03.295  4432  4535 D SQLiteQueryBuilder: Performing query: SELECT _id, _data, format, date_modified FROM files WHERE (_data=?)
09-09 22:16:03.295  4432  4535 D SQLiteCursor: received count(*) from native_fill_window: 1
09-09 22:16:03.296  4432  4535 D SQLiteQueryBuilder: Performing query: SELECT _id, _data, format, date_modified FROM files WHERE (_data=?)
09-09 22:16:03.297  4432  4535 D SQLiteCursor: received count(*) from native_fill_window: 1
09-09 22:16:03.298  4432  4535 D SQLiteQueryBuilder: Performing query: SELECT _id, _data, format, date_modified FROM files WHERE (_data=?)
09-09 22:16:03.298  4432  4535 D SQLiteCursor: received count(*) from native_fill_window: 1
09-09 22:16:03.299  4432  4535 D SQLiteQueryBuilder: Performing query: SELECT _id, _data, format, date_modified FROM files WHERE (_data=?)
09-09 22:16:03.301  4432  4535 D SQLiteCursor: received count(*) from native_fill_window: 1
09-09 22:16:03.301  4432  4535 D SQLiteQueryBuilder: Performing query: SELECT _id, _data, format, date_modified FROM files WHERE (_data=?)
09-09 22:16:03.302  4432  4535 D SQLiteCursor: received count(*) from native_fill_window: 1
09-09 22:16:03.303  4432  4535 D SQLiteQueryBuilder: Performing query: SELECT _id, _data, format, date_modified FROM files WHERE (_data=?)
09-09 22:16:03.306  4432  4535 D SQLiteCursor: received count(*) from native_fill_window: 1
09-09 22:16:03.306  4432  4535 D SQLiteQueryBuilder: Performing query: SELECT _id, _data, format, date_modified FROM files WHERE (_data=?)
09-09 22:16:03.308  4432  4535 D SQLiteCursor: received count(*) from native_fill_window: 1
09-09 22:16:03.309  4432  4535 D SQLiteQueryBuilder: Performing query: SELECT _id, _data, format, date_modified FROM files WHERE (_data=?)
09-09 22:16:03.310  4432  4535 D SQLiteCursor: received count(*) from native_fill_window: 1
09-09 22:16:03.311  4432  4535 D SQLiteQueryBuilder: Performing query: SELECT _id, _data, format, date_modified FROM files WHERE (_data=?)
09-09 22:16:03.313  4432  4535 D SQLiteCursor: received count(*) from native_fill_window: 1
09-09 22:16:03.313  4432  4535 D SQLiteQueryBuilder: Performing query: SELECT _id, _data, format, date_modified FROM files WHERE (_data=?)
09-09 22:16:03.315  4432  4535 D SQLiteCursor: received count(*) from native_fill_window: 1
09-09 22:16:03.315  4432  4535 D SQLiteQueryBuilder: Performing query: SELECT _id, _data, format, date_modified FROM files WHERE (_data=?)
09-09 22:16:03.317  4432  4535 D SQLiteCursor: received count(*) from native_fill_window: 1
09-09 22:16:03.319  4432  4535 D SQLiteQueryBuilder: Performing query: SELECT _id, _data, format, date_modified FROM files WHERE (_data=?)
09-09 22:16:03.320  4432  4535 D SQLiteCursor: received count(*) from native_fill_window: 1
09-09 22:16:03.324  4432  4535 D SQLiteQueryBuilder: Performing query: SELECT _id, _data, format, date_modified FROM files WHERE (_data=?)
09-09 22:16:03.327  4432  4535 D SQLiteCursor: received count(*) from native_fill_window: 1
09-09 22:16:03.328  4432  4535 D SQLiteQueryBuilder: Performing query: SELECT _id, _data, format, date_modified FROM files WHERE (_data=?)
09-09 22:16:03.329  4432  4535 D SQLiteCursor: received count(*) from native_fill_window: 1
09-09 22:16:03.330  4432  4535 D SQLiteQueryBuilder: Performing query: SELECT _id, _data, format, date_modified FROM files WHERE (_data=?)
09-09 22:16:03.332  4432  4535 D SQLiteCursor: received count(*) from native_fill_window: 1
09-09 22:16:03.333  4432  4535 D SQLiteQueryBuilder: Performing query: SELECT _id, _data, format, date_modified FROM files WHERE (_data=?)
09-09 22:16:03.334  4432  4535 D SQLiteCursor: received count(*) from native_fill_window: 1
09-09 22:16:03.335  4432  4535 D SQLiteQueryBuilder: Performing query: SELECT _id, _data, format, date_modified FROM files WHERE (_data=?)
09-09 22:16:03.336  4432  4535 D SQLiteCursor: received count(*) from native_fill_window: 1
09-09 22:16:03.337  4432  4535 D SQLiteQueryBuilder: Performing query: SELECT _id, _data, format, date_modified FROM files WHERE (_data=?)
09-09 22:16:03.339  4432  4535 D SQLiteCursor: received count(*) from native_fill_window: 1
09-09 22:16:03.339  4432  4535 D SQLiteQueryBuilder: Performing query: SELECT _id, _data, format, date_modified FROM files WHERE (_data=?)
09-09 22:16:03.339  5240  5240 W AndroidIME: com.google.android.apps.inputmethod.libs.hmm.AbstractHmmEngineFactory: You need to override this method to specify your own downloadable data consumer ID.
09-09 22:16:03.340  5240  5240 I chatty  : uid=10048(u0_a48) com.google.android.apps.inputmethod.zhuyin identical 1 line
09-09 22:16:03.340  5240  5240 W AndroidIME: com.google.android.apps.inputmethod.libs.hmm.AbstractHmmEngineFactory: You need to override this method to specify your own downloadable data consumer ID.
09-09 22:16:03.341  4432  4535 D SQLiteCursor: received count(*) from native_fill_window: 1
09-09 22:16:03.342  4432  4535 D SQLiteQueryBuilder: Performing query: SELECT _id, _data, format, date_modified FROM files WHERE (_data=?)
09-09 22:16:03.343  4432  4535 D SQLiteCursor: received count(*) from native_fill_window: 1
09-09 22:16:03.344  4432  4535 D SQLiteQueryBuilder: Performing query: SELECT _id, _data, format, date_modified FROM files WHERE (_data=?)
09-09 22:16:03.346  4432  4535 D SQLiteCursor: received count(*) from native_fill_window: 1
09-09 22:16:03.346  4432  4535 D SQLiteQueryBuilder: Performing query: SELECT _id, _data, format, date_modified FROM files WHERE (_data=?)
09-09 22:16:03.347  4432  4535 D SQLiteCursor: received count(*) from native_fill_window: 1
09-09 22:16:03.348  4432  4535 D SQLiteQueryBuilder: Performing query: SELECT _id, _data, format, date_modified FROM files WHERE (_data=?)
09-09 22:16:03.350  4432  4535 D SQLiteCursor: received count(*) from native_fill_window: 1
09-09 22:16:03.350  4432  4535 D SQLiteQueryBuilder: Performing query: SELECT _id, _data, format, date_modified FROM files WHERE (_data=?)
09-09 22:16:03.352  4432  4535 D SQLiteCursor: received count(*) from native_fill_window: 1
09-09 22:16:03.353  4432  4535 D SQLiteQueryBuilder: Performing query: SELECT _id, _data, format, date_modified FROM files WHERE (_data=?)
09-09 22:16:03.353  5240  5240 W AndroidIME: com.google.android.apps.inputmethod.libs.hmm.AbstractHmmEngineFactory: You need to override this method to specify your own downloadable data consumer ID.
09-09 22:16:03.353  5240  5240 I chatty  : uid=10048(u0_a48) com.google.android.apps.inputmethod.zhuyin identical 1 line
09-09 22:16:03.354  5240  5240 W AndroidIME: com.google.android.apps.inputmethod.libs.hmm.AbstractHmmEngineFactory: You need to override this method to specify your own downloadable data consumer ID.
09-09 22:16:03.354  4432  4535 D SQLiteCursor: received count(*) from native_fill_window: 1
09-09 22:16:03.355  4432  4535 D SQLiteQueryBuilder: Performing query: SELECT _id, _data, format, date_modified FROM files WHERE (_data=?)
09-09 22:16:03.356  4432  4535 D SQLiteCursor: received count(*) from native_fill_window: 1
09-09 22:16:03.357  4432  4535 D SQLiteQueryBuilder: Performing query: SELECT _id, _data, format, date_modified FROM files WHERE (_data=?)
09-09 22:16:03.358  4432  4535 D SQLiteCursor: received count(*) from native_fill_window: 1
09-09 22:16:03.359  4432  4535 D SQLiteQueryBuilder: Performing query: SELECT _id, _data, format, date_modified FROM files WHERE (_data=?)
09-09 22:16:03.361  4432  4535 D SQLiteCursor: received count(*) from native_fill_window: 1
09-09 22:16:03.362  4432  4535 D SQLiteQueryBuilder: Performing query: SELECT _id, _data, format, date_modified FROM files WHERE (_data=?)
09-09 22:16:03.364  4432  4535 D SQLiteCursor: received count(*) from native_fill_window: 1
09-09 22:16:03.365  4432  4535 D SQLiteQueryBuilder: Performing query: SELECT _id, _data, format, date_modified FROM files WHERE (_data=?)
09-09 22:16:03.367  4432  4535 D SQLiteCursor: received count(*) from native_fill_window: 1
09-09 22:16:03.368  4432  4535 D SQLiteQueryBuilder: Performing query: SELECT _id, _data, format, date_modified FROM files WHERE (_data=?)
09-09 22:16:03.369  4432  4535 D SQLiteCursor: received count(*) from native_fill_window: 1
09-09 22:16:03.370  4432  4535 D SQLiteQueryBuilder: Performing query: SELECT _id, _data, format, date_modified FROM files WHERE (_data=?)
09-09 22:16:03.371  4432  4535 D SQLiteCursor: received count(*) from native_fill_window: 1
09-09 22:16:03.371  4432  4535 D SQLiteQueryBuilder: Performing query: SELECT _id, _data, format, date_modified FROM files WHERE (_data=?)
09-09 22:16:03.372  4432  4535 D SQLiteCursor: received count(*) from native_fill_window: 1
09-09 22:16:03.373  4432  4535 D SQLiteQueryBuilder: Performing query: SELECT _id, _data, format, date_modified FROM files WHERE (_data=?)
09-09 22:16:03.374  4432  4535 D SQLiteCursor: received count(*) from native_fill_window: 1
09-09 22:16:03.375  4432  4535 D SQLiteQueryBuilder: Performing query: SELECT _id, _data, format, date_modified FROM files WHERE (_data=?)
09-09 22:16:03.376  4432  4535 D SQLiteCursor: received count(*) from native_fill_window: 1
09-09 22:16:03.377  4432  4535 D SQLiteQueryBuilder: Performing query: SELECT _id, _data, format, date_modified FROM files WHERE (_data=?)
09-09 22:16:03.378  4432  4535 D SQLiteCursor: received count(*) from native_fill_window: 1
09-09 22:16:03.378  4432  4535 D SQLiteQueryBuilder: Performing query: SELECT _id, _data, format, date_modified FROM files WHERE (_data=?)
09-09 22:16:03.380  4432  4535 D SQLiteCursor: received count(*) from native_fill_window: 1
09-09 22:16:03.380  4432  4535 D SQLiteQueryBuilder: Performing query: SELECT _id, _data, format, date_modified FROM files WHERE (_data=?)
09-09 22:16:03.381  4432  4535 D SQLiteCursor: received count(*) from native_fill_window: 1
09-09 22:16:03.382  4432  4535 D SQLiteQueryBuilder: Performing query: SELECT _id, _data, format, date_modified FROM files WHERE (_data=?)
09-09 22:16:03.383  4432  4535 D SQLiteCursor: received count(*) from native_fill_window: 1
09-09 22:16:03.384  4432  4535 D SQLiteQueryBuilder: Performing query: SELECT _id, _data, format, date_modified FROM files WHERE (_data=?)
09-09 22:16:03.385  4432  4535 D SQLiteCursor: received count(*) from native_fill_window: 1
09-09 22:16:03.386  4432  4535 D SQLiteQueryBuilder: Performing query: SELECT _id, _data, format, date_modified FROM files WHERE (_data=?)
09-09 22:16:03.387  4432  4535 D SQLiteCursor: received count(*) from native_fill_window: 1
09-09 22:16:03.387  4432  4535 D SQLiteQueryBuilder: Performing query: SELECT _id, _data, format, date_modified FROM files WHERE (_data=?)
09-09 22:16:03.389  4432  4535 D SQLiteCursor: received count(*) from native_fill_window: 1
09-09 22:16:03.389  4432  4535 D SQLiteQueryBuilder: Performing query: SELECT _id, _data, format, date_modified FROM files WHERE (_data=?)
09-09 22:16:03.391  4432  4535 D SQLiteCursor: received count(*) from native_fill_window: 1
09-09 22:16:03.391  4432  4535 D SQLiteQueryBuilder: Performing query: SELECT _id, _data, format, date_modified FROM files WHERE (_data=?)
09-09 22:16:03.393  4432  4535 D SQLiteCursor: received count(*) from native_fill_window: 1
09-09 22:16:03.393  4432  4535 D SQLiteQueryBuilder: Performing query: SELECT _id, _data, format, date_modified FROM files WHERE (_data=?)
09-09 22:16:03.394  4432  4535 D SQLiteCursor: received count(*) from native_fill_window: 1
09-09 22:16:03.395  4432  4535 D SQLiteQueryBuilder: Performing query: SELECT _id, _data, format, date_modified FROM files WHERE (_data=?)
09-09 22:16:03.396  4432  4535 D SQLiteCursor: received count(*) from native_fill_window: 1
09-09 22:16:03.397  4432  4535 D SQLiteQueryBuilder: Performing query: SELECT _id, _data, format, date_modified FROM files WHERE (_data=?)
09-09 22:16:03.398  4432  4535 D SQLiteCursor: received count(*) from native_fill_window: 1
09-09 22:16:03.399  4432  4535 D SQLiteQueryBuilder: Performing query: SELECT _id, _data, format, date_modified FROM files WHERE (_data=?)
09-09 22:16:03.400  4432  4535 D SQLiteCursor: received count(*) from native_fill_window: 1
09-09 22:16:03.401  4432  4535 D SQLiteQueryBuilder: Performing query: SELECT _id, _data, format, date_modified FROM files WHERE (_data=?)
09-09 22:16:03.403  4432  4535 D SQLiteCursor: received count(*) from native_fill_window: 1
09-09 22:16:03.403  4432  4535 D SQLiteQueryBuilder: Performing query: SELECT _id, _data, format, date_modified FROM files WHERE (_data=?)
09-09 22:16:03.405  4432  4535 D SQLiteCursor: received count(*) from native_fill_window: 1
09-09 22:16:03.405  4432  4535 D SQLiteQueryBuilder: Performing query: SELECT _id, _data, format, date_modified FROM files WHERE (_data=?)
09-09 22:16:03.406  4432  4535 D SQLiteCursor: received count(*) from native_fill_window: 1
09-09 22:16:03.407  4432  4535 D SQLiteQueryBuilder: Performing query: SELECT _id, _data, format, date_modified FROM files WHERE (_data=?)
09-09 22:16:03.408  4432  4535 D SQLiteCursor: received count(*) from native_fill_window: 1
09-09 22:16:03.409  4432  4535 D SQLiteQueryBuilder: Performing query: SELECT _id, _data, format, date_modified FROM files WHERE (_data=?)
09-09 22:16:03.410  4432  4535 D SQLiteCursor: received count(*) from native_fill_window: 1
09-09 22:16:03.411  4432  4535 D SQLiteQueryBuilder: Performing query: SELECT _id, _data, format, date_modified FROM files WHERE (_data=?)
09-09 22:16:03.412  4432  4535 D SQLiteCursor: received count(*) from native_fill_window: 1
09-09 22:16:03.412  4432  4535 D SQLiteQueryBuilder: Performing query: SELECT _id, _data, format, date_modified FROM files WHERE (_data=?)
09-09 22:16:03.413  4432  4535 D SQLiteCursor: received count(*) from native_fill_window: 1
09-09 22:16:03.414  4432  4535 D SQLiteQueryBuilder: Performing query: SELECT _id, _data, format, date_modified FROM files WHERE (_data=?)
09-09 22:16:03.415  4432  4535 D SQLiteCursor: received count(*) from native_fill_window: 1
09-09 22:16:03.415  4432  4535 D SQLiteQueryBuilder: Performing query: SELECT _id, _data, format, date_modified FROM files WHERE (_data=?)
09-09 22:16:03.418  4432  4535 D SQLiteCursor: received count(*) from native_fill_window: 1
09-09 22:16:03.418  4432  4535 D SQLiteQueryBuilder: Performing query: SELECT _id, _data, format, date_modified FROM files WHERE (_data=?)
09-09 22:16:03.420  4432  4535 D SQLiteCursor: received count(*) from native_fill_window: 1
09-09 22:16:03.421  4432  4535 D SQLiteQueryBuilder: Performing query: SELECT _id, _data, format, date_modified FROM files WHERE (_data=?)
09-09 22:16:03.423  4432  4535 D SQLiteCursor: received count(*) from native_fill_window: 1
09-09 22:16:03.424  4432  4535 D SQLiteQueryBuilder: Performing query: SELECT _id, _data, format, date_modified FROM files WHERE (_data=?)
09-09 22:16:03.426  4432  4535 D SQLiteCursor: received count(*) from native_fill_window: 1
09-09 22:16:03.427  4432  4535 D SQLiteQueryBuilder: Performing query: SELECT _id, _data, format, date_modified FROM files WHERE (_data=?)
09-09 22:16:03.428  4432  4535 D SQLiteCursor: received count(*) from native_fill_window: 1
09-09 22:16:03.429  4432  4535 D SQLiteQueryBuilder: Performing query: SELECT _id, _data, format, date_modified FROM files WHERE (_data=?)
09-09 22:16:03.431  4432  4535 D SQLiteCursor: received count(*) from native_fill_window: 1
09-09 22:16:03.431  4432  4535 D SQLiteQueryBuilder: Performing query: SELECT _id, _data, format, date_modified FROM files WHERE (_data=?)
09-09 22:16:03.433  4432  4535 D SQLiteCursor: received count(*) from native_fill_window: 1
09-09 22:16:03.434  4432  4535 D SQLiteQueryBuilder: Performing query: SELECT _id, _data, format, date_modified FROM files WHERE (_data=?)
09-09 22:16:03.436  4432  4535 D SQLiteCursor: received count(*) from native_fill_window: 1
09-09 22:16:03.437  4432  4535 D SQLiteQueryBuilder: Performing query: SELECT _id, _data, format, date_modified FROM files WHERE (_data=?)
09-09 22:16:03.439  4432  4535 D SQLiteCursor: received count(*) from native_fill_window: 1
09-09 22:16:03.440  4432  4535 D SQLiteQueryBuilder: Performing query: SELECT _id, _data, format, date_modified FROM files WHERE (_data=?)
09-09 22:16:03.442  4432  4535 D SQLiteCursor: received count(*) from native_fill_window: 1
09-09 22:16:03.442  4432  4535 D SQLiteQueryBuilder: Performing query: SELECT _id, _data, format, date_modified FROM files WHERE (_data=?)
09-09 22:16:03.445  4432  4535 D SQLiteCursor: received count(*) from native_fill_window: 1
09-09 22:16:03.446  4432  4535 D SQLiteQueryBuilder: Performing query: SELECT _id, _data, format, date_modified FROM files WHERE (_data=?)
09-09 22:16:03.449  4432  4535 D SQLiteCursor: received count(*) from native_fill_window: 1
09-09 22:16:03.450  4432  4535 D SQLiteQueryBuilder: Performing query: SELECT _id, _data, format, date_modified FROM files WHERE (_data=?)
09-09 22:16:03.452  4432  4535 D SQLiteCursor: received count(*) from native_fill_window: 1
09-09 22:16:03.452  4432  4535 D SQLiteQueryBuilder: Performing query: SELECT _id, _data, format, date_modified FROM files WHERE (_data=?)
09-09 22:16:03.453  4432  4535 D SQLiteCursor: received count(*) from native_fill_window: 1
09-09 22:16:03.456  3719  5192 I ActivityManager: Start proc 5270:com.google.android.apps.mediashell/u0a0 for broadcast com.google.android.apps.mediashell/.AutoStartListener
09-09 22:16:03.457  4432  4535 D SQLiteQueryBuilder: Performing query: SELECT _id, _data, format, date_modified FROM files WHERE (_data=?)
09-09 22:16:03.459  4432  4535 D SQLiteCursor: received count(*) from native_fill_window: 1
09-09 22:16:03.460  4432  4535 D SQLiteQueryBuilder: Performing query: SELECT _id, _data, format, date_modified FROM files WHERE (_data=?)
09-09 22:16:03.461  4432  4535 D SQLiteCursor: received count(*) from native_fill_window: 1
09-09 22:16:03.462  4432  4535 D SQLiteQueryBuilder: Performing query: SELECT _id, _data, format, date_modified FROM files WHERE (_data=?)
09-09 22:16:03.464  4432  4535 D SQLiteCursor: received count(*) from native_fill_window: 1
09-09 22:16:03.465  4432  4535 D SQLiteQueryBuilder: Performing query: SELECT _id, _data, format, date_modified FROM files WHERE (_data=?)
09-09 22:16:03.466  4432  4535 D SQLiteCursor: received count(*) from native_fill_window: 1
09-09 22:16:03.467  4432  4535 D SQLiteQueryBuilder: Performing query: SELECT _id, _data, format, date_modified FROM files WHERE (_data=?)
09-09 22:16:03.469  4432  4535 D SQLiteCursor: received count(*) from native_fill_window: 1
09-09 22:16:03.469  4432  4535 D SQLiteQueryBuilder: Performing query: SELECT _id, _data, format, date_modified FROM files WHERE (_data=?)
09-09 22:16:03.471  4432  4535 D SQLiteCursor: received count(*) from native_fill_window: 1
09-09 22:16:03.472  4432  4535 D SQLiteQueryBuilder: Performing query: SELECT _id, _data, format, date_modified FROM files WHERE (_data=?)
09-09 22:16:03.474  4432  4535 D SQLiteCursor: received count(*) from native_fill_window: 1
09-09 22:16:03.474  4432  4535 D SQLiteQueryBuilder: Performing query: SELECT _id, _data, format, date_modified FROM files WHERE (_data=?)
09-09 22:16:03.476  4432  4535 D SQLiteCursor: received count(*) from native_fill_window: 1
09-09 22:16:03.476  4432  4535 D SQLiteQueryBuilder: Performing query: SELECT _id, _data, format, date_modified FROM files WHERE (_data=?)
09-09 22:16:03.477  4432  4535 D SQLiteCursor: received count(*) from native_fill_window: 1
09-09 22:16:03.481  4432  4535 D SQLiteQueryBuilder: Performing query: SELECT _id, _data, format, date_modified FROM files WHERE (_data=?)
09-09 22:16:03.482  4432  4535 D SQLiteCursor: received count(*) from native_fill_window: 1
09-09 22:16:03.483  4432  4535 D SQLiteQueryBuilder: Performing query: SELECT _id, _data, format, date_modified FROM files WHERE (_data=?)
09-09 22:16:03.484  4432  4535 D SQLiteCursor: received count(*) from native_fill_window: 1
09-09 22:16:03.485  4432  4535 D SQLiteQueryBuilder: Performing query: SELECT _id, _data, format, date_modified FROM files WHERE (_data=?)
09-09 22:16:03.486  4432  4535 D SQLiteCursor: received count(*) from native_fill_window: 1
09-09 22:16:03.486  4432  4535 D SQLiteQueryBuilder: Performing query: SELECT _id, _data, format, date_modified FROM files WHERE (_data=?)
09-09 22:16:03.487  4432  4535 D SQLiteCursor: received count(*) from native_fill_window: 1
09-09 22:16:03.488  4432  4535 D SQLiteQueryBuilder: Performing query: SELECT _id, _data, format, date_modified FROM files WHERE (_data=?)
09-09 22:16:03.490  4432  4535 D SQLiteCursor: received count(*) from native_fill_window: 1
09-09 22:16:03.490  4432  4535 D SQLiteQueryBuilder: Performing query: SELECT _id, _data, format, date_modified FROM files WHERE (_data=?)
09-09 22:16:03.491  4432  4535 D SQLiteCursor: received count(*) from native_fill_window: 1
09-09 22:16:03.492  4432  4535 D SQLiteQueryBuilder: Performing query: SELECT _id, _data, format, date_modified FROM files WHERE (_data=?)
09-09 22:16:03.493  4432  4535 D SQLiteCursor: received count(*) from native_fill_window: 1
09-09 22:16:03.493  4432  4535 D SQLiteQueryBuilder: Performing query: SELECT _id, _data, format, date_modified FROM files WHERE (_data=?)
09-09 22:16:03.496  4432  4535 D SQLiteCursor: received count(*) from native_fill_window: 1
09-09 22:16:03.496  4432  4535 D SQLiteQueryBuilder: Performing query: SELECT _id, _data, format, date_modified FROM files WHERE (_data=?)
09-09 22:16:03.498  4432  4535 D SQLiteCursor: received count(*) from native_fill_window: 1
09-09 22:16:03.498  4432  4535 D SQLiteQueryBuilder: Performing query: SELECT _id, _data, format, date_modified FROM files WHERE (_data=?)
09-09 22:16:03.501  4432  4535 D SQLiteCursor: received count(*) from native_fill_window: 1
09-09 22:16:03.502  4432  4535 D SQLiteQueryBuilder: Performing query: SELECT _id, _data, format, date_modified FROM files WHERE (_data=?)
09-09 22:16:03.504  4432  4535 D SQLiteCursor: received count(*) from native_fill_window: 1
09-09 22:16:03.504  4432  4535 D SQLiteQueryBuilder: Performing query: SELECT _id, _data, format, date_modified FROM files WHERE (_data=?)
09-09 22:16:03.506  4432  4535 D SQLiteCursor: received count(*) from native_fill_window: 1
09-09 22:16:03.506  4432  4535 D SQLiteQueryBuilder: Performing query: SELECT _id, _data, format, date_modified FROM files WHERE (_data=?)
09-09 22:16:03.507  4432  4535 D SQLiteCursor: received count(*) from native_fill_window: 1
09-09 22:16:03.508  4432  4535 D SQLiteQueryBuilder: Performing query: SELECT _id, _data, format, date_modified FROM files WHERE (_data=?)
09-09 22:16:03.510  4432  4535 D SQLiteCursor: received count(*) from native_fill_window: 1
09-09 22:16:03.511  4432  4535 D SQLiteQueryBuilder: Performing query: SELECT _id, _data, format, date_modified FROM files WHERE (_data=?)
09-09 22:16:03.513  4432  4535 D SQLiteCursor: received count(*) from native_fill_window: 1
09-09 22:16:03.514  4432  4535 D SQLiteQueryBuilder: Performing query: SELECT _id, _data, format, date_modified FROM files WHERE (_data=?)
09-09 22:16:03.516  4432  4535 D SQLiteCursor: received count(*) from native_fill_window: 1
09-09 22:16:03.517  4432  4535 D SQLiteQueryBuilder: Performing query: SELECT _id, _data, format, date_modified FROM files WHERE (_data=?)
09-09 22:16:03.519  4432  4535 D SQLiteCursor: received count(*) from native_fill_window: 1
09-09 22:16:03.519  4432  4535 D SQLiteQueryBuilder: Performing query: SELECT _id, _data, format, date_modified FROM files WHERE (_data=?)
09-09 22:16:03.521  4432  4535 D SQLiteCursor: received count(*) from native_fill_window: 1
09-09 22:16:03.522  4432  4535 D SQLiteQueryBuilder: Performing query: SELECT _id, _data, format, date_modified FROM files WHERE (_data=?)
09-09 22:16:03.524  4432  4535 D SQLiteCursor: received count(*) from native_fill_window: 1
09-09 22:16:03.524  4432  4535 D SQLiteQueryBuilder: Performing query: SELECT _id, _data, format, date_modified FROM files WHERE (_data=?)
09-09 22:16:03.526  4432  4535 D SQLiteCursor: received count(*) from native_fill_window: 1
09-09 22:16:03.527  4432  4535 D SQLiteQueryBuilder: Performing query: SELECT _id, _data, format, date_modified FROM files WHERE (_data=?)
09-09 22:16:03.529  4432  4535 D SQLiteCursor: received count(*) from native_fill_window: 1
09-09 22:16:03.530  4432  4535 D SQLiteQueryBuilder: Performing query: SELECT _id, _data, format, date_modified FROM files WHERE (_data=?)
09-09 22:16:03.531  4432  4535 D SQLiteCursor: received count(*) from native_fill_window: 1
09-09 22:16:03.532  4432  4535 D SQLiteQueryBuilder: Performing query: SELECT _id, _data, format, date_modified FROM files WHERE (_data=?)
09-09 22:16:03.534  4432  4535 D SQLiteCursor: received count(*) from native_fill_window: 1
09-09 22:16:03.534  4432  4535 D SQLiteQueryBuilder: Performing query: SELECT _id, _data, format, date_modified FROM files WHERE (_data=?)
09-09 22:16:03.536  4432  4535 D SQLiteCursor: received count(*) from native_fill_window: 1
09-09 22:16:03.537  4432  4535 D SQLiteQueryBuilder: Performing query: SELECT _id, _data, format, date_modified FROM files WHERE (_data=?)
09-09 22:16:03.539  4432  4535 D SQLiteCursor: received count(*) from native_fill_window: 1
09-09 22:16:03.540  4432  4535 D SQLiteQueryBuilder: Performing query: SELECT _id, _data, format, date_modified FROM files WHERE (_data=?)
09-09 22:16:03.540  5114  5263 D SQLiteQueryBuilder: Performing query: SELECT _id, paramname, paramvalue, iswritable, notificationmode FROM tr069table WHERE (paramname='Device.SoftwareModules.DeploymentUnit.6.AdvancedVersion')
09-09 22:16:03.541  5114  5263 D SQLiteCursor: received count(*) from native_fill_window: 0
09-09 22:16:03.542  5114  5263 E ###ADS--- StorageManager: ###ADS: Error record not found for Parameter= Device.SoftwareModules.DeploymentUnit.6.AdvancedVersion
09-09 22:16:03.543  4432  4535 D SQLiteCursor: received count(*) from native_fill_window: 1
09-09 22:16:03.544  4432  4535 D SQLiteQueryBuilder: Performing query: SELECT _id, _data, format, date_modified FROM files WHERE (_data=?)
09-09 22:16:03.544  5114  5263 I DeploymentUnits: UpdateFixedDeploymentPackages :: packageName:com.arris.launcher, Name:ArrisCustomLauncher, version:1.0,strVendor:ARRIS, Description:Default launcher APK from ARRIS
09-09 22:16:03.544  5114  5263 D SQLiteQueryBuilder: Performing query: SELECT _id, paramname, paramvalue, iswritable, notificationmode FROM tr069table WHERE (paramname='Device.SoftwareModules.DeploymentUnit.7.AdvancedVersion')
09-09 22:16:03.547  4432  4535 D SQLiteCursor: received count(*) from native_fill_window: 1
09-09 22:16:03.547  4432  4535 D SQLiteQueryBuilder: Performing query: SELECT _id, _data, format, date_modified FROM files WHERE (_data=?)
09-09 22:16:03.549  5114  5263 D SQLiteCursor: received count(*) from native_fill_window: 0
09-09 22:16:03.550  5114  5263 E ###ADS--- StorageManager: ###ADS: Error record not found for Parameter= Device.SoftwareModules.DeploymentUnit.7.AdvancedVersion
09-09 22:16:03.550  5114  5114 I DiagService:  updateActiveInterface() mDnsEntry=10.164.70.11
09-09 22:16:03.552  5114  5263 D SQLiteQueryBuilder: Performing query: SELECT _id, paramname, paramvalue, iswritable, notificationmode FROM tr069table WHERE (paramname='Device.SoftwareModules.DeploymentUnit.8.AdvancedVersion')
09-09 22:16:03.553  5114  5263 D SQLiteCursor: received count(*) from native_fill_window: 0
09-09 22:16:03.553  5114  5263 E ###ADS--- StorageManager: ###ADS: Error record not found for Parameter= Device.SoftwareModules.DeploymentUnit.8.AdvancedVersion
09-09 22:16:03.554  5114  5263 I DeploymentUnits: UpdateFixedDeploymentPackages :: packageName:, Name:Reserved, version:Reserved,strVendor:Reserved, Description:Reserved
09-09 22:16:03.554  5114  5114 I DiagService:  Starting upnpcd service
09-09 22:16:03.560  4432  4535 D SQLiteCursor: received count(*) from native_fill_window: 1
09-09 22:16:03.561  4432  4535 D SQLiteQueryBuilder: Performing query: SELECT _id, _data, format, date_modified FROM files WHERE (_data=?)
09-09 22:16:03.563  4432  4535 D SQLiteCursor: received count(*) from native_fill_window: 1
09-09 22:16:03.564  4432  4535 D SQLiteQueryBuilder: Performing query: SELECT _id, _data, format, date_modified FROM files WHERE (_data=?)
