09-10 00:44:30.600  4416  5046 D SQLiteQueryBuilder: Performing query: SELECT _id, _data, format, date_modified FROM files WHERE (_data=?)
09-10 00:44:30.603  4416  5046 D SQLiteCursor: received count(*) from native_fill_window: 1
09-10 00:44:30.603  4416  5046 D SQLiteQueryBuilder: Performing query: SELECT _id, _data, format, date_modified FROM files WHERE (_data=?)
09-10 00:44:30.605  4416  5046 D SQLiteCursor: received count(*) from native_fill_window: 1
09-10 00:44:30.610  5030  5087 D SQLiteCursor: received count(*) from native_fill_window: 0
09-10 00:44:30.611  4904  4904 E VC5     : DRM: Trying to open: /dev/dri/card0
09-10 00:44:30.611  4904  4904 E VC5     : DRM: brcmv3d Version 2.0.0 20180313, Broadcom V3D GEM provider
09-10 00:44:30.614  5030  5085 D SQLiteCursor: received count(*) from native_fill_window: 0
09-10 00:44:30.616  5030  5087 D SQLiteCursor: received count(*) from native_fill_window: 0
09-10 00:44:30.619  4904  4904 E VC5     : DRM: No Nexus secure graphics heap available
09-10 00:44:30.622  5060  5082 E VC5     : DRM: Trying to find: /dev/dri/card0
09-10 00:44:30.622  5060  5082 D libEGL  : loaded /vendor/lib/egl/libGLES_nexus.so
09-10 00:44:30.623  5060  5082 E         : init_expose_fences v3d EGL_ANDROID_native_fence_sync extension enabled
09-10 00:44:30.623  4416  5046 D SQLiteQueryBuilder: Performing query: SELECT _id, _data, format, date_modified FROM files WHERE (_data=?)
09-10 00:44:30.631  4416  5046 D SQLiteCursor: received count(*) from native_fill_window: 1
09-10 00:44:30.631  4416  5046 D SQLiteQueryBuilder: Performing query: SELECT _id, _data, format, date_modified FROM files WHERE (_data=?)
09-10 00:44:30.636  5030  5085 D SQLiteQueryBuilder: Performing query: SELECT number, presentation, type, features, date, duration, data_usage, subscription_component_name, subscription_id, add_for_all_users FROM calls WHERE ((((type != 4)) AND (date> ?)) AND ((type != 4)) AND ((phone_account_hidden = 0))) ORDER BY date ASC
09-10 00:44:30.642  4315  4968 D SQLiteCursor: received count(*) from native_fill_window: 1
09-10 00:44:30.664  4650  5059 W zygote  : Verification of com.android.volley.Request mwa.a(com.android.volley.Response$Listener, com.android.volley.Response$ErrorListener) took 272.799ms
09-10 00:44:30.666  5030  5042 D SQLiteQueryBuilder: Performing query: SELECT word, frequency, locale, shortcut FROM words ORDER BY frequency DESC
09-10 00:44:30.668  4416  5046 D SQLiteCursor: received count(*) from native_fill_window: 1
09-10 00:44:30.668  4416  5046 D SQLiteQueryBuilder: Performing query: SELECT _id, _data, format, date_modified FROM files WHERE (_data=?)
09-10 00:44:30.671  4315  4315 D Backup  : [BackupScheduler] Setting backup scheduler enabled=true due to desired state 1
09-10 00:44:30.673  4555  4780 D ConfigContentProvider: query: ContentProviderQuery{uri=content://com.google.android.music.ConfigContent/one-key/0/cTrigger, projection=[Name, Namespace, data_type, string_value, integer_value, long_value, boolean_value], selection=null, selectionArguments=null, sortOrder=null}
09-10 00:44:30.675  4555  4780 D SQLiteCursor: received count(*) from native_fill_window: 0
09-10 00:44:30.676  4315  4315 D Backup  : [BackupScheduler] Setting backup scheduler enabled=true due to desired state 1
09-10 00:44:30.688  4315  4315 I Backup  : [GmsBackupAccountManager] Backup account not found in gmscore.
09-10 00:44:30.692  4555  4780 D AwarenessRouter: 0 new fences
09-10 00:44:30.701  4472  4764 D SQLiteQueryBuilder: Performing query: SELECT * FROM partner WHERE ((name=?))
09-10 00:44:30.704  4472  4764 D SQLiteCursor: received count(*) from native_fill_window: 1
09-10 00:44:30.712  4315  4969 D SQLiteCursor: received count(*) from native_fill_window: 1
09-10 00:44:30.713  5030  5042 D SQLiteCursor: received count(*) from native_fill_window: 0
09-10 00:44:30.714  4416  5046 D SQLiteCursor: received count(*) from native_fill_window: 1
09-10 00:44:30.715  4416  5046 D SQLiteQueryBuilder: Performing query: SELECT _id, _data, format, date_modified FROM files WHERE (_data=?)
09-10 00:44:30.722  4416  5046 D SQLiteCursor: received count(*) from native_fill_window: 1
09-10 00:44:30.722  4416  5046 D SQLiteQueryBuilder: Performing query: SELECT _id, _data, format, date_modified FROM files WHERE (_data=?)
09-10 00:44:30.724  4416  5046 D SQLiteCursor: received count(*) from native_fill_window: 1
09-10 00:44:30.729  4416  5046 D SQLiteQueryBuilder: Performing query: SELECT _id, _data, format, date_modified FROM files WHERE (_data=?)
09-10 00:44:30.730  4416  5046 D SQLiteCursor: received count(*) from native_fill_window: 1
09-10 00:44:30.735  4416  5046 D SQLiteQueryBuilder: Performing query: SELECT _id, _data, format, date_modified FROM files WHERE (_data=?)
09-10 00:44:30.739  4416  5046 D SQLiteCursor: received count(*) from native_fill_window: 1
09-10 00:44:30.743  4416  5046 D SQLiteQueryBuilder: Performing query: SELECT _id, _data, format, date_modified FROM files WHERE (_data=?)
09-10 00:44:30.747  4416  5046 D SQLiteCursor: received count(*) from native_fill_window: 1
09-10 00:44:30.751  4416  5046 D SQLiteQueryBuilder: Performing query: SELECT _id, _data, format, date_modified FROM files WHERE (_data=?)
09-10 00:44:30.755  4650  5059 I zygote  : Deoptimizing java.lang.Object aid.put(java.lang.Object, java.lang.Object) due to JIT inline cache
09-10 00:44:30.758  4416  5046 D SQLiteCursor: received count(*) from native_fill_window: 1
09-10 00:44:30.758  4416  5046 D SQLiteQueryBuilder: Performing query: SELECT _id, _data, format, date_modified FROM files WHERE (_data=?)
09-10 00:44:30.760  4315  5103 D SQLiteCursor: received count(*) from native_fill_window: 1
09-10 00:44:30.762  4416  5046 D SQLiteCursor: received count(*) from native_fill_window: 1
09-10 00:44:30.763  4416  5046 D SQLiteQueryBuilder: Performing query: SELECT _id, _data, format, date_modified FROM files WHERE (_data=?)
09-10 00:44:30.763  4315  4969 I zygote  : Deoptimizing java.lang.Object aent.b() due to JIT inline cache
09-10 00:44:30.765  4416  5046 D SQLiteCursor: received count(*) from native_fill_window: 1
09-10 00:44:30.766  5030  5085 D SQLiteCursor: received count(*) from native_fill_window: 0
09-10 00:44:30.770  4416  5046 D SQLiteQueryBuilder: Performing query: SELECT _id, _data, format, date_modified FROM files WHERE (_data=?)
09-10 00:44:30.774  4416  5046 D SQLiteCursor: received count(*) from native_fill_window: 1
09-10 00:44:30.775  4315  5103 D SQLiteCursor: received count(*) from native_fill_window: 1
09-10 00:44:30.776  4315  5103 D SQLiteCursor: received count(*) from native_fill_window: 0
09-10 00:44:30.784  4416  5046 D SQLiteQueryBuilder: Performing query: SELECT _id, _data, format, date_modified FROM files WHERE (_data=?)
09-10 00:44:30.784  3748  3759 I ActivityManager: Start proc 5108:com.google.android.play.games.ui/u0a54 for service com.google.android.play.games/com.google.android.gms.games.service.PlayGamesBridgeService
09-10 00:44:30.788  4416  5046 D SQLiteCursor: received count(*) from native_fill_window: 1
09-10 00:44:30.789  4416  5046 D SQLiteQueryBuilder: Performing query: SELECT _id, _data, format, date_modified FROM files WHERE (_data=?)
09-10 00:44:30.790  4416  5046 D SQLiteCursor: received count(*) from native_fill_window: 1
09-10 00:44:30.790  4416  5046 D SQLiteQueryBuilder: Performing query: SELECT _id, _data, format, date_modified FROM files WHERE (_data=?)
09-10 00:44:30.791  4416  5046 D SQLiteCursor: received count(*) from native_fill_window: 1
09-10 00:44:30.792  4650  5052 I FA-SVC  : App measurement is starting up, version: 12874
09-10 00:44:30.792  4650  5052 D FA-SVC  : Debug-level message logging enabled
09-10 00:44:30.806  4315  5103 D SQLiteCursor: received count(*) from native_fill_window: 1
09-10 00:44:30.810  5030  5085 D SQLiteCursor: received count(*) from native_fill_window: 0
09-10 00:44:30.818  4315  5103 D SQLiteCursor: received count(*) from native_fill_window: 1
09-10 00:44:30.821  4315  4969 D SQLiteCursor: received count(*) from native_fill_window: 7
09-10 00:44:30.839  3748  3759 D ContextHubService: Added callback, total callbacks 1
09-10 00:44:30.847  3748  4679 D ContextHubService: System supports 0 hubs
09-10 00:44:30.852  4315  4320 I zygote  : Do partial code cache collection, code=62KB, data=58KB
09-10 00:44:30.855  4315  5103 D SQLiteCursor: received count(*) from native_fill_window: 1
09-10 00:44:30.856  4315  5103 I chatty  : uid=10012(u0_a12) highpool[1] identical 1 line
09-10 00:44:30.857  4315  5103 D SQLiteCursor: received count(*) from native_fill_window: 1
09-10 00:44:30.858  4416  5046 D SQLiteQueryBuilder: Performing query: SELECT _id, _data, format, date_modified FROM files WHERE (_data=?)
09-10 00:44:30.859  4416  5046 D SQLiteCursor: received count(*) from native_fill_window: 1
09-10 00:44:30.861  4416  5046 D SQLiteQueryBuilder: Performing query: SELECT _id, _data, format, date_modified FROM files WHERE (_data=?)
09-10 00:44:30.862  4416  5046 D SQLiteCursor: received count(*) from native_fill_window: 1
09-10 00:44:30.863  4416  5046 D SQLiteQueryBuilder: Performing query: SELECT _id, _data, format, date_modified FROM files WHERE (_data=?)
09-10 00:44:30.864  4416  5046 D SQLiteCursor: received count(*) from native_fill_window: 1
09-10 00:44:30.864  4416  5046 D SQLiteQueryBuilder: Performing query: SELECT _id, _data, format, date_modified FROM files WHERE (_data=?)
09-10 00:44:30.865  4416  5046 D SQLiteCursor: received count(*) from native_fill_window: 1
09-10 00:44:30.866  4416  5046 D SQLiteQueryBuilder: Performing query: SELECT _id, _data, format, date_modified FROM files WHERE (_data=?)
09-10 00:44:30.867  4416  5046 D SQLiteCursor: received count(*) from native_fill_window: 1
09-10 00:44:30.868  4416  5046 D SQLiteQueryBuilder: Performing query: SELECT _id, _data, format, date_modified FROM files WHERE (_data=?)
09-10 00:44:30.869  4315  4969 D SQLiteCursor: received count(*) from native_fill_window: 1
09-10 00:44:30.869  4416  5046 D SQLiteCursor: received count(*) from native_fill_window: 1
09-10 00:44:30.870  4416  5046 D SQLiteQueryBuilder: Performing query: SELECT _id, _data, format, date_modified FROM files WHERE (_data=?)
09-10 00:44:30.870  4416  5046 D SQLiteCursor: received count(*) from native_fill_window: 1
09-10 00:44:30.871  4416  5046 D SQLiteQueryBuilder: Performing query: SELECT _id, _data, format, date_modified FROM files WHERE (_data=?)
09-10 00:44:30.872  4416  5046 D SQLiteCursor: received count(*) from native_fill_window: 1
09-10 00:44:30.873  4416  5046 D SQLiteQueryBuilder: Performing query: SELECT _id, _data, format, date_modified FROM files WHERE (_data=?)
09-10 00:44:30.874  4416  5046 D SQLiteCursor: received count(*) from native_fill_window: 1
09-10 00:44:30.874  4416  5046 D SQLiteQueryBuilder: Performing query: SELECT _id, _data, format, date_modified FROM files WHERE (_data=?)
09-10 00:44:30.878  4416  5046 D SQLiteCursor: received count(*) from native_fill_window: 1
09-10 00:44:30.882  4416  5046 D SQLiteQueryBuilder: Performing query: SELECT _id, _data, format, date_modified FROM files WHERE (_data=?)
09-10 00:44:30.886  4315  4315 E ChreGmsCore: Unable to construct RealContextHub.
09-10 00:44:30.886  4315  4315 E ChreGmsCore: java.lang.IllegalStateException: No ContextHubs were found in the platform.
09-10 00:44:30.886  4315  4315 E ChreGmsCore: 	at anyy.<init>(:com.google.android.gms@12874063@12.8.74 (080306-204998136):8)
09-10 00:44:30.886  4315  4315 E ChreGmsCore: 	at anyy.b(:com.google.android.gms@12874063@12.8.74 (080306-204998136):18)
09-10 00:44:30.886  4315  4315 E ChreGmsCore: 	at anyy.a(:com.google.android.gms@12874063@12.8.74 (080306-204998136):1)
09-10 00:44:30.886  4315  4315 E ChreGmsCore: 	at anyh.a(:com.google.android.gms@12874063@12.8.74 (080306-204998136):3)
09-10 00:44:30.886  4315  4315 E ChreGmsCore: 	at agje.<init>(:com.google.android.gms@12874063@12.8.74 (080306-204998136):16)
09-10 00:44:30.886  4315  4315 E ChreGmsCore: 	at agje.<init>(:com.google.android.gms@12874063@12.8.74 (080306-204998136):1)
09-10 00:44:30.886  4315  4315 E ChreGmsCore: 	at agie.<init>(:com.google.android.gms@12874063@12.8.74 (080306-204998136):1)
09-10 00:44:30.886  4315  4315 E ChreGmsCore: 	at agie.<init>(Unknown Source:16)
09-10 00:44:30.886  4315  4315 E ChreGmsCore: 	at agjp.<init>(:com.google.android.gms@12874063@12.8.74 (080306-204998136):6)
09-10 00:44:30.886  4315  4315 E ChreGmsCore: 	at agjp.<init>(:com.google.android.gms@12874063@12.8.74 (080306-204998136):4)
09-10 00:44:30.886  4315  4315 E ChreGmsCore: 	at agjp.a(:com.google.android.gms@12874063@12.8.74 (080306-204998136):4)
09-10 00:44:30.886  4315  4315 E ChreGmsCore: 	at agjo.<init>(Unknown Source:6)
09-10 00:44:30.886  4315  4315 E ChreGmsCore: 	at aglk.<init>(:com.google.android.gms@12874063@12.8.74 (080306-204998136):4)
09-10 00:44:30.886  4315  4315 E ChreGmsCore: 	at com.google.android.location.internal.GoogleLocationManagerChimeraService.onCreate(:com.google.android.gms@12874063@12.8.74 (080306-204998136):4)
09-10 00:44:30.886  4315  4315 E ChreGmsCore: 	at bdt.onCreate(:com.google.android.gms@12874063@12.8.74 (080306-204998136):1)
09-10 00:44:30.886  4315  4315 E ChreGmsCore: 	at hhi.onCreate(:com.google.android.gms@12874063@12.8.74 (080306-204998136):3)
09-10 00:44:30.886  4315  4315 E ChreGmsCore: 	at android.app.ActivityThread.handleCreateService(ActivityThread.java:3404)
09-10 00:44:30.886  4315  4315 E ChreGmsCore: 	at android.app.ActivityThread.-wrap4(Unknown Source:0)
09-10 00:44:30.886  4315  4315 E ChreGmsCore: 	at android.app.ActivityThread$H.handleMessage(ActivityThread.java:1683)
09-10 00:44:30.886  4315  4315 E ChreGmsCore: 	at android.os.Handler.dispatchMessage(Handler.java:105)
09-10 00:44:30.886  4315  4315 E ChreGmsCore: 	at android.os.Looper.loop(Looper.java:164)
09-10 00:44:30.886  4315  4315 E ChreGmsCore: 	at android.app.ActivityThread.main(ActivityThread.java:6541)
09-10 00:44:30.886  4315  4315 E ChreGmsCore: 	at java.lang.reflect.Method.invoke(Native Method)
09-10 00:44:30.886  4315  4315 E ChreGmsCore: 	at com.android.internal.os.Zygote$MethodAndArgsCaller.run(Zygote.java:240)
09-10 00:44:30.886  4315  4315 E ChreGmsCore: 	at com.android.internal.os.ZygoteInit.main(ZygoteInit.java:767)
09-10 00:44:30.888  4315  5103 D SQLiteCursor: received count(*) from native_fill_window: 177
09-10 00:44:30.891  4315  4320 I zygote  : After code cache collection, code=60KB, data=58KB
09-10 00:44:30.891  4315  4320 I zygote  : Increasing code cache capacity to 256KB
09-10 00:44:30.901  5108  5108 W GraphicsEnvironment: driver package 'gfxdriver-bcmstb' not installed
09-10 00:44:30.903  4416  5046 D SQLiteCursor: received count(*) from native_fill_window: 1
09-10 00:44:30.904  4416  5046 D SQLiteQueryBuilder: Performing query: SELECT _id, _data, format, date_modified FROM files WHERE (_data=?)
09-10 00:44:30.914  4416  5046 D SQLiteCursor: received count(*) from native_fill_window: 1
09-10 00:44:30.914  4416  5046 D SQLiteQueryBuilder: Performing query: SELECT _id, _data, format, date_modified FROM files WHERE (_data=?)
09-10 00:44:30.916  4315  5103 D SQLiteCursor: received count(*) from native_fill_window: 59
09-10 00:44:30.923  4416  5046 D SQLiteCursor: received count(*) from native_fill_window: 1
09-10 00:44:30.923  4416  5046 D SQLiteQueryBuilder: Performing query: SELECT _id, _data, format, date_modified FROM files WHERE (_data=?)
09-10 00:44:30.924  4416  5046 D SQLiteCursor: received count(*) from native_fill_window: 1
09-10 00:44:30.934  4416  5046 D SQLiteQueryBuilder: Performing query: SELECT _id, _data, format, date_modified FROM files WHERE (_data=?)
09-10 00:44:30.935  4416  5046 D SQLiteCursor: received count(*) from native_fill_window: 1
09-10 00:44:30.936  4416  5046 D SQLiteQueryBuilder: Performing query: SELECT _id, _data, format, date_modified FROM files WHERE (_data=?)
09-10 00:44:30.940  4416  5046 D SQLiteCursor: received count(*) from native_fill_window: 1
09-10 00:44:30.941  4416  5046 D SQLiteQueryBuilder: Performing query: SELECT _id, _data, format, date_modified FROM files WHERE (_data=?)
09-10 00:44:30.941  4416  5046 D SQLiteCursor: received count(*) from native_fill_window: 1
09-10 00:44:30.952  4416  5046 D SQLiteQueryBuilder: Performing query: SELECT _id, _data, format, date_modified FROM files WHERE (_data=?)
09-10 00:44:30.953  4416  5046 D SQLiteCursor: received count(*) from native_fill_window: 1
09-10 00:44:30.954  4416  5046 D SQLiteQueryBuilder: Performing query: SELECT _id, _data, format, date_modified FROM files WHERE (_data=?)
09-10 00:44:30.954  4416  5046 D SQLiteCursor: received count(*) from native_fill_window: 1
09-10 00:44:30.955  4416  5046 D SQLiteQueryBuilder: Performing query: SELECT _id, _data, format, date_modified FROM files WHERE (_data=?)
09-10 00:44:30.960  4315  5107 D SQLiteCursor: received count(*) from native_fill_window: 0
09-10 00:44:30.965  5108  5126 E VC5     : DRM: Trying to find: /dev/dri/card0
09-10 00:44:30.965  4416  5046 D SQLiteCursor: received count(*) from native_fill_window: 1
09-10 00:44:30.967  4416  5046 D SQLiteQueryBuilder: Performing query: SELECT _id, _data, format, date_modified FROM files WHERE (_data=?)
09-10 00:44:30.967  5108  5126 D libEGL  : loaded /vendor/lib/egl/libGLES_nexus.so
09-10 00:44:30.968  5108  5126 E         : init_expose_fences v3d EGL_ANDROID_native_fence_sync extension enabled
09-10 00:44:30.968  4416  5046 D SQLiteCursor: received count(*) from native_fill_window: 1
09-10 00:44:30.969  4416  5046 D SQLiteQueryBuilder: Performing query: SELECT _id, _data, format, date_modified FROM files WHERE (_data=?)
09-10 00:44:30.971  4416  5046 D SQLiteCursor: received count(*) from native_fill_window: 1
09-10 00:44:30.971  4416  5046 D SQLiteQueryBuilder: Performing query: SELECT _id, _data, format, date_modified FROM files WHERE (_data=?)
09-10 00:44:30.972  4416  5046 D SQLiteCursor: received count(*) from native_fill_window: 1
09-10 00:44:30.974  4416  5046 D SQLiteQueryBuilder: Performing query: SELECT _id, _data, format, date_modified FROM files WHERE (_data=?)
09-10 00:44:30.975  4416  5046 D SQLiteCursor: received count(*) from native_fill_window: 1
09-10 00:44:30.975  4416  5046 D SQLiteQueryBuilder: Performing query: SELECT _id, _data, format, date_modified FROM files WHERE (_data=?)
09-10 00:44:30.978  4416  5046 D SQLiteCursor: received count(*) from native_fill_window: 1
09-10 00:44:30.986  4416  5046 D SQLiteQueryBuilder: Performing query: SELECT _id, _data, format, date_modified FROM files WHERE (_data=?)
09-10 00:44:30.993  4315  5107 D SQLiteCursor: received count(*) from native_fill_window: 0
09-10 00:44:31.010  4416  5046 D SQLiteCursor: received count(*) from native_fill_window: 1
09-10 00:44:31.010  4416  5046 D SQLiteQueryBuilder: Performing query: SELECT _id, _data, format, date_modified FROM files WHERE (_data=?)
09-10 00:44:31.034  4315  4973 D SQLiteCursor: received count(*) from native_fill_window: 1
09-10 00:44:31.036  4315  4973 D SQLiteCursor: received count(*) from native_fill_window: 0
09-10 00:44:31.037  4315  4973 D SQLiteCursor: received count(*) from native_fill_window: 1
09-10 00:44:31.047  5060  5060 D Finsky  : [2] com.google.android.finsky.application.b.c.bq(1392): ProcessName from ActivityManager=com.android.vending
09-10 00:44:31.053  4416  5046 D SQLiteCursor: received count(*) from native_fill_window: 1
09-10 00:44:31.055  4416  5046 D SQLiteQueryBuilder: Performing query: SELECT _id, _data, format, date_modified FROM files WHERE (_data=?)
09-10 00:44:31.056  4416  5046 D SQLiteCursor: received count(*) from native_fill_window: 1
09-10 00:44:31.060  4416  5046 D SQLiteQueryBuilder: Performing query: SELECT _id, _data, format, date_modified FROM files WHERE (_data=?)
09-10 00:44:31.061  4416  5046 D SQLiteCursor: received count(*) from native_fill_window: 1
09-10 00:44:31.062  4416  5046 D SQLiteQueryBuilder: Performing query: SELECT _id, _data, format, date_modified FROM files WHERE (_data=?)
09-10 00:44:31.063  4416  5046 D SQLiteCursor: received count(*) from native_fill_window: 1
09-10 00:44:31.064  4416  5046 D SQLiteQueryBuilder: Performing query: SELECT _id, _data, format, date_modified FROM files WHERE (_data=?)
09-10 00:44:31.065  4416  5046 D SQLiteCursor: received count(*) from native_fill_window: 1
09-10 00:44:31.065  4416  5046 D SQLiteQueryBuilder: Performing query: SELECT _id, _data, format, date_modified FROM files WHERE (_data=?)
09-10 00:44:31.066  4416  5046 D SQLiteCursor: received count(*) from native_fill_window: 1
09-10 00:44:31.067  4416  5046 D SQLiteQueryBuilder: Performing query: SELECT _id, _data, format, date_modified FROM files WHERE (_data=?)
09-10 00:44:31.068  4416  5046 D SQLiteCursor: received count(*) from native_fill_window: 1
09-10 00:44:31.069  4416  5046 D SQLiteQueryBuilder: Performing query: SELECT _id, _data, format, date_modified FROM files WHERE (_data=?)
09-10 00:44:31.070  4416  5046 D SQLiteCursor: received count(*) from native_fill_window: 1
09-10 00:44:31.071  4416  5046 D SQLiteQueryBuilder: Performing query: SELECT _id, _data, format, date_modified FROM files WHERE (_data=?)
09-10 00:44:31.072  4416  5046 D SQLiteCursor: received count(*) from native_fill_window: 1
09-10 00:44:31.072  4416  5046 D SQLiteQueryBuilder: Performing query: SELECT _id, _data, format, date_modified FROM files WHERE (_data=?)
09-10 00:44:31.074  4416  5046 D SQLiteCursor: received count(*) from native_fill_window: 1
09-10 00:44:31.075  4416  5046 D SQLiteQueryBuilder: Performing query: SELECT _id, _data, format, date_modified FROM files WHERE (_data=?)
09-10 00:44:31.075  4416  5046 D SQLiteCursor: received count(*) from native_fill_window: 1
09-10 00:44:31.076  4416  5046 D SQLiteQueryBuilder: Performing query: SELECT _id, _data, format, date_modified FROM files WHERE (_data=?)
09-10 00:44:31.077  4416  5046 D SQLiteCursor: received count(*) from native_fill_window: 1
09-10 00:44:31.079  4416  5046 D SQLiteQueryBuilder: Performing query: SELECT _id, _data, format, date_modified FROM files WHERE (_data=?)
09-10 00:44:31.082  4416  5046 D SQLiteCursor: received count(*) from native_fill_window: 1
09-10 00:44:31.082  4416  5046 D SQLiteQueryBuilder: Performing query: SELECT _id, _data, format, date_modified FROM files WHERE (_data=?)
09-10 00:44:31.083  4416  5046 D SQLiteCursor: received count(*) from native_fill_window: 1
09-10 00:44:31.083  4416  5046 D SQLiteQueryBuilder: Performing query: SELECT _id, _data, format, date_modified FROM files WHERE (_data=?)
09-10 00:44:31.084  4416  5046 D SQLiteCursor: received count(*) from native_fill_window: 1
09-10 00:44:31.085  4416  5046 D SQLiteQueryBuilder: Performing query: SELECT _id, _data, format, date_modified FROM files WHERE (_data=?)
09-10 00:44:31.086  4416  5046 D SQLiteCursor: received count(*) from native_fill_window: 1
09-10 00:44:31.086  4416  5046 D SQLiteQueryBuilder: Performing query: SELECT _id, _data, format, date_modified FROM files WHERE (_data=?)
09-10 00:44:31.087  4416  5046 D SQLiteCursor: received count(*) from native_fill_window: 1
09-10 00:44:31.088  4416  5046 D SQLiteQueryBuilder: Performing query: SELECT _id, _data, format, date_modified FROM files WHERE (_data=?)
09-10 00:44:31.090  4416  5046 D SQLiteCursor: received count(*) from native_fill_window: 1
09-10 00:44:31.091  4416  5046 D SQLiteQueryBuilder: Performing query: SELECT _id, _data, format, date_modified FROM files WHERE (_data=?)
09-10 00:44:31.093  4416  5046 D SQLiteCursor: received count(*) from native_fill_window: 1
09-10 00:44:31.093  4416  5046 D SQLiteQueryBuilder: Performing query: SELECT _id, _data, format, date_modified FROM files WHERE (_data=?)
09-10 00:44:31.094  4416  5046 D SQLiteCursor: received count(*) from native_fill_window: 1
09-10 00:44:31.095  4416  5046 D SQLiteQueryBuilder: Performing query: SELECT _id, _data, format, date_modified FROM files WHERE (_data=?)
09-10 00:44:31.096  4416  5046 D SQLiteCursor: received count(*) from native_fill_window: 1
09-10 00:44:31.096  4416  5046 D SQLiteQueryBuilder: Performing query: SELECT _id, _data, format, date_modified FROM files WHERE (_data=?)
09-10 00:44:31.098  4416  5046 D SQLiteCursor: received count(*) from native_fill_window: 1
09-10 00:44:31.098  4416  5046 D SQLiteQueryBuilder: Performing query: SELECT _id, _data, format, date_modified FROM files WHERE (_data=?)
09-10 00:44:31.099  4416  5046 D SQLiteCursor: received count(*) from native_fill_window: 1
09-10 00:44:31.099  4416  5046 D SQLiteQueryBuilder: Performing query: SELECT _id, _data, format, date_modified FROM files WHERE (_data=?)
09-10 00:44:31.100  4416  5046 D SQLiteCursor: received count(*) from native_fill_window: 1
09-10 00:44:31.100  4416  5046 D SQLiteQueryBuilder: Performing query: SELECT _id, _data, format, date_modified FROM files WHERE (_data=?)
09-10 00:44:31.107  4416  5046 D SQLiteCursor: received count(*) from native_fill_window: 1
09-10 00:44:31.113  4416  5046 D SQLiteQueryBuilder: Performing query: SELECT _id, _data, format, date_modified FROM files WHERE (_data=?)
09-10 00:44:31.114  4416  5046 D SQLiteCursor: received count(*) from native_fill_window: 1
09-10 00:44:31.115  4416  5046 D SQLiteQueryBuilder: Performing query: SELECT _id, _data, format, date_modified FROM files WHERE (_data=?)
09-10 00:44:31.125  4416  5046 D SQLiteCursor: received count(*) from native_fill_window: 1
09-10 00:44:31.125  4416  5046 D SQLiteQueryBuilder: Performing query: SELECT _id, _data, format, date_modified FROM files WHERE (_data=?)
09-10 00:44:31.126  4416  5046 D SQLiteCursor: received count(*) from native_fill_window: 1
09-10 00:44:31.126  4416  5046 D SQLiteQueryBuilder: Performing query: SELECT _id, _data, format, date_modified FROM files WHERE (_data=?)
09-10 00:44:31.127  4416  5046 D SQLiteCursor: received count(*) from native_fill_window: 1
09-10 00:44:31.128  4416  5046 D SQLiteQueryBuilder: Performing query: SELECT _id, _data, format, date_modified FROM files WHERE (_data=?)
09-10 00:44:31.132  4416  5046 D SQLiteCursor: received count(*) from native_fill_window: 1
09-10 00:44:31.133  4416  5046 D SQLiteQueryBuilder: Performing query: SELECT _id, _data, format, date_modified FROM files WHERE (_data=?)
09-10 00:44:31.136  4416  5046 D SQLiteCursor: received count(*) from native_fill_window: 1
09-10 00:44:31.136  4416  5046 D SQLiteQueryBuilder: Performing query: SELECT _id, _data, format, date_modified FROM files WHERE (_data=?)
09-10 00:44:31.152  4315  5107 E wlw     : Phenotype API error. Event a: 218
09-10 00:44:31.152  4315  5107 E wlw     : b <
09-10 00:44:31.152  4315  5107 E wlw     :   a: ""
09-10 00:44:31.152  4315  5107 E wlw     :   b: 0
09-10 00:44:31.152  4315  5107 E wlw     :   c: "GAMES"
09-10 00:44:31.152  4315  5107 E wlw     :   e: ""
09-10 00:44:31.152  4315  5107 E wlw     :   f: ""
09-10 00:44:31.152  4315  5107 E wlw     :   g: 0
09-10 00:44:31.152  4315  5107 E wlw     :   h: 0
09-10 00:44:31.152  4315  5107 E wlw     :   i: ""
09-10 00:44:31.152  4315  5107 E wlw     :   j: 236
09-10 00:44:31.152  4315  5107 E wlw     : >
09-10 00:44:31.152  4315  5107 E wlw     : f: # arfs@13d84319
09-10 00:44:31.152  4315  5107 E wlw     : , EventCode: 6
09-10 00:44:31.152  4315  5107 E wlw     : [CONTEXT service_id=51 ]
09-10 00:44:31.152  4315  5107 E wlw     : wkq: 29505: No config packages for log source, or config package not registered
09-10 00:44:31.152  4315  5107 E wlw     : 	at wmj.a(:com.google.android.gms@12874063@12.8.74 (080306-204998136):72)
09-10 00:44:31.152  4315  5107 E wlw     : 	at wmi.b(:com.google.android.gms@12874063@12.8.74 (080306-204998136):6)
09-10 00:44:31.152  4315  5107 E wlw     : 	at wlw.a(:com.google.android.gms@12874063@12.8.74 (080306-204998136):97)
09-10 00:44:31.152  4315  5107 E wlw     : 	at wlw.a(:com.google.android.gms@12874063@12.8.74 (080306-204998136):91)
09-10 00:44:31.152  4315  5107 E wlw     : 	at mwv.run(:com.google.android.gms@12874063@12.8.74 (080306-204998136):33)
09-10 00:44:31.152  4315  5107 E wlw     : 	at ajvr.run(:com.google.android.gms@12874063@12.8.74 (080306-204998136):2)
09-10 00:44:31.152  4315  5107 E wlw     : 	at jdk.run(:com.google.android.gms@12874063@12.8.74 (080306-204998136):28)
09-10 00:44:31.152  4315  5107 E wlw     : 	at java.util.concurrent.ThreadPoolExecutor.runWorker(ThreadPoolExecutor.java:1162)
09-10 00:44:31.152  4315  5107 E wlw     : 	at java.util.concurrent.ThreadPoolExecutor$Worker.run(ThreadPoolExecutor.java:636)
09-10 00:44:31.152  4315  5107 E wlw     : 	at jjk.run(Unknown Source:7)
09-10 00:44:31.152  4315  5107 E wlw     : 	at java.lang.Thread.run(Thread.java:764)
09-10 00:44:31.154  4315  5107 E AsyncOperation: serviceID=51, operation=GetExperimentTokensOperationCall
09-10 00:44:31.154  4315  5107 E AsyncOperation: OperationException[Status{statusCode=No config packages for log source, or config package not registered, resolution=null}]
09-10 00:44:31.154  4315  5107 E AsyncOperation: 	at wlw.a(:com.google.android.gms@12874063@12.8.74 (080306-204998136):106)
09-10 00:44:31.154  4315  5107 E AsyncOperation: 	at wlw.a(:com.google.android.gms@12874063@12.8.74 (080306-204998136):91)
09-10 00:44:31.154  4315  5107 E AsyncOperation: 	at mwv.run(:com.google.android.gms@12874063@12.8.74 (080306-204998136):33)
09-10 00:44:31.154  4315  5107 E AsyncOperation: 	at ajvr.run(:com.google.android.gms@12874063@12.8.74 (080306-204998136):2)
09-10 00:44:31.154  4315  5107 E AsyncOperation: 	at jdk.run(:com.google.android.gms@12874063@12.8.74 (080306-204998136):28)
09-10 00:44:31.154  4315  5107 E AsyncOperation: 	at java.util.concurrent.ThreadPoolExecutor.runWorker(ThreadPoolExecutor.java:1162)
09-10 00:44:31.154  4315  5107 E AsyncOperation: 	at java.util.concurrent.ThreadPoolExecutor$Worker.run(ThreadPoolExecutor.java:636)
09-10 00:44:31.154  4315  5107 E AsyncOperation: 	at jjk.run(Unknown Source:7)
09-10 00:44:31.154  4315  5107 E AsyncOperation: 	at java.lang.Thread.run(Thread.java:764)
09-10 00:44:31.159  4315  4973 D SQLiteCursor: received count(*) from native_fill_window: 33
09-10 00:44:31.165  4315  4326 I zygote  : Background concurrent copying GC freed 20801(1731KB) AllocSpace objects, 7(140KB) LOS objects, 49% free, 2MB/4MB, paused 9.705ms total 292.692ms
09-10 00:44:31.174  4416  5046 D SQLiteCursor: received count(*) from native_fill_window: 1
09-10 00:44:31.174  4416  5046 D SQLiteQueryBuilder: Performing query: SELECT _id, _data, format, date_modified FROM files WHERE (_data=?)
09-10 00:44:31.183  5030  5078 I ContactLocale: AddressBook Labels [[en]]: […, A, B, C, D, E, F, G, H, I, J, K, L, M, N, O, P, Q, R, S, T, U, V, W, X, Y, Z, Α, Β, Γ, Δ, Ε, Ζ, Η, Θ, Ι, Κ, Λ, Μ, Ν, Ξ, Ο, Π, Ρ, Σ, Τ, Υ, Φ, Χ, Ψ, Ω, …, А, Б, В, Г, Д, Ђ, Е, Є, Ж, З, И, І, Й, Ј, К, Л, Љ, М, Н, Њ, О, П, Р, С, Т, Ћ, У, Ф, Х, Ц, Ч, Џ, Ш, Щ, Ю, Я, …, א, ב, ג, ד, ה, ו, ז, ח, ט, י, כ, ל, מ, נ, ס, ע, פ, צ, ק, ר, ש, ת, …, ا, ب, ت, ث, ج, ح, خ, د, ذ, ر, ز, س, ش, ص, ض, ط, ظ, ع, غ, ف, ق, ك, ل, م, ن, ه, و, ي, …, ก, ข, ฃ, ค, ฅ, ฆ, ง, จ, ฉ, ช, ซ, ฌ, ญ, ฎ, ฏ, ฐ, ฑ, ฒ, ณ, ด, ต, ถ, ท, ธ, น, บ, ป, ผ, ฝ, พ, ฟ, ภ, ม, ย, ร, ฤ, ล, ฦ, ว, ศ, ษ, ส, ห, ฬ, อ, ฮ, …, ㄱ, ㄴ, ㄷ, ㄹ, ㅁ, ㅂ, ㅅ, ㅇ, ㅈ, ㅊ, ㅋ, ㅌ, ㅍ, ㅎ, …, あ, か, さ, た, な, は, ま, や, ら, わ, #, …]
09-10 00:44:31.199  4416  5046 D SQLiteCursor: received count(*) from native_fill_window: 1
09-10 00:44:31.199  4416  5046 D SQLiteQueryBuilder: Performing query: SELECT _id, _data, format, date_modified FROM files WHERE (_data=?)
09-10 00:44:31.215  4416  5046 D SQLiteCursor: received count(*) from native_fill_window: 1
09-10 00:44:31.219  4416  5046 D SQLiteQueryBuilder: Performing query: SELECT _id, _data, format, date_modified FROM files WHERE (_data=?)
09-10 00:44:31.222  4416  5046 D SQLiteCursor: received count(*) from native_fill_window: 1
09-10 00:44:31.222  4416  5046 D SQLiteQueryBuilder: Performing query: SELECT _id, _data, format, date_modified FROM files WHERE (_data=?)
09-10 00:44:31.224  4416  5046 D SQLiteCursor: received count(*) from native_fill_window: 1
09-10 00:44:31.224  4416  5046 D SQLiteQueryBuilder: Performing query: SELECT _id, _data, format, date_modified FROM files WHERE (_data=?)
09-10 00:44:31.225  4416  5046 D SQLiteCursor: received count(*) from native_fill_window: 1
09-10 00:44:31.226  4416  5046 D SQLiteQueryBuilder: Performing query: SELECT _id, _data, format, date_modified FROM files WHERE (_data=?)
09-10 00:44:31.227  4416  5046 D SQLiteCursor: received count(*) from native_fill_window: 1
09-10 00:44:31.228  4416  5046 D SQLiteQueryBuilder: Performing query: SELECT _id, _data, format, date_modified FROM files WHERE (_data=?)
09-10 00:44:31.229  4416  5046 D SQLiteCursor: received count(*) from native_fill_window: 1
09-10 00:44:31.231  4416  5046 D SQLiteQueryBuilder: Performing query: SELECT _id, _data, format, date_modified FROM files WHERE (_data=?)
09-10 00:44:31.237  4416  5046 D SQLiteCursor: received count(*) from native_fill_window: 1
09-10 00:44:31.238  4416  5046 D SQLiteQueryBuilder: Performing query: SELECT _id, _data, format, date_modified FROM files WHERE (_data=?)
09-10 00:44:31.239  4416  5046 D SQLiteCursor: received count(*) from native_fill_window: 1
09-10 00:44:31.240  4416  5046 D SQLiteQueryBuilder: Performing query: SELECT _id, _data, format, date_modified FROM files WHERE (_data=?)
09-10 00:44:31.240  4416  5046 D SQLiteCursor: received count(*) from native_fill_window: 1
09-10 00:44:31.241  4416  5046 D SQLiteQueryBuilder: Performing query: SELECT _id, _data, format, date_modified FROM files WHERE (_data=?)
09-10 00:44:31.242  4416  5046 D SQLiteCursor: received count(*) from native_fill_window: 1
09-10 00:44:31.242  4416  5046 D SQLiteQueryBuilder: Performing query: SELECT _id, _data, format, date_modified FROM files WHERE (_data=?)
09-10 00:44:31.243  4416  5046 D SQLiteCursor: received count(*) from native_fill_window: 1
09-10 00:44:31.244  4416  5046 D SQLiteQueryBuilder: Performing query: SELECT _id, _data, format, date_modified FROM files WHERE (_data=?)
09-10 00:44:31.245  4416  5046 D SQLiteCursor: received count(*) from native_fill_window: 1
09-10 00:44:31.245  4416  5046 D SQLiteQueryBuilder: Performing query: SELECT _id, _data, format, date_modified FROM files WHERE (_data=?)
09-10 00:44:31.248  4416  5046 D SQLiteCursor: received count(*) from native_fill_window: 1
09-10 00:44:31.249  4416  5046 D SQLiteQueryBuilder: Performing query: SELECT _id, _data, format, date_modified FROM files WHERE (_data=?)
09-10 00:44:31.250  4416  5046 D SQLiteCursor: received count(*) from native_fill_window: 1
09-10 00:44:31.250  4416  5046 D SQLiteQueryBuilder: Performing query: SELECT _id, _data, format, date_modified FROM files WHERE (_data=?)
09-10 00:44:31.251  4416  5046 D SQLiteCursor: received count(*) from native_fill_window: 1
09-10 00:44:31.252  4416  5046 D SQLiteQueryBuilder: Performing query: SELECT _id, _data, format, date_modified FROM files WHERE (_data=?)
09-10 00:44:31.252  4315  4969 D SQLiteCursor: received count(*) from native_fill_window: 1
09-10 00:44:31.252  4416  5046 D SQLiteCursor: received count(*) from native_fill_window: 1
09-10 00:44:31.253  4416  5046 D SQLiteQueryBuilder: Performing query: SELECT _id, _data, format, date_modified FROM files WHERE (_data=?)
09-10 00:44:31.254  4416  5046 D SQLiteCursor: received count(*) from native_fill_window: 1
09-10 00:44:31.255  4416  5046 D SQLiteQueryBuilder: Performing query: SELECT _id, _data, format, date_modified FROM files WHERE (_data=?)
09-10 00:44:31.255  4416  5046 D SQLiteCursor: received count(*) from native_fill_window: 1
09-10 00:44:31.255  4315  4969 D SQLiteCursor: received count(*) from native_fill_window: 1
09-10 00:44:31.256  4416  5046 D SQLiteQueryBuilder: Performing query: SELECT _id, _data, format, date_modified FROM files WHERE (_data=?)
09-10 00:44:31.257  4416  5046 D SQLiteCursor: received count(*) from native_fill_window: 1
09-10 00:44:31.258  4416  5046 D SQLiteQueryBuilder: Performing query: SELECT _id, _data, format, date_modified FROM files WHERE (_data=?)
09-10 00:44:31.259  4416  5046 D SQLiteCursor: received count(*) from native_fill_window: 1
09-10 00:44:31.260  4416  5046 D SQLiteQueryBuilder: Performing query: SELECT _id, _data, format, date_modified FROM files WHERE (_data=?)
09-10 00:44:31.260  4416  5046 D SQLiteCursor: received count(*) from native_fill_window: 1
09-10 00:44:31.262  4315  4969 D SQLiteCursor: received count(*) from native_fill_window: 1
09-10 00:44:31.263  4416  5046 D SQLiteQueryBuilder: Performing query: SELECT _id, _data, format, date_modified FROM files WHERE (_data=?)
09-10 00:44:31.264  4416  5046 D SQLiteCursor: received count(*) from native_fill_window: 1
09-10 00:44:31.264  4416  5046 D SQLiteQueryBuilder: Performing query: SELECT _id, _data, format, date_modified FROM files WHERE (_data=?)
09-10 00:44:31.265  4416  5046 D SQLiteCursor: received count(*) from native_fill_window: 1
09-10 00:44:31.266  4416  5046 D SQLiteQueryBuilder: Performing query: SELECT _id, _data, format, date_modified FROM files WHERE (_data=?)
09-10 00:44:31.267  4416  5046 D SQLiteCursor: received count(*) from native_fill_window: 1
09-10 00:44:31.268  4416  5046 D SQLiteQueryBuilder: Performing query: SELECT _id, _data, format, date_modified FROM files WHERE (_data=?)
09-10 00:44:31.269  4416  5046 D SQLiteCursor: received count(*) from native_fill_window: 1
09-10 00:44:31.270  4416  5046 D SQLiteQueryBuilder: Performing query: SELECT _id, _data, format, date_modified FROM files WHERE (_data=?)
09-10 00:44:31.271  5030  5078 D ContactsDatabaseHelper: WAL enabled for profile.db: true
09-10 00:44:31.271  4416  5046 D SQLiteCursor: received count(*) from native_fill_window: 1
09-10 00:44:31.272  4416  5046 D SQLiteQueryBuilder: Performing query: SELECT _id, _data, format, date_modified FROM files WHERE (_data=?)
09-10 00:44:31.273  4315  4969 D SQLiteCursor: received count(*) from native_fill_window: 1
09-10 00:44:31.273  4416  5046 D SQLiteCursor: received count(*) from native_fill_window: 1
09-10 00:44:31.273  4416  5046 W MediaScanner: Error opening directory '/oem/media/', skipping: No such file or directory.
09-10 00:44:31.274  4315  4969 D SQLiteCursor: received count(*) from native_fill_window: 0
09-10 00:44:31.275  4416  5046 D SQLiteCursor: received count(*) from native_fill_window: 1
09-10 00:44:31.275  4315  4969 D SQLiteCursor: received count(*) from native_fill_window: 0
09-10 00:44:31.277  4315  4327 D SQLiteCursor: received count(*) from native_fill_window: 0
09-10 00:44:31.279  4315  5103 D SQLiteCursor: received count(*) from native_fill_window: 0
09-10 00:44:31.285  4315  5139 D SQLiteCursor: received count(*) from native_fill_window: 1
09-10 00:44:31.287  4315  5139 I chatty  : uid=10012(u0_a12) highpool[3] identical 1 line
09-10 00:44:31.288  4315  5139 D SQLiteCursor: received count(*) from native_fill_window: 1
09-10 00:44:31.293  4315  5139 D SQLiteCursor: received count(*) from native_fill_window: 0
09-10 00:44:31.306  4416  5046 D SQLiteCursor: received count(*) from native_fill_window: 0
09-10 00:44:31.307  4416  5046 D SQLiteCursor: received count(*) from native_fill_window: 0
09-10 00:44:31.315  4315  4969 D SQLiteCursor: received count(*) from native_fill_window: 0
09-10 00:44:31.324  4315  4969 D SQLiteCursor: received count(*) from native_fill_window: 1
09-10 00:44:31.330  5108  5132 I PrimesTesting: GserviceFlagsSupplier.get()
09-10 00:44:31.334  5108  5108 I GAv4-SVC: Google Analytics 13.5.89 is starting up.
09-10 00:44:31.349  4315  4315 W Settings: Setting airplane_mode_on has moved from android.provider.Settings.System to android.provider.Settings.Global, returning read-only value.
09-10 00:44:31.367  5030  5078 D SQLiteCursor: received count(*) from native_fill_window: 1
09-10 00:44:31.368  5030  5078 D SQLiteCursor: received count(*) from native_fill_window: 1
09-10 00:44:31.369  4650  5052 D SQLiteCursor: received count(*) from native_fill_window: 1
09-10 00:44:31.370  4650  5052 I chatty  : uid=10012(u0_a12) Measurement Wor identical 1 line
09-10 00:44:31.372  4650  5052 D SQLiteCursor: received count(*) from native_fill_window: 1
09-10 00:44:31.373  5030  5078 D SQLiteCursor: received count(*) from native_fill_window: 2
09-10 00:44:31.373  4650  5052 D SQLiteCursor: received count(*) from native_fill_window: 1
09-10 00:44:31.378  4650  5052 I chatty  : uid=10012(u0_a12) Measurement Wor identical 3 lines
09-10 00:44:31.381  4650  5052 D SQLiteCursor: received count(*) from native_fill_window: 1
09-10 00:44:31.382  5030  5078 D SQLiteCursor: received count(*) from native_fill_window: 1
09-10 00:44:31.382  4650  5052 D SQLiteCursor: received count(*) from native_fill_window: 1
09-10 00:44:31.386  4650  5052 I chatty  : uid=10012(u0_a12) Measurement Wor identical 2 lines
09-10 00:44:31.387  4650  5052 D SQLiteCursor: received count(*) from native_fill_window: 1
09-10 00:44:31.389  5108  5108 D GAv4-SVC: Device AnalyticsService version: 13.5.89
09-10 00:44:31.393  3748  4680 D LocationManagerService: request 2f0a65a passive Request[POWER_NONE passive fastest=0] from com.google.android.gms(10012 foreground [whitelisted])
09-10 00:44:31.393  3748  4680 D LocationManagerService: provider request: passive ProviderRequest[ON interval=0]
09-10 00:44:31.394  5108  5142 E GAv4-SVC: Missing required android.permission.ACCESS_NETWORK_STATE. Google Analytics disabled. See http://goo.gl/8Rd3yj for instructions
09-10 00:44:31.396  5030  5078 D SQLiteCursor: received count(*) from native_fill_window: 1
09-10 00:44:31.397  4315  4315 W ChimeraUtils: Non Chimera context
09-10 00:44:31.398  4315  4315 W ChimeraUtils: Non Chimera context
09-10 00:44:31.403  5030  5078 D SQLiteCursor: received count(*) from native_fill_window: 1
09-10 00:44:31.409  5030  5078 I chatty  : uid=10007(u0_a7) Worker-1 identical 4 lines
09-10 00:44:31.409  5030  5078 D SQLiteCursor: received count(*) from native_fill_window: 1
09-10 00:44:31.411  4416  5046 D SQLiteQueryBuilder: Performing query: SELECT _id, _data, format, date_modified FROM files WHERE (_id>?) ORDER BY _id LIMIT 1000
09-10 00:44:31.411  5108  5142 E GAv4-SVC: Device AnalyticsService not registered! Hits will not be delivered reliably.
09-10 00:44:31.414  5030  5078 D SQLiteCursor: received count(*) from native_fill_window: 0
09-10 00:44:31.428  4416  5046 D SQLiteCursor: received count(*) from native_fill_window: 173
09-10 00:44:31.444  5030  5078 D SQLiteCursor: received count(*) from native_fill_window: 0
09-10 00:44:31.445  4416  5046 D SQLiteQueryBuilder: Performing query: SELECT _id, _data, format, date_modified FROM files WHERE (_id>?) ORDER BY _id LIMIT 1000
09-10 00:44:31.448  5030  5078 D SQLiteCursor: received count(*) from native_fill_window: 0
09-10 00:44:31.450  4650  5052 D SQLiteCursor: received count(*) from native_fill_window: 1
09-10 00:44:31.453  4416  5046 D SQLiteCursor: received count(*) from native_fill_window: 0
09-10 00:44:31.457  4416  5046 D SQLiteQueryBuilder: Performing query: SELECT _id FROM images
09-10 00:44:31.457  5030  5078 D SQLiteCursor: received count(*) from native_fill_window: 0
09-10 00:44:31.466  4416  5046 D SQLiteCursor: received count(*) from native_fill_window: 0
09-10 00:44:31.467  4416  5046 D SQLiteQueryBuilder: Performing query: SELECT _id, _data, format, date_modified FROM files WHERE (_data=?)
09-10 00:44:31.470  4650  5052 D SQLiteCursor: received count(*) from native_fill_window: 1
09-10 00:44:31.472  4650  5052 D SQLiteCursor: received count(*) from native_fill_window: 1
09-10 00:44:31.474  4416  5046 D SQLiteCursor: received count(*) from native_fill_window: 1
09-10 00:44:31.475  4416  5046 D SQLiteQueryBuilder: Performing query: SELECT _id, _data, format, date_modified FROM files WHERE (_data=?)
09-10 00:44:31.476  4416  5046 D SQLiteCursor: received count(*) from native_fill_window: 1
09-10 00:44:31.483  4416  5046 D SQLiteQueryBuilder: Performing query: SELECT _id, _data, format, date_modified FROM files WHERE (_data=?)
09-10 00:44:31.483  4315  4315 D SQLiteCursor: received count(*) from native_fill_window: 1
09-10 00:44:31.487  4416  5046 D SQLiteCursor: received count(*) from native_fill_window: 1
09-10 00:44:31.494  4416  5046 D SQLiteQueryBuilder: Performing query: SELECT _id, _data, format, date_modified FROM files WHERE (_data=?)
09-10 00:44:31.495  4416  5046 D SQLiteCursor: received count(*) from native_fill_window: 1
09-10 00:44:31.495  4416  5046 D SQLiteQueryBuilder: Performing query: SELECT _id, _data, format, date_modified FROM files WHERE (_data=?)
09-10 00:44:31.496  4416  5046 D SQLiteCursor: received count(*) from native_fill_window: 1
09-10 00:44:31.497  4416  5046 D SQLiteQueryBuilder: Performing query: SELECT _id, _data, format, date_modified FROM files WHERE (_data=?)
09-10 00:44:31.498  4416  5046 D SQLiteCursor: received count(*) from native_fill_window: 1
09-10 00:44:31.499  4416  5046 D SQLiteQueryBuilder: Performing query: SELECT _id, _data, format, date_modified FROM files WHERE (_data=?)
09-10 00:44:31.502  4315  4315 D SQLiteCursor: received count(*) from native_fill_window: 0
09-10 00:44:31.504  4315  4315 D SQLiteCursor: received count(*) from native_fill_window: 1
09-10 00:44:31.505  4555  4780 D AwarenessRouter: 0 fences already registered
09-10 00:44:31.506  4416  5046 D SQLiteCursor: received count(*) from native_fill_window: 1
09-10 00:44:31.506  4416  5046 D SQLiteQueryBuilder: Performing query: SELECT _id, _data, format, date_modified FROM files WHERE (_data=?)
09-10 00:44:31.508  4416  5046 D SQLiteCursor: received count(*) from native_fill_window: 1
09-10 00:44:31.508  4416  5046 D SQLiteQueryBuilder: Performing query: SELECT _id, _data, format, date_modified FROM files WHERE (_data=?)
09-10 00:44:31.509  4416  5046 D SQLiteCursor: received count(*) from native_fill_window: 1
09-10 00:44:31.510  4416  5046 D SQLiteQueryBuilder: Performing query: SELECT _id, _data, format, date_modified FROM files WHERE (_data=?)
09-10 00:44:31.511  4416  5046 D SQLiteCursor: received count(*) from native_fill_window: 1
09-10 00:44:31.512  4416  5046 D SQLiteQueryBuilder: Performing query: SELECT _id, _data, format, date_modified FROM files WHERE (_data=?)
09-10 00:44:31.517  4315  4315 D SQLiteCursor: received count(*) from native_fill_window: 16
09-10 00:44:31.527  4315  4315 W SystemServiceRegistry: No service published for: persistent_data_block
09-10 00:44:31.529  4315  4327 D SQLiteCursor: received count(*) from native_fill_window: 1
09-10 00:44:31.533  4416  5046 D SQLiteCursor: received count(*) from native_fill_window: 1
09-10 00:44:31.535  4315  4327 D SQLiteCursor: received count(*) from native_fill_window: 0
09-10 00:44:31.536  4416  5046 D SQLiteQueryBuilder: Performing query: SELECT _id, _data, format, date_modified FROM files WHERE (_data=?)
09-10 00:44:31.538  4315  4327 D SQLiteCursor: received count(*) from native_fill_window: 1
09-10 00:44:31.539  4315  4327 D SQLiteCursor: received count(*) from native_fill_window: 48
09-10 00:44:31.541  4555  4780 D AwarenessRouter: Successfully removed 0 context fences
09-10 00:44:31.542  4315  4969 D SQLiteCursor: received count(*) from native_fill_window: 1
09-10 00:44:31.554  4315  5103 E wlw     : Phenotype API error. Event a: 218
09-10 00:44:31.554  4315  5103 E wlw     : b <
09-10 00:44:31.554  4315  5103 E wlw     :   a: ""
09-10 00:44:31.554  4315  5103 E wlw     :   b: 0
09-10 00:44:31.554  4315  5103 E wlw     :   e: ""
09-10 00:44:31.554  4315  5103 E wlw     :   f: ""
09-10 00:44:31.554  4315  5103 E wlw     :   g: 0
09-10 00:44:31.554  4315  5103 E wlw     :   h: 0
09-10 00:44:31.554  4315  5103 E wlw     :   i: ""
09-10 00:44:31.554  4315  5103 E wlw     :   j: 168
09-10 00:44:31.554  4315  5103 E wlw     : >
09-10 00:44:31.554  4315  5103 E wlw     : f: # arfs@13d84210
09-10 00:44:31.554  4315  5103 E wlw     : , EventCode: 5
09-10 00:44:31.554  4315  5103 E wlw     : [CONTEXT service_id=51 ]
09-10 00:44:31.554  4315  5103 E wlw     : wkq: 29500: Empty (package not registered?) or malformed snapshot token: 
09-10 00:44:31.554  4315  5103 E wlw     : 	at wlz.a(:com.google.android.gms@12874063@12.8.74 (080306-204998136):8)
09-10 00:44:31.554  4315  5103 E wlw     : 	at wly.b(:com.google.android.gms@12874063@12.8.74 (080306-204998136):8)
09-10 00:44:31.554  4315  5103 E wlw     : 	at wlw.a(:com.google.android.gms@12874063@12.8.74 (080306-204998136):97)
09-10 00:44:31.554  4315  5103 E wlw     : 	at wlw.a(:com.google.android.gms@12874063@12.8.74 (080306-204998136):91)
09-10 00:44:31.554  4315  5103 E wlw     : 	at mwv.run(:com.google.android.gms@12874063@12.8.74 (080306-204998136):33)
09-10 00:44:31.554  4315  5103 E wlw     : 	at ajvr.run(:com.google.android.gms@12874063@12.8.74 (080306-204998136):2)
09-10 00:44:31.554  4315  5103 E wlw     : 	at jdk.run(:com.google.android.gms@12874063@12.8.74 (080306-204998136):28)
09-10 00:44:31.554  4315  5103 E wlw     : 	at java.util.concurrent.ThreadPoolExecutor.runWorker(ThreadPoolExecutor.java:1162)
09-10 00:44:31.554  4315  5103 E wlw     : 	at java.util.concurrent.ThreadPoolExecutor$Worker.run(ThreadPoolExecutor.java:636)
09-10 00:44:31.554  4315  5103 E wlw     : 	at jjk.run(Unknown Source:7)
09-10 00:44:31.554  4315  5103 E wlw     : 	at java.lang.Thread.run(Thread.java:764)
09-10 00:44:31.556  4315  5103 E AsyncOperation: serviceID=51, operation=CommitToConfigurationOperationCall
09-10 00:44:31.556  4315  5103 E AsyncOperation: OperationException[Status{statusCode=Empty (package not registered?) or malformed snapshot token: , resolution=null}]
09-10 00:44:31.556  4315  5103 E AsyncOperation: 	at wlw.a(:com.google.android.gms@12874063@12.8.74 (080306-204998136):106)
09-10 00:44:31.556  4315  5103 E AsyncOperation: 	at wlw.a(:com.google.android.gms@12874063@12.8.74 (080306-204998136):91)
09-10 00:44:31.556  4315  5103 E AsyncOperation: 	at mwv.run(:com.google.android.gms@12874063@12.8.74 (080306-204998136):33)
