09-09 22:16:03.565  4432  4535 D SQLiteCursor: received count(*) from native_fill_window: 1
09-09 22:16:03.566  4432  4535 D SQLiteQueryBuilder: Performing query: SELECT _id, _data, format, date_modified FROM files WHERE (_data=?)
09-09 22:16:03.568  4432  4535 D SQLiteCursor: received count(*) from native_fill_window: 1
09-09 22:16:03.568  4432  4535 D SQLiteQueryBuilder: Performing query: SELECT _id, _data, format, date_modified FROM files WHERE (_data=?)
09-09 22:16:03.569  4432  4535 D SQLiteCursor: received count(*) from native_fill_window: 1
09-09 22:16:03.570  4432  4535 D SQLiteQueryBuilder: Performing query: SELECT _id, _data, format, date_modified FROM files WHERE (_data=?)
09-09 22:16:03.572  4432  4535 D SQLiteCursor: received count(*) from native_fill_window: 1
09-09 22:16:03.573  4432  4535 D SQLiteQueryBuilder: Performing query: SELECT _id, _data, format, date_modified FROM files WHERE (_data=?)
09-09 22:16:03.574  4432  4535 D SQLiteCursor: received count(*) from native_fill_window: 1
09-09 22:16:03.575  4432  4535 D SQLiteQueryBuilder: Performing query: SELECT _id, _data, format, date_modified FROM files WHERE (_data=?)
09-09 22:16:03.575  5114  5263 D SQLiteQueryBuilder: Performing query: SELECT _id, paramname, paramvalue, iswritable, notificationmode FROM tr069table WHERE (paramname='Device.SoftwareModules.DeploymentUnit.9.AdvancedVersion')
09-09 22:16:03.576  5114  5263 D SQLiteCursor: received count(*) from native_fill_window: 0
09-09 22:16:03.577  5114  5263 E ###ADS--- StorageManager: ###ADS: Error record not found for Parameter= Device.SoftwareModules.DeploymentUnit.9.AdvancedVersion
09-09 22:16:03.577  4432  4535 D SQLiteCursor: received count(*) from native_fill_window: 1
09-09 22:16:03.577  5114  5263 I DeploymentUnits: UpdateFixedDeploymentPackages :: packageName:, Name:Reserved, version:Reserved,strVendor:Reserved, Description:Reserved
09-09 22:16:03.577  4432  4535 D SQLiteQueryBuilder: Performing query: SELECT _id, _data, format, date_modified FROM files WHERE (_data=?)
09-09 22:16:03.577  5114  5263 D SQLiteQueryBuilder: Performing query: SELECT _id, paramname, paramvalue, iswritable, notificationmode FROM tr069table WHERE (paramname='Device.SoftwareModules.DeploymentUnit.10.AdvancedVersion')
09-09 22:16:03.578  5114  5263 D SQLiteCursor: received count(*) from native_fill_window: 0
09-09 22:16:03.578  5114  5263 E ###ADS--- StorageManager: ###ADS: Error record not found for Parameter= Device.SoftwareModules.DeploymentUnit.10.AdvancedVersion
09-09 22:16:03.579  4432  4535 D SQLiteCursor: received count(*) from native_fill_window: 1
09-09 22:16:03.579  4432  4535 D SQLiteQueryBuilder: Performing query: SELECT _id, _data, format, date_modified FROM files WHERE (_data=?)
09-09 22:16:03.581  4432  4535 D SQLiteCursor: received count(*) from native_fill_window: 1
09-09 22:16:03.582  4432  4535 D SQLiteQueryBuilder: Performing query: SELECT _id, _data, format, date_modified FROM files WHERE (_data=?)
09-09 22:16:03.584  4432  4535 D SQLiteCursor: received count(*) from native_fill_window: 1
09-09 22:16:03.585  4432  4535 D SQLiteQueryBuilder: Performing query: SELECT _id, _data, format, date_modified FROM files WHERE (_data=?)
09-09 22:16:03.586  4432  4535 D SQLiteCursor: received count(*) from native_fill_window: 1
09-09 22:16:03.587  4432  4535 D SQLiteQueryBuilder: Performing query: SELECT _id, _data, format, date_modified FROM files WHERE (_data=?)
09-09 22:16:03.590  4432  4535 D SQLiteCursor: received count(*) from native_fill_window: 1
09-09 22:16:03.592  4432  4535 D SQLiteQueryBuilder: Performing query: SELECT _id, _data, format, date_modified FROM files WHERE (_data=?)
09-09 22:16:03.593  4432  4535 D SQLiteCursor: received count(*) from native_fill_window: 1
09-09 22:16:03.593  4432  4535 D SQLiteQueryBuilder: Performing query: SELECT _id, _data, format, date_modified FROM files WHERE (_data=?)
09-09 22:16:03.594  4432  4535 D SQLiteCursor: received count(*) from native_fill_window: 1
09-09 22:16:03.595  4432  4535 D SQLiteQueryBuilder: Performing query: SELECT _id, _data, format, date_modified FROM files WHERE (_data=?)
09-09 22:16:03.596  4432  4535 D SQLiteCursor: received count(*) from native_fill_window: 1
09-09 22:16:03.596  4432  4535 D SQLiteQueryBuilder: Performing query: SELECT _id, _data, format, date_modified FROM files WHERE (_data=?)
09-09 22:16:03.598  4432  4535 D SQLiteCursor: received count(*) from native_fill_window: 1
09-09 22:16:03.598  4432  4535 D SQLiteQueryBuilder: Performing query: SELECT _id, _data, format, date_modified FROM files WHERE (_data=?)
09-09 22:16:03.599  4432  4535 D SQLiteCursor: received count(*) from native_fill_window: 1
09-09 22:16:03.600  4432  4535 D SQLiteQueryBuilder: Performing query: SELECT _id, _data, format, date_modified FROM files WHERE (_data=?)
09-09 22:16:03.601  4432  4535 D SQLiteCursor: received count(*) from native_fill_window: 1
09-09 22:16:03.602  4432  4535 D SQLiteQueryBuilder: Performing query: SELECT _id, _data, format, date_modified FROM files WHERE (_data=?)
09-09 22:16:03.603  4432  4535 D SQLiteCursor: received count(*) from native_fill_window: 1
09-09 22:16:03.604  4432  4535 D SQLiteQueryBuilder: Performing query: SELECT _id, _data, format, date_modified FROM files WHERE (_data=?)
09-09 22:16:03.607  4432  4535 D SQLiteCursor: received count(*) from native_fill_window: 1
09-09 22:16:03.607  4432  4535 D SQLiteQueryBuilder: Performing query: SELECT _id, _data, format, date_modified FROM files WHERE (_data=?)
09-09 22:16:03.608  4432  4535 D SQLiteCursor: received count(*) from native_fill_window: 1
09-09 22:16:03.609  4432  4535 D SQLiteQueryBuilder: Performing query: SELECT _id, _data, format, date_modified FROM files WHERE (_data=?)
09-09 22:16:03.610  4432  4535 D SQLiteCursor: received count(*) from native_fill_window: 1
09-09 22:16:03.610  4432  4535 D SQLiteQueryBuilder: Performing query: SELECT _id, _data, format, date_modified FROM files WHERE (_data=?)
09-09 22:16:03.611  4432  4535 D SQLiteCursor: received count(*) from native_fill_window: 1
09-09 22:16:03.611  4432  4535 D SQLiteQueryBuilder: Performing query: SELECT _id, _data, format, date_modified FROM files WHERE (_data=?)
09-09 22:16:03.611  4432  4535 D SQLiteCursor: received count(*) from native_fill_window: 1
09-09 22:16:03.612  4432  4535 D SQLiteQueryBuilder: Performing query: SELECT _id, _data, format, date_modified FROM files WHERE (_data=?)
09-09 22:16:03.612  4432  4535 D SQLiteCursor: received count(*) from native_fill_window: 1
09-09 22:16:03.613  4432  4535 D SQLiteQueryBuilder: Performing query: SELECT _id, _data, format, date_modified FROM files WHERE (_data=?)
09-09 22:16:03.613  4432  4535 D SQLiteCursor: received count(*) from native_fill_window: 1
09-09 22:16:03.614  4432  4535 D SQLiteQueryBuilder: Performing query: SELECT _id, _data, format, date_modified FROM files WHERE (_data=?)
09-09 22:16:03.614  4432  4535 D SQLiteCursor: received count(*) from native_fill_window: 1
09-09 22:16:03.615  4432  4535 D SQLiteQueryBuilder: Performing query: SELECT _id, _data, format, date_modified FROM files WHERE (_data=?)
09-09 22:16:03.615  4432  4535 D SQLiteCursor: received count(*) from native_fill_window: 1
09-09 22:16:03.616  4432  4535 D SQLiteQueryBuilder: Performing query: SELECT _id, _data, format, date_modified FROM files WHERE (_data=?)
09-09 22:16:03.616  4432  4535 D SQLiteCursor: received count(*) from native_fill_window: 1
09-09 22:16:03.617  4432  4535 D SQLiteQueryBuilder: Performing query: SELECT _id, _data, format, date_modified FROM files WHERE (_data=?)
09-09 22:16:03.617  4432  4535 D SQLiteCursor: received count(*) from native_fill_window: 1
09-09 22:16:03.618  4432  4535 D SQLiteQueryBuilder: Performing query: SELECT _id, _data, format, date_modified FROM files WHERE (_data=?)
09-09 22:16:03.619  4432  4535 D SQLiteCursor: received count(*) from native_fill_window: 1
09-09 22:16:03.619  4432  4535 D SQLiteQueryBuilder: Performing query: SELECT _id, _data, format, date_modified FROM files WHERE (_data=?)
09-09 22:16:03.620  4432  4535 D SQLiteCursor: received count(*) from native_fill_window: 1
09-09 22:16:03.620  4432  4535 D SQLiteQueryBuilder: Performing query: SELECT _id, _data, format, date_modified FROM files WHERE (_data=?)
09-09 22:16:03.620  4432  4535 D SQLiteCursor: received count(*) from native_fill_window: 1
09-09 22:16:03.621  4432  4535 D SQLiteQueryBuilder: Performing query: SELECT _id, _data, format, date_modified FROM files WHERE (_data=?)
09-09 22:16:03.622  4432  4535 D SQLiteCursor: received count(*) from native_fill_window: 1
09-09 22:16:03.622  4432  4535 D SQLiteQueryBuilder: Performing query: SELECT _id, _data, format, date_modified FROM files WHERE (_data=?)
09-09 22:16:03.623  4432  4535 D SQLiteCursor: received count(*) from native_fill_window: 1
09-09 22:16:03.623  4432  4535 D SQLiteQueryBuilder: Performing query: SELECT _id, _data, format, date_modified FROM files WHERE (_data=?)
09-09 22:16:03.624  4432  4535 D SQLiteCursor: received count(*) from native_fill_window: 1
09-09 22:16:03.624  4432  4535 D SQLiteQueryBuilder: Performing query: SELECT _id, _data, format, date_modified FROM files WHERE (_data=?)
09-09 22:16:03.625  4432  4535 D SQLiteCursor: received count(*) from native_fill_window: 1
09-09 22:16:03.625  4432  4535 D SQLiteQueryBuilder: Performing query: SELECT _id, _data, format, date_modified FROM files WHERE (_data=?)
09-09 22:16:03.626  4432  4535 D SQLiteCursor: received count(*) from native_fill_window: 1
09-09 22:16:03.627  4432  4535 D SQLiteQueryBuilder: Performing query: SELECT _id, _data, format, date_modified FROM files WHERE (_data=?)
09-09 22:16:03.627  5270  5286 E VC5     : DRM: Trying to find: /dev/dri/card0
09-09 22:16:03.628  5270  5286 D libEGL  : loaded /vendor/lib/egl/libGLES_nexus.so
09-09 22:16:03.628  4432  4535 D SQLiteCursor: received count(*) from native_fill_window: 1
09-09 22:16:03.628  5270  5286 E         : init_expose_fences v3d EGL_ANDROID_native_fence_sync extension enabled
09-09 22:16:03.628  4432  4535 D SQLiteQueryBuilder: Performing query: SELECT _id, _data, format, date_modified FROM files WHERE (_data=?)
09-09 22:16:03.629  4432  4535 D SQLiteCursor: received count(*) from native_fill_window: 1
09-09 22:16:03.630  4432  4535 D SQLiteQueryBuilder: Performing query: SELECT _id, _data, format, date_modified FROM files WHERE (_data=?)
09-09 22:16:03.631  4432  4535 D SQLiteCursor: received count(*) from native_fill_window: 1
09-09 22:16:03.631  4432  4535 D SQLiteQueryBuilder: Performing query: SELECT _id, _data, format, date_modified FROM files WHERE (_data=?)
09-09 22:16:03.632  4432  4535 D SQLiteCursor: received count(*) from native_fill_window: 1
09-09 22:16:03.633  4432  4535 D SQLiteQueryBuilder: Performing query: SELECT _id, _data, format, date_modified FROM files WHERE (_data=?)
09-09 22:16:03.634  4432  4535 D SQLiteCursor: received count(*) from native_fill_window: 1
09-09 22:16:03.634  4432  4535 D SQLiteQueryBuilder: Performing query: SELECT _id, _data, format, date_modified FROM files WHERE (_data=?)
09-09 22:16:03.635  4432  4535 D SQLiteCursor: received count(*) from native_fill_window: 1
09-09 22:16:03.635  4432  4535 D SQLiteQueryBuilder: Performing query: SELECT _id, _data, format, date_modified FROM files WHERE (_data=?)
09-09 22:16:03.636  4432  4535 D SQLiteCursor: received count(*) from native_fill_window: 1
09-09 22:16:03.636  4432  4535 D SQLiteQueryBuilder: Performing query: SELECT _id, _data, format, date_modified FROM files WHERE (_data=?)
09-09 22:16:03.637  4432  4535 D SQLiteCursor: received count(*) from native_fill_window: 1
09-09 22:16:03.638  4432  4535 D SQLiteQueryBuilder: Performing query: SELECT _id, _data, format, date_modified FROM files WHERE (_data=?)
09-09 22:16:03.639  4432  4535 D SQLiteCursor: received count(*) from native_fill_window: 1
09-09 22:16:03.639  4432  4535 D SQLiteQueryBuilder: Performing query: SELECT _id, _data, format, date_modified FROM files WHERE (_data=?)
09-09 22:16:03.640  4432  4535 D SQLiteCursor: received count(*) from native_fill_window: 1
09-09 22:16:03.640  4432  4535 D SQLiteQueryBuilder: Performing query: SELECT _id, _data, format, date_modified FROM files WHERE (_data=?)
09-09 22:16:03.641  4432  4535 D SQLiteCursor: received count(*) from native_fill_window: 1
09-09 22:16:03.641  4432  4535 D SQLiteQueryBuilder: Performing query: SELECT _id, _data, format, date_modified FROM files WHERE (_data=?)
09-09 22:16:03.642  4432  4535 D SQLiteCursor: received count(*) from native_fill_window: 1
09-09 22:16:03.643  4432  4535 D SQLiteQueryBuilder: Performing query: SELECT _id, _data, format, date_modified FROM files WHERE (_data=?)
09-09 22:16:03.644  4432  4535 D SQLiteCursor: received count(*) from native_fill_window: 1
09-09 22:16:03.644  4432  4535 D SQLiteQueryBuilder: Performing query: SELECT _id, _data, format, date_modified FROM files WHERE (_data=?)
09-09 22:16:03.645  4432  4535 D SQLiteCursor: received count(*) from native_fill_window: 1
09-09 22:16:03.645  4432  4535 D SQLiteQueryBuilder: Performing query: SELECT _id, _data, format, date_modified FROM files WHERE (_data=?)
09-09 22:16:03.646  4432  4535 D SQLiteCursor: received count(*) from native_fill_window: 1
09-09 22:16:03.646  4432  4535 D SQLiteQueryBuilder: Performing query: SELECT _id, _data, format, date_modified FROM files WHERE (_data=?)
09-09 22:16:03.647  4432  4535 D SQLiteCursor: received count(*) from native_fill_window: 1
09-09 22:16:03.647  4432  4535 D SQLiteQueryBuilder: Performing query: SELECT _id, _data, format, date_modified FROM files WHERE (_data=?)
09-09 22:16:03.648  4432  4535 D SQLiteCursor: received count(*) from native_fill_window: 1
09-09 22:16:03.649  4432  4535 D SQLiteQueryBuilder: Performing query: SELECT _id, _data, format, date_modified FROM files WHERE (_data=?)
09-09 22:16:03.650  4432  4535 D SQLiteCursor: received count(*) from native_fill_window: 1
09-09 22:16:03.650  4432  4535 D SQLiteQueryBuilder: Performing query: SELECT _id, _data, format, date_modified FROM files WHERE (_data=?)
09-09 22:16:03.651  4432  4535 D SQLiteCursor: received count(*) from native_fill_window: 1
09-09 22:16:03.651  4432  4535 D SQLiteQueryBuilder: Performing query: SELECT _id, _data, format, date_modified FROM files WHERE (_data=?)
09-09 22:16:03.652  4432  4535 D SQLiteCursor: received count(*) from native_fill_window: 1
09-09 22:16:03.653  4432  4535 D SQLiteQueryBuilder: Performing query: SELECT _id, _data, format, date_modified FROM files WHERE (_data=?)
09-09 22:16:03.654  4432  4535 D SQLiteCursor: received count(*) from native_fill_window: 1
09-09 22:16:03.654  4432  4535 D SQLiteQueryBuilder: Performing query: SELECT _id, _data, format, date_modified FROM files WHERE (_data=?)
09-09 22:16:03.655  4432  4535 D SQLiteCursor: received count(*) from native_fill_window: 1
09-09 22:16:03.656  4432  4535 D SQLiteQueryBuilder: Performing query: SELECT _id, _data, format, date_modified FROM files WHERE (_data=?)
09-09 22:16:03.657  4432  4535 D SQLiteCursor: received count(*) from native_fill_window: 1
09-09 22:16:03.657  4432  4535 D SQLiteQueryBuilder: Performing query: SELECT _id, _data, format, date_modified FROM files WHERE (_data=?)
09-09 22:16:03.658  4432  4535 D SQLiteCursor: received count(*) from native_fill_window: 1
09-09 22:16:03.658  4432  4535 D SQLiteQueryBuilder: Performing query: SELECT _id, _data, format, date_modified FROM files WHERE (_data=?)
09-09 22:16:03.659  4432  4535 D SQLiteCursor: received count(*) from native_fill_window: 1
09-09 22:16:03.660  4432  4535 D SQLiteQueryBuilder: Performing query: SELECT _id, _data, format, date_modified FROM files WHERE (_data=?)
09-09 22:16:03.660  4432  4535 D SQLiteCursor: received count(*) from native_fill_window: 1
09-09 22:16:03.661  4432  4535 D SQLiteQueryBuilder: Performing query: SELECT _id, _data, format, date_modified FROM files WHERE (_data=?)
09-09 22:16:03.661  4432  4535 D SQLiteCursor: received count(*) from native_fill_window: 1
09-09 22:16:03.662  4432  4535 D SQLiteQueryBuilder: Performing query: SELECT _id, _data, format, date_modified FROM files WHERE (_data=?)
09-09 22:16:03.663  4432  4535 D SQLiteCursor: received count(*) from native_fill_window: 1
09-09 22:16:03.663  4432  4535 D SQLiteQueryBuilder: Performing query: SELECT _id, _data, format, date_modified FROM files WHERE (_data=?)
09-09 22:16:03.664  4432  4535 D SQLiteCursor: received count(*) from native_fill_window: 1
09-09 22:16:03.664  4432  4535 D SQLiteQueryBuilder: Performing query: SELECT _id, _data, format, date_modified FROM files WHERE (_data=?)
09-09 22:16:03.665  4432  4535 D SQLiteCursor: received count(*) from native_fill_window: 1
09-09 22:16:03.665  4432  4535 D SQLiteQueryBuilder: Performing query: SELECT _id, _data, format, date_modified FROM files WHERE (_data=?)
09-09 22:16:03.666  4432  4535 D SQLiteCursor: received count(*) from native_fill_window: 1
09-09 22:16:03.666  4432  4535 D SQLiteQueryBuilder: Performing query: SELECT _id, _data, format, date_modified FROM files WHERE (_data=?)
09-09 22:16:03.667  4432  4535 D SQLiteCursor: received count(*) from native_fill_window: 1
09-09 22:16:03.668  4432  4535 D SQLiteQueryBuilder: Performing query: SELECT _id, _data, format, date_modified FROM files WHERE (_data=?)
09-09 22:16:03.668  4432  4535 D SQLiteCursor: received count(*) from native_fill_window: 1
09-09 22:16:03.669  4432  4535 D SQLiteQueryBuilder: Performing query: SELECT _id, _data, format, date_modified FROM files WHERE (_data=?)
09-09 22:16:03.669  4432  4535 D SQLiteCursor: received count(*) from native_fill_window: 1
09-09 22:16:03.670  4432  4535 D SQLiteQueryBuilder: Performing query: SELECT _id, _data, format, date_modified FROM files WHERE (_data=?)
09-09 22:16:03.670  4432  4535 D SQLiteCursor: received count(*) from native_fill_window: 1
09-09 22:16:03.671  4432  4535 D SQLiteQueryBuilder: Performing query: SELECT _id, _data, format, date_modified FROM files WHERE (_data=?)
09-09 22:16:03.672  4432  4535 D SQLiteCursor: received count(*) from native_fill_window: 1
09-09 22:16:03.672  4432  4535 D SQLiteQueryBuilder: Performing query: SELECT _id, _data, format, date_modified FROM files WHERE (_data=?)
09-09 22:16:03.673  4432  4535 D SQLiteCursor: received count(*) from native_fill_window: 1
09-09 22:16:03.673  4432  4535 D SQLiteQueryBuilder: Performing query: SELECT _id, _data, format, date_modified FROM files WHERE (_data=?)
09-09 22:16:03.674  4432  4535 D SQLiteCursor: received count(*) from native_fill_window: 1
09-09 22:16:03.674  4432  4535 D SQLiteQueryBuilder: Performing query: SELECT _id, _data, format, date_modified FROM files WHERE (_data=?)
09-09 22:16:03.675  4432  4535 D SQLiteCursor: received count(*) from native_fill_window: 1
09-09 22:16:03.676  4432  4535 D SQLiteQueryBuilder: Performing query: SELECT _id, _data, format, date_modified FROM files WHERE (_data=?)
09-09 22:16:03.677  4432  4535 D SQLiteCursor: received count(*) from native_fill_window: 1
09-09 22:16:03.678  4432  4535 D SQLiteQueryBuilder: Performing query: SELECT _id, _data, format, date_modified FROM files WHERE (_data=?)
09-09 22:16:03.679  4432  4535 D SQLiteCursor: received count(*) from native_fill_window: 1
09-09 22:16:03.680  4432  4535 D SQLiteQueryBuilder: Performing query: SELECT _id, _data, format, date_modified FROM files WHERE (_data=?)
09-09 22:16:03.681  4432  4535 D SQLiteCursor: received count(*) from native_fill_window: 1
09-09 22:16:03.681  4432  4535 D SQLiteQueryBuilder: Performing query: SELECT _id, _data, format, date_modified FROM files WHERE (_data=?)
09-09 22:16:03.682  4432  4535 D SQLiteCursor: received count(*) from native_fill_window: 1
09-09 22:16:03.682  4432  4535 D SQLiteQueryBuilder: Performing query: SELECT _id, _data, format, date_modified FROM files WHERE (_data=?)
09-09 22:16:03.684  4432  4535 D SQLiteCursor: received count(*) from native_fill_window: 1
09-09 22:16:03.684  4432  4535 D SQLiteQueryBuilder: Performing query: SELECT _id, _data, format, date_modified FROM files WHERE (_data=?)
09-09 22:16:03.685  4432  4535 D SQLiteCursor: received count(*) from native_fill_window: 1
09-09 22:16:03.686  4432  4535 D SQLiteQueryBuilder: Performing query: SELECT _id, _data, format, date_modified FROM files WHERE (_data=?)
09-09 22:16:03.687  4432  4535 D SQLiteCursor: received count(*) from native_fill_window: 1
09-09 22:16:03.687  4432  4535 D SQLiteQueryBuilder: Performing query: SELECT _id, _data, format, date_modified FROM files WHERE (_data=?)
09-09 22:16:03.688  4432  4535 D SQLiteCursor: received count(*) from native_fill_window: 1
09-09 22:16:03.689  4432  4535 D SQLiteQueryBuilder: Performing query: SELECT _id, _data, format, date_modified FROM files WHERE (_data=?)
09-09 22:16:03.690  4432  4535 D SQLiteCursor: received count(*) from native_fill_window: 1
09-09 22:16:03.691  4432  4535 D SQLiteQueryBuilder: Performing query: SELECT _id, _data, format, date_modified FROM files WHERE (_data=?)
09-09 22:16:03.692  4432  4535 D SQLiteCursor: received count(*) from native_fill_window: 1
09-09 22:16:03.692  4432  4535 D SQLiteQueryBuilder: Performing query: SELECT _id, _data, format, date_modified FROM files WHERE (_data=?)
09-09 22:16:03.694  4432  4535 D SQLiteCursor: received count(*) from native_fill_window: 1
09-09 22:16:03.695  4432  4535 D SQLiteQueryBuilder: Performing query: SELECT _id, _data, format, date_modified FROM files WHERE (_data=?)
09-09 22:16:03.696  4432  4535 D SQLiteCursor: received count(*) from native_fill_window: 1
09-09 22:16:03.697  4432  4535 D SQLiteQueryBuilder: Performing query: SELECT _id, _data, format, date_modified FROM files WHERE (_data=?)
09-09 22:16:03.698  4432  4535 D SQLiteCursor: received count(*) from native_fill_window: 1
09-09 22:16:03.699  4432  4535 D SQLiteQueryBuilder: Performing query: SELECT _id, _data, format, date_modified FROM files WHERE (_data=?)
09-09 22:16:03.700  4432  4535 D SQLiteCursor: received count(*) from native_fill_window: 1
09-09 22:16:03.701  4432  4535 D SQLiteQueryBuilder: Performing query: SELECT _id, _data, format, date_modified FROM files WHERE (_data=?)
09-09 22:16:03.702  4432  4535 D SQLiteCursor: received count(*) from native_fill_window: 1
09-09 22:16:03.702  4432  4535 D SQLiteQueryBuilder: Performing query: SELECT _id, _data, format, date_modified FROM files WHERE (_data=?)
09-09 22:16:03.703  4432  4535 D SQLiteCursor: received count(*) from native_fill_window: 1
09-09 22:16:03.704  4432  4535 D SQLiteQueryBuilder: Performing query: SELECT _id, _data, format, date_modified FROM files WHERE (_data=?)
09-09 22:16:03.726  5114  5263 D DeploymentUnits: SYSTEM App/UPDATED SYSTEM App - 
09-09 22:16:03.736  5114  5263 I chatty  : uid=1000(system) pool-2-thread-1 identical 15 lines
09-09 22:16:03.737  5114  5263 D DeploymentUnits: SYSTEM App/UPDATED SYSTEM App - 
09-09 22:16:03.737  5114  5263 D DeploymentUnits: SYSTEM App/UPDATED SYSTEM App - 
09-09 22:16:03.738  5114  5263 I chatty  : uid=1000(system) pool-2-thread-1 identical 1 line
09-09 22:16:03.740  5114  5263 D DeploymentUnits: SYSTEM App/UPDATED SYSTEM App - 
09-09 22:16:03.740  4432  4535 D SQLiteCursor: received count(*) from native_fill_window: 1
09-09 22:16:03.741  4432  4535 D SQLiteQueryBuilder: Performing query: SELECT _id, _data, format, date_modified FROM files WHERE (_data=?)
09-09 22:16:03.741  5114  5263 D DeploymentUnits: SYSTEM App/UPDATED SYSTEM App - 
09-09 22:16:03.742  4432  4535 D SQLiteCursor: received count(*) from native_fill_window: 1
09-09 22:16:03.742  4432  4535 D SQLiteQueryBuilder: Performing query: SELECT _id, _data, format, date_modified FROM files WHERE (_data=?)
09-09 22:16:03.743  4432  4535 D SQLiteCursor: received count(*) from native_fill_window: 1
09-09 22:16:03.744  4432  4535 D SQLiteQueryBuilder: Performing query: SELECT _id, _data, format, date_modified FROM files WHERE (_data=?)
09-09 22:16:03.744  5114  5263 D DeploymentUnits: SYSTEM App/UPDATED SYSTEM App - 
09-09 22:16:03.745  4432  4535 D SQLiteCursor: received count(*) from native_fill_window: 1
09-09 22:16:03.745  5114  5263 D DeploymentUnits: SYSTEM App/UPDATED SYSTEM App - 
09-09 22:16:03.745  4432  4535 D SQLiteQueryBuilder: Performing query: SELECT _id, _data, format, date_modified FROM files WHERE (_data=?)
09-09 22:16:03.746  4432  4535 D SQLiteCursor: received count(*) from native_fill_window: 1
09-09 22:16:03.747  5114  5263 D DeploymentUnits: SYSTEM App/UPDATED SYSTEM App - 
09-09 22:16:03.747  4432  4535 D SQLiteQueryBuilder: Performing query: SELECT _id, _data, format, date_modified FROM files WHERE (_data=?)
09-09 22:16:03.748  5114  5263 D DeploymentUnits: SYSTEM App/UPDATED SYSTEM App - 
09-09 22:16:03.748  4432  4535 D SQLiteCursor: received count(*) from native_fill_window: 1
09-09 22:16:03.749  5114  5263 D DeploymentUnits: SYSTEM App/UPDATED SYSTEM App - 
09-09 22:16:03.749  4432  4535 D SQLiteQueryBuilder: Performing query: SELECT _id, _data, format, date_modified FROM files WHERE (_data=?)
09-09 22:16:03.749  5114  5263 D DeploymentUnits: SYSTEM App/UPDATED SYSTEM App - 
09-09 22:16:03.749  5114  5263 D DeploymentUnits: SYSTEM App/UPDATED SYSTEM App - 
09-09 22:16:03.750  4432  4535 D SQLiteCursor: received count(*) from native_fill_window: 1
09-09 22:16:03.750  4432  4535 D SQLiteQueryBuilder: Performing query: SELECT _id, _data, format, date_modified FROM files WHERE (_data=?)
09-09 22:16:03.751  5114  5263 D DeploymentUnits: SYSTEM App/UPDATED SYSTEM App - 
09-09 22:16:03.751  4432  4535 D SQLiteCursor: received count(*) from native_fill_window: 1
09-09 22:16:03.752  4432  4535 D SQLiteQueryBuilder: Performing query: SELECT _id, _data, format, date_modified FROM files WHERE (_data=?)
09-09 22:16:03.753  4432  4535 D SQLiteCursor: received count(*) from native_fill_window: 1
09-09 22:16:03.754  4432  4535 D SQLiteQueryBuilder: Performing query: SELECT _id, _data, format, date_modified FROM files WHERE (_data=?)
09-09 22:16:03.754  5114  5263 D DeploymentUnits: SYSTEM App/UPDATED SYSTEM App - 
09-09 22:16:03.755  4432  4535 D SQLiteCursor: received count(*) from native_fill_window: 1
09-09 22:16:03.755  4432  4535 D SQLiteQueryBuilder: Performing query: SELECT _id, _data, format, date_modified FROM files WHERE (_data=?)
09-09 22:16:03.755  5114  5263 D DeploymentUnits: SYSTEM App/UPDATED SYSTEM App - 
09-09 22:16:03.756  4432  4535 D SQLiteCursor: received count(*) from native_fill_window: 1
09-09 22:16:03.757  4432  4535 D SQLiteQueryBuilder: Performing query: SELECT _id, _data, format, date_modified FROM files WHERE (_data=?)
09-09 22:16:03.758  5114  5263 D DeploymentUnits: SYSTEM App/UPDATED SYSTEM App - 
09-09 22:16:03.758  4432  4535 D SQLiteCursor: received count(*) from native_fill_window: 1
09-09 22:16:03.758  4432  4535 D SQLiteQueryBuilder: Performing query: SELECT _id, _data, format, date_modified FROM files WHERE (_data=?)
09-09 22:16:03.759  4432  4535 D SQLiteCursor: received count(*) from native_fill_window: 1
09-09 22:16:03.760  4432  4535 D SQLiteQueryBuilder: Performing query: SELECT _id, _data, format, date_modified FROM files WHERE (_data=?)
09-09 22:16:03.761  4432  4535 D SQLiteCursor: received count(*) from native_fill_window: 1
09-09 22:16:03.761  5114  5263 D DeploymentUnits: SYSTEM App/UPDATED SYSTEM App - 
09-09 22:16:03.761  4432  4535 D SQLiteQueryBuilder: Performing query: SELECT _id, _data, format, date_modified FROM files WHERE (_data=?)
09-09 22:16:03.762  4432  4535 D SQLiteCursor: received count(*) from native_fill_window: 1
09-09 22:16:03.763  4432  4535 D SQLiteQueryBuilder: Performing query: SELECT _id, _data, format, date_modified FROM files WHERE (_data=?)
09-09 22:16:03.764  4432  4535 D SQLiteCursor: received count(*) from native_fill_window: 1
09-09 22:16:03.764  4432  4535 D SQLiteQueryBuilder: Performing query: SELECT _id, _data, format, date_modified FROM files WHERE (_data=?)
09-09 22:16:03.765  4432  4535 D SQLiteCursor: received count(*) from native_fill_window: 1
09-09 22:16:03.766  4432  4535 D SQLiteQueryBuilder: Performing query: SELECT _id, _data, format, date_modified FROM files WHERE (_data=?)
09-09 22:16:03.767  4432  4535 D SQLiteCursor: received count(*) from native_fill_window: 1
09-09 22:16:03.767  4432  4535 D SQLiteQueryBuilder: Performing query: SELECT _id, _data, format, date_modified FROM files WHERE (_data=?)
09-09 22:16:03.768  4432  4535 D SQLiteCursor: received count(*) from native_fill_window: 1
09-09 22:16:03.769  4432  4535 D SQLiteQueryBuilder: Performing query: SELECT _id, _data, format, date_modified FROM files WHERE (_data=?)
09-09 22:16:03.770  4432  4535 D SQLiteCursor: received count(*) from native_fill_window: 1
09-09 22:16:03.771  4432  4535 D SQLiteQueryBuilder: Performing query: SELECT _id, _data, format, date_modified FROM files WHERE (_data=?)
09-09 22:16:03.772  4432  4535 D SQLiteCursor: received count(*) from native_fill_window: 1
09-09 22:16:03.773  4432  4535 D SQLiteQueryBuilder: Performing query: SELECT _id, _data, format, date_modified FROM files WHERE (_data=?)
09-09 22:16:03.774  4432  4535 D SQLiteCursor: received count(*) from native_fill_window: 1
09-09 22:16:03.774  4432  4535 D SQLiteQueryBuilder: Performing query: SELECT _id, _data, format, date_modified FROM files WHERE (_data=?)
09-09 22:16:03.775  5114  5263 D DeploymentUnits: SYSTEM App/UPDATED SYSTEM App - 
09-09 22:16:03.775  4432  4535 D SQLiteCursor: received count(*) from native_fill_window: 1
09-09 22:16:03.776  4432  4535 D SQLiteQueryBuilder: Performing query: SELECT _id, _data, format, date_modified FROM files WHERE (_data=?)
09-09 22:16:03.776  5114  5263 D DeploymentUnits: SYSTEM App/UPDATED SYSTEM App - 
09-09 22:16:03.777  4432  4535 D SQLiteCursor: received count(*) from native_fill_window: 1
09-09 22:16:03.777  5114  5263 D DeploymentUnits: SYSTEM App/UPDATED SYSTEM App - 
09-09 22:16:03.777  4432  4535 D SQLiteQueryBuilder: Performing query: SELECT _id, _data, format, date_modified FROM files WHERE (_data=?)
09-09 22:16:03.778  5114  5263 D DeploymentUnits: SYSTEM App/UPDATED SYSTEM App - 
09-09 22:16:03.778  4432  4535 D SQLiteCursor: received count(*) from native_fill_window: 1
09-09 22:16:03.779  4432  4535 D SQLiteQueryBuilder: Performing query: SELECT _id, _data, format, date_modified FROM files WHERE (_data=?)
09-09 22:16:03.780  4432  4535 D SQLiteCursor: received count(*) from native_fill_window: 1
09-09 22:16:03.780  4432  4535 D SQLiteQueryBuilder: Performing query: SELECT _id, _data, format, date_modified FROM files WHERE (_data=?)
09-09 22:16:03.781  4432  4535 D SQLiteCursor: received count(*) from native_fill_window: 1
09-09 22:16:03.782  4432  4535 D SQLiteQueryBuilder: Performing query: SELECT _id, _data, format, date_modified FROM files WHERE (_data=?)
09-09 22:16:03.783  4432  4535 D SQLiteCursor: received count(*) from native_fill_window: 1
09-09 22:16:03.783  4432  4535 D SQLiteQueryBuilder: Performing query: SELECT _id, _data, format, date_modified FROM files WHERE (_data=?)
09-09 22:16:03.784  4432  4535 D SQLiteCursor: received count(*) from native_fill_window: 1
09-09 22:16:03.785  4432  4535 D SQLiteQueryBuilder: Performing query: SELECT _id, _data, format, date_modified FROM files WHERE (_data=?)
09-09 22:16:03.786  4432  4535 D SQLiteCursor: received count(*) from native_fill_window: 1
09-09 22:16:03.786  4432  4535 D SQLiteQueryBuilder: Performing query: SELECT _id, _data, format, date_modified FROM files WHERE (_data=?)
09-09 22:16:03.786  5114  5263 D DeploymentUnits: SYSTEM App/UPDATED SYSTEM App - 
09-09 22:16:03.787  4432  4535 D SQLiteCursor: received count(*) from native_fill_window: 1
09-09 22:16:03.787  5114  5263 D DeploymentUnits: SYSTEM App/UPDATED SYSTEM App - 
09-09 22:16:03.788  4432  4535 D SQLiteQueryBuilder: Performing query: SELECT _id, _data, format, date_modified FROM files WHERE (_data=?)
09-09 22:16:03.788  5114  5263 D DeploymentUnits: SYSTEM App/UPDATED SYSTEM App - 
09-09 22:16:03.789  4432  4535 D SQLiteCursor: received count(*) from native_fill_window: 1
09-09 22:16:03.789  5114  5263 D DeploymentUnits: SYSTEM App/UPDATED SYSTEM App - 
09-09 22:16:03.789  4432  4535 D SQLiteQueryBuilder: Performing query: SELECT _id, _data, format, date_modified FROM files WHERE (_data=?)
09-09 22:16:03.789  5114  5263 D DeploymentUnits: SYSTEM App/UPDATED SYSTEM App - 
09-09 22:16:03.790  5114  5263 D DeploymentUnits: SYSTEM App/UPDATED SYSTEM App - 
09-09 22:16:03.790  4432  4535 D SQLiteCursor: received count(*) from native_fill_window: 1
09-09 22:16:03.791  4432  4535 D SQLiteQueryBuilder: Performing query: SELECT _id, _data, format, date_modified FROM files WHERE (_data=?)
09-09 22:16:03.791  5114  5263 D DeploymentUnits: SYSTEM App/UPDATED SYSTEM App - 
09-09 22:16:03.792  4432  4535 D SQLiteCursor: received count(*) from native_fill_window: 1
09-09 22:16:03.792  4432  4535 D SQLiteQueryBuilder: Performing query: SELECT _id, _data, format, date_modified FROM files WHERE (_data=?)
09-09 22:16:03.792  5114  5263 D DeploymentUnits: SYSTEM App/UPDATED SYSTEM App - 
09-09 22:16:03.793  4432  4535 D SQLiteCursor: received count(*) from native_fill_window: 1
09-09 22:16:03.794  4432  4535 D SQLiteQueryBuilder: Performing query: SELECT _id, _data, format, date_modified FROM files WHERE (_data=?)
09-09 22:16:03.794  5114  5263 D DeploymentUnits: SYSTEM App/UPDATED SYSTEM App - 
09-09 22:16:03.796  5114  5263 D DeploymentUnits: SYSTEM App/UPDATED SYSTEM App - 
09-09 22:16:03.796  4432  4535 D SQLiteCursor: received count(*) from native_fill_window: 1
09-09 22:16:03.798  4432  4535 D SQLiteQueryBuilder: Performing query: SELECT _id, _data, format, date_modified FROM files WHERE (_data=?)
09-09 22:16:03.798  5114  5263 D DeploymentUnits: SYSTEM App/UPDATED SYSTEM App - 
09-09 22:16:03.799  5114  5263 D DeploymentUnits: SYSTEM App/UPDATED SYSTEM App - 
09-09 22:16:03.801  4432  4535 D SQLiteCursor: received count(*) from native_fill_window: 1
09-09 22:16:03.802  5114  5263 D DeploymentUnits: SYSTEM App/UPDATED SYSTEM App - 
09-09 22:16:03.802  4432  4535 D SQLiteQueryBuilder: Performing query: SELECT _id, _data, format, date_modified FROM files WHERE (_data=?)
09-09 22:16:03.803  4432  4535 D SQLiteCursor: received count(*) from native_fill_window: 1
09-09 22:16:03.804  4432  4535 D SQLiteQueryBuilder: Performing query: SELECT _id, _data, format, date_modified FROM files WHERE (_data=?)
09-09 22:16:03.806  5114  5263 D DeploymentUnits: SYSTEM App/UPDATED SYSTEM App - 
09-09 22:16:03.808  5114  5263 I chatty  : uid=1000(system) pool-2-thread-1 identical 2 lines
09-09 22:16:03.808  5114  5263 D DeploymentUnits: SYSTEM App/UPDATED SYSTEM App - 
09-09 22:16:03.809  5270  5270 D cr_CastReceiverServiceBase: [CastReceiverServiceBase.java:36] onCreate
09-09 22:16:03.810  5114  5263 D DeploymentUnits: SYSTEM App/UPDATED SYSTEM App - 
09-09 22:16:03.811  4432  4535 D SQLiteCursor: received count(*) from native_fill_window: 1
09-09 22:16:03.813  4432  4535 D SQLiteQueryBuilder: Performing query: SELECT _id, _data, format, date_modified FROM files WHERE (_data=?)
09-09 22:16:03.814  4432  4535 D SQLiteCursor: received count(*) from native_fill_window: 1
09-09 22:16:03.815  4432  4535 D SQLiteQueryBuilder: Performing query: SELECT _id, _data, format, date_modified FROM files WHERE (_data=?)
09-09 22:16:03.816  4432  4535 D SQLiteCursor: received count(*) from native_fill_window: 1
09-09 22:16:03.816  4432  4535 D SQLiteQueryBuilder: Performing query: SELECT _id, _data, format, date_modified FROM files WHERE (_data=?)
09-09 22:16:03.818  4432  4535 D SQLiteCursor: received count(*) from native_fill_window: 1
09-09 22:16:03.819  4432  4535 D SQLiteQueryBuilder: Performing query: SELECT _id, _data, format, date_modified FROM files WHERE (_data=?)
09-09 22:16:03.820  4432  4535 D SQLiteCursor: received count(*) from native_fill_window: 1
09-09 22:16:03.821  4432  4535 D SQLiteQueryBuilder: Performing query: SELECT _id, _data, format, date_modified FROM files WHERE (_data=?)
09-09 22:16:03.822  4432  4535 D SQLiteCursor: received count(*) from native_fill_window: 1
09-09 22:16:03.823  5114  5263 D DeploymentUnits: SYSTEM App/UPDATED SYSTEM App - 
09-09 22:16:03.823  4432  4535 D SQLiteQueryBuilder: Performing query: SELECT _id, _data, format, date_modified FROM files WHERE (_data=?)
09-09 22:16:03.825  4432  4535 D SQLiteCursor: received count(*) from native_fill_window: 1
09-09 22:16:03.825  5114  5263 D DeploymentUnits: SYSTEM App/UPDATED SYSTEM App - 
09-09 22:16:03.825  4432  4535 D SQLiteQueryBuilder: Performing query: SELECT _id, _data, format, date_modified FROM files WHERE (_data=?)
09-09 22:16:03.827  4432  4535 D SQLiteCursor: received count(*) from native_fill_window: 1
09-09 22:16:03.827  4432  4535 D SQLiteQueryBuilder: Performing query: SELECT _id, _data, format, date_modified FROM files WHERE (_data=?)
09-09 22:16:03.829  4432  4535 D SQLiteCursor: received count(*) from native_fill_window: 1
09-09 22:16:03.829  4432  4535 D SQLiteQueryBuilder: Performing query: SELECT _id, _data, format, date_modified FROM files WHERE (_data=?)
09-09 22:16:03.830  5114  5263 D DeploymentUnits: SYSTEM App/UPDATED SYSTEM App - 
09-09 22:16:03.831  4432  4535 D SQLiteCursor: received count(*) from native_fill_window: 1
09-09 22:16:03.832  5114  5263 D DeploymentUnits: SYSTEM App/UPDATED SYSTEM App - 
09-09 22:16:03.834  4432  4535 D SQLiteQueryBuilder: Performing query: SELECT _id, _data, format, date_modified FROM files WHERE (_data=?)
09-09 22:16:03.834  5270  5270 D cr_CastReceiverServiceBase: [CastReceiverServiceBase.java:41] onStartCommand(Intent { cmp=com.google.android.apps.mediashell/.MediaShellCastReceiverService }, 0, 1)
09-09 22:16:03.835  5270  5270 D cr_CastReceiverServiceBase: [CastReceiverServiceBase.java:78] Building and starting cast receiver
09-09 22:16:03.834  5114  5263 D DeploymentUnits: SYSTEM App/UPDATED SYSTEM App - 
09-09 22:16:03.836  3719  4382 I ActivityManager: Start proc 5299:com.google.android.inputmethod.japanese/u0a42 for broadcast com.google.android.inputmethod.japanese/com.google.android.apps.inputmethod.libs.framework.core.LauncherIconVisibilityInitializer
09-09 22:16:03.842  5114  5263 I chatty  : uid=1000(system) pool-2-thread-1 identical 4 lines
09-09 22:16:03.843  5114  5263 D DeploymentUnits: SYSTEM App/UPDATED SYSTEM App - 
09-09 22:16:03.844  4432  4535 D SQLiteCursor: received count(*) from native_fill_window: 1
09-09 22:16:03.844  5114  5263 D DeploymentUnits: SYSTEM App/UPDATED SYSTEM App - 
09-09 22:16:03.844  4432  4535 D SQLiteQueryBuilder: Performing query: SELECT _id, _data, format, date_modified FROM files WHERE (_data=?)
09-09 22:16:03.845  5114  5263 D DeploymentUnits: SYSTEM App/UPDATED SYSTEM App - 
09-09 22:16:03.850  5114  5263 I chatty  : uid=1000(system) pool-2-thread-1 identical 7 lines
09-09 22:16:03.851  5114  5263 D DeploymentUnits: SYSTEM App/UPDATED SYSTEM App - 
09-09 22:16:03.851  4432  4535 D SQLiteCursor: received count(*) from native_fill_window: 1
09-09 22:16:03.853  4432  4535 D SQLiteQueryBuilder: Performing query: SELECT _id, _data, format, date_modified FROM files WHERE (_data=?)
09-09 22:16:03.853  5114  5263 D DeploymentUnits: SYSTEM App/UPDATED SYSTEM App - 
09-09 22:16:03.854  4432  4535 D SQLiteCursor: received count(*) from native_fill_window: 1
09-09 22:16:03.854  5114  5263 D DeploymentUnits: SYSTEM App/UPDATED SYSTEM App - 
09-09 22:16:03.855  4432  4535 D SQLiteQueryBuilder: Performing query: SELECT _id, _data, format, date_modified FROM files WHERE (_data=?)
09-09 22:16:03.856  5114  5263 D DeploymentUnits: SYSTEM App/UPDATED SYSTEM App - 
09-09 22:16:03.856  4432  4535 D SQLiteCursor: received count(*) from native_fill_window: 1
09-09 22:16:03.856  5270  5270 D cr_RecommendationsService: [RecommendationsService.java:83] Starting RecommendationsService...
09-09 22:16:03.857  4432  4535 D SQLiteQueryBuilder: Performing query: SELECT _id, _data, format, date_modified FROM files WHERE (_data=?)
09-09 22:16:03.858  4432  4535 D SQLiteCursor: received count(*) from native_fill_window: 1
09-09 22:16:03.858  5114  5263 D DeploymentUnits: SYSTEM App/UPDATED SYSTEM App - 
09-09 22:16:03.858  4432  4535 D SQLiteQueryBuilder: Performing query: SELECT _id, _data, format, date_modified FROM files WHERE (_data=?)
09-09 22:16:03.859  5114  5263 D DeploymentUnits: SYSTEM App/UPDATED SYSTEM App - 
09-09 22:16:03.860  4432  4535 D SQLiteCursor: received count(*) from native_fill_window: 1
09-09 22:16:03.861  4432  4535 D SQLiteQueryBuilder: Performing query: SELECT _id, _data, format, date_modified FROM files WHERE (_data=?)
09-09 22:16:03.862  5114  5263 D DeploymentUnits: SYSTEM App/UPDATED SYSTEM App - 
09-09 22:16:03.862  4432  4535 D SQLiteCursor: received count(*) from native_fill_window: 1
09-09 22:16:03.862  4432  4535 D SQLiteQueryBuilder: Performing query: SELECT _id, _data, format, date_modified FROM files WHERE (_data=?)
09-09 22:16:03.864  4432  4535 D SQLiteCursor: received count(*) from native_fill_window: 1
09-09 22:16:03.865  4432  4535 D SQLiteQueryBuilder: Performing query: SELECT _id, _data, format, date_modified FROM files WHERE (_data=?)
09-09 22:16:03.867  4432  4535 D SQLiteCursor: received count(*) from native_fill_window: 1
09-09 22:16:03.867  4432  4535 D SQLiteQueryBuilder: Performing query: SELECT _id, _data, format, date_modified FROM files WHERE (_data=?)
09-09 22:16:03.869  4432  4535 D SQLiteCursor: received count(*) from native_fill_window: 1
09-09 22:16:03.869  5114  5263 D DeploymentUnits: SYSTEM App/UPDATED SYSTEM App - 
09-09 22:16:03.869  4432  4535 D SQLiteQueryBuilder: Performing query: SELECT _id, _data, format, date_modified FROM files WHERE (_data=?)
09-09 22:16:03.870  5114  5263 D DeploymentUnits: SYSTEM App/UPDATED SYSTEM App - 
09-09 22:16:03.870  5114  5263 D DeploymentUnits: SYSTEM App/UPDATED SYSTEM App - 
09-09 22:16:03.870  4432  4535 D SQLiteCursor: received count(*) from native_fill_window: 1
09-09 22:16:03.870  3719  3811 W ActivityManager: Background start not allowed: service Intent { flg=0x4 cmp=com.google.android.play.games/com.google.android.gms.games.pano.recommendation.GamesRecommendationsService (has extras) } to com.google.android.play.games/com.google.android.gms.games.pano.recommendation.GamesRecommendationsService from pid=-1 uid=10052 pkg=com.google.android.play.games
09-09 22:16:03.871  4432  4535 D SQLiteQueryBuilder: Performing query: SELECT _id, _data, format, date_modified FROM files WHERE (_data=?)
09-09 22:16:03.871  5114  5263 D DeploymentUnits: SYSTEM App/UPDATED SYSTEM App - 
09-09 22:16:03.871  5114  5263 D DeploymentUnits: SYSTEM App/UPDATED SYSTEM App - 
09-09 22:16:03.872  4432  4535 D SQLiteCursor: received count(*) from native_fill_window: 1
09-09 22:16:03.872  5114  5263 D SQLiteQueryBuilder: Performing query: SELECT _id, paramname, paramvalue, iswritable, notificationmode FROM tr069table WHERE (paramname='Device.SoftwareModules.DeploymentUnitNumberOfEntries')
09-09 22:16:03.872  5270  5270 D cr_CastBrowserHelper: [CastBrowserHelper.java:40] Performing one-time browser initialization
09-09 22:16:03.872  4432  4535 D SQLiteQueryBuilder: Performing query: SELECT _id, _data, format, date_modified FROM files WHERE (_data=?)
09-09 22:16:03.874  5114  5263 D SQLiteCursor: received count(*) from native_fill_window: 1
09-09 22:16:03.874  4432  4535 D SQLiteCursor: received count(*) from native_fill_window: 1
09-09 22:16:03.874  5114  5263 E DeploymentUnits: CheckAndDeletePreviousEntries, previousDeploymentCount:10, currentDeploymentCount:10
09-09 22:16:03.874  4432  4535 D SQLiteQueryBuilder: Performing query: SELECT _id, _data, format, date_modified FROM files WHERE (_data=?)
09-09 22:16:03.876  4628  5316 D EpgDataCleanupService: Received intent: Intent { act=com.android.providers.tv.intent.CLEAN_UP_EPG_DATA flg=0x4 cmp=com.android.providers.tv/.EpgDataCleanupService (has extras) }
09-09 22:16:03.878  4432  4535 D SQLiteCursor: received count(*) from native_fill_window: 1
09-09 22:16:03.879  4432  4535 D SQLiteQueryBuilder: Performing query: SELECT _id, _data, format, date_modified FROM files WHERE (_data=?)
09-09 22:16:03.880  4432  4535 D SQLiteCursor: received count(*) from native_fill_window: 1
09-09 22:16:03.881  4432  4535 D SQLiteQueryBuilder: Performing query: SELECT _id, _data, format, date_modified FROM files WHERE (_data=?)
09-09 22:16:03.882  4432  4535 D SQLiteCursor: received count(*) from native_fill_window: 1
09-09 22:16:03.883  4432  4535 D SQLiteQueryBuilder: Performing query: SELECT _id, _data, format, date_modified FROM files WHERE (_data=?)
09-09 22:16:03.884  4432  4535 D SQLiteCursor: received count(*) from native_fill_window: 1
09-09 22:16:03.885  4432  4535 D SQLiteQueryBuilder: Performing query: SELECT _id, _data, format, date_modified FROM files WHERE (_data=?)
09-09 22:16:03.885  4628  5316 D SQLiteQueryBuilder: Performing query: SELECT watch_start_time_utc_millis FROM watched_programs WHERE (consolidated=?) ORDER BY watch_start_time_utc_millis
09-09 22:16:03.886  4432  4535 D SQLiteCursor: received count(*) from native_fill_window: 1
09-09 22:16:03.886  4432  4535 D SQLiteQueryBuilder: Performing query: SELECT _id, _data, format, date_modified FROM files WHERE (_data=?)
09-09 22:16:03.887  4432  4535 D SQLiteCursor: received count(*) from native_fill_window: 1
09-09 22:16:03.887  4432  4535 D SQLiteQueryBuilder: Performing query: SELECT _id, _data, format, date_modified FROM files WHERE (_data=?)
09-09 22:16:03.888  4628  5316 D SQLiteCursor: received count(*) from native_fill_window: 0
09-09 22:16:03.888  4432  4535 D SQLiteCursor: received count(*) from native_fill_window: 1
09-09 22:16:03.889  4432  4535 D SQLiteQueryBuilder: Performing query: SELECT _id, _data, format, date_modified FROM files WHERE (_data=?)
09-09 22:16:03.890  4432  4535 D SQLiteCursor: received count(*) from native_fill_window: 1
09-09 22:16:03.891  4432  4535 D SQLiteQueryBuilder: Performing query: SELECT _id, _data, format, date_modified FROM files WHERE (_data=?)
09-09 22:16:03.892  4432  4535 D SQLiteCursor: received count(*) from native_fill_window: 1
09-09 22:16:03.892  4432  4535 D SQLiteQueryBuilder: Performing query: SELECT _id, _data, format, date_modified FROM files WHERE (_data=?)
09-09 22:16:03.893  4432  4535 D SQLiteCursor: received count(*) from native_fill_window: 1
09-09 22:16:03.894  4432  4535 D SQLiteQueryBuilder: Performing query: SELECT _id, _data, format, date_modified FROM files WHERE (_data=?)
09-09 22:16:03.895  4432  4535 D SQLiteCursor: received count(*) from native_fill_window: 1
09-09 22:16:03.895  4432  4535 D SQLiteQueryBuilder: Performing query: SELECT _id, _data, format, date_modified FROM files WHERE (_data=?)
09-09 22:16:03.896  4432  4535 D SQLiteCursor: received count(*) from native_fill_window: 1
09-09 22:16:03.896  4432  4535 D SQLiteQueryBuilder: Performing query: SELECT _id, _data, format, date_modified FROM files WHERE (_data=?)
09-09 22:16:03.898  4432  4535 D SQLiteCursor: received count(*) from native_fill_window: 1
09-09 22:16:03.898  4432  4535 D SQLiteQueryBuilder: Performing query: SELECT _id, _data, format, date_modified FROM files WHERE (_data=?)
09-09 22:16:03.899  4432  4535 D SQLiteCursor: received count(*) from native_fill_window: 1
09-09 22:16:03.900  4432  4535 D SQLiteQueryBuilder: Performing query: SELECT _id, _data, format, date_modified FROM files WHERE (_data=?)
09-09 22:16:03.906  4432  4535 D SQLiteCursor: received count(*) from native_fill_window: 1
09-09 22:16:03.907  4432  4535 D SQLiteQueryBuilder: Performing query: SELECT _id, _data, format, date_modified FROM files WHERE (_data=?)
09-09 22:16:03.909  4432  4535 D SQLiteCursor: received count(*) from native_fill_window: 1
09-09 22:16:03.909  4432  4535 D SQLiteQueryBuilder: Performing query: SELECT _id, _data, format, date_modified FROM files WHERE (_data=?)
09-09 22:16:03.913  4432  4535 D SQLiteCursor: received count(*) from native_fill_window: 1
09-09 22:16:03.914  4432  4535 D SQLiteQueryBuilder: Performing query: SELECT _id, _data, format, date_modified FROM files WHERE (_data=?)
09-09 22:16:03.915  4432  4535 D SQLiteCursor: received count(*) from native_fill_window: 1
09-09 22:16:03.917  4432  4535 D SQLiteQueryBuilder: Performing query: SELECT _id, _data, format, date_modified FROM files WHERE (_data=?)
09-09 22:16:03.919  4432  4535 D SQLiteCursor: received count(*) from native_fill_window: 1
09-09 22:16:03.919  4432  4535 D SQLiteQueryBuilder: Performing query: SELECT _id, _data, format, date_modified FROM files WHERE (_data=?)
09-09 22:16:03.920  4432  4535 D SQLiteCursor: received count(*) from native_fill_window: 1
09-09 22:16:03.920  4322  5318 W ChimeraUtils: Non Chimera context
09-09 22:16:03.920  4322  5318 W ChimeraUtils: Non Chimera context
09-09 22:16:03.921  4432  4535 D SQLiteQueryBuilder: Performing query: SELECT _id, _data, format, date_modified FROM files WHERE (_data=?)
09-09 22:16:03.922  4432  4535 D SQLiteCursor: received count(*) from native_fill_window: 1
09-09 22:16:03.922  4432  4535 D SQLiteQueryBuilder: Performing query: SELECT _id, _data, format, date_modified FROM files WHERE (_data=?)
09-09 22:16:03.923  4432  4535 D SQLiteCursor: received count(*) from native_fill_window: 1
09-09 22:16:03.924  4432  4535 D SQLiteQueryBuilder: Performing query: SELECT _id, _data, format, date_modified FROM files WHERE (_data=?)
09-09 22:16:03.924  4432  4535 D SQLiteCursor: received count(*) from native_fill_window: 1
09-09 22:16:03.925  4432  4535 D SQLiteQueryBuilder: Performing query: SELECT _id, _data, format, date_modified FROM files WHERE (_data=?)
09-09 22:16:03.926  4432  4535 D SQLiteCursor: received count(*) from native_fill_window: 1
09-09 22:16:03.926  4432  4535 D SQLiteQueryBuilder: Performing query: SELECT _id, _data, format, date_modified FROM files WHERE (_data=?)
